{"op_code":0,"worker_id":"6691ffcc-5e9e-4439-b2d9-6e0a863c3876-124381041276032","study_name":"cp_pred_surprise_L4","directions":[2]}
{"op_code":4,"worker_id":"6691ffcc-5e9e-4439-b2d9-6e0a863c3876-124381041276032","study_id":0,"datetime_start":null,"state":4,"value":null,"values":null,"distributions":{},"params":{},"user_attrs":{},"system_attrs":{"fixed_params":{"RANK_REGRESS":49,"REG_W":85.3185,"USE_RMS_SCALING":true}},"intermediate_values":{}}
{"op_code":6,"worker_id":"6691ffcc-5e9e-4439-b2d9-6e0a863c3876-124381041276032","trial_id":0,"state":0,"values":null,"datetime_start":"2026-04-29T20:43:59.658342"}
{"op_code":5,"worker_id":"6691ffcc-5e9e-4439-b2d9-6e0a863c3876-124381041276032","trial_id":0,"param_name":"RANK_REGRESS","param_value_internal":49.0,"distribution":"{\"name\": \"IntDistribution\", \"attributes\": {\"log\": false, \"step\": 1, \"low\": 5, \"high\": 80}}"}
{"op_code":5,"worker_id":"6691ffcc-5e9e-4439-b2d9-6e0a863c3876-124381041276032","trial_id":0,"param_name":"REG_W","param_value_internal":85.3185,"distribution":"{\"name\": \"FloatDistribution\", \"attributes\": {\"step\": null, \"low\": 1e-05, \"high\": 1000.0, \"log\": true}}"}
{"op_code":5,"worker_id":"6691ffcc-5e9e-4439-b2d9-6e0a863c3876-124381041276032","trial_id":0,"param_name":"USE_RMS_SCALING","param_value_internal":0,"distribution":"{\"name\": \"CategoricalDistribution\", \"attributes\": {\"choices\": [true, false]}}"}
{"op_code":0,"worker_id":"48dd5fc0-a4bd-4b0a-a22d-26aa65f464b4-139184380642432","study_name":"cp_pred_surprise_L4","directions":[2]}
{"op_code":4,"worker_id":"48dd5fc0-a4bd-4b0a-a22d-26aa65f464b4-139184380642432","study_id":0,"datetime_start":"2026-04-29T20:44:02.468206"}
{"op_code":5,"worker_id":"48dd5fc0-a4bd-4b0a-a22d-26aa65f464b4-139184380642432","trial_id":1,"param_name":"RANK_REGRESS","param_value_internal":33.0,"distribution":"{\"name\": \"IntDistribution\", \"attributes\": {\"log\": false, \"step\": 1, \"low\": 5, \"high\": 80}}"}
{"op_code":5,"worker_id":"48dd5fc0-a4bd-4b0a-a22d-26aa65f464b4-139184380642432","trial_id":1,"param_name":"REG_W","param_value_internal":403.3800832600389,"distribution":"{\"name\": \"FloatDistribution\", \"attributes\": {\"step\": null, \"low\": 1e-05, \"high\": 1000.0, \"log\": true}}"}
{"op_code":5,"worker_id":"48dd5fc0-a4bd-4b0a-a22d-26aa65f464b4-139184380642432","trial_id":1,"param_name":"USE_RMS_SCALING","param_value_internal":0,"distribution":"{\"name\": \"CategoricalDistribution\", \"attributes\": {\"choices\": [true, false]}}"}
{"op_code":0,"worker_id":"ba890f56-629f-4739-886f-5c24d9e99bdd-133210776925312","study_name":"cp_pred_surprise_L4","directions":[2]}
{"op_code":4,"worker_id":"ba890f56-629f-4739-886f-5c24d9e99bdd-133210776925312","study_id":0,"datetime_start":"2026-04-29T20:44:03.053638"}
{"op_code":0,"worker_id":"26da94b7-8046-469b-a98e-70fbf524eb97-136303033369728","study_name":"cp_pred_surprise_L4","directions":[2]}
{"op_code":5,"worker_id":"ba890f56-629f-4739-886f-5c24d9e99bdd-133210776925312","trial_id":2,"param_name":"RANK_REGRESS","param_value_internal":33.0,"distribution":"{\"name\": \"IntDistribution\", \"attributes\": {\"log\": false, \"step\": 1, \"low\": 5, \"high\": 80}}"}
{"op_code":5,"worker_id":"ba890f56-629f-4739-886f-5c24d9e99bdd-133210776925312","trial_id":2,"param_name":"REG_W","param_value_internal":403.3800832600389,"distribution":"{\"name\": \"FloatDistribution\", \"attributes\": {\"step\": null, \"low\": 1e-05, \"high\": 1000.0, \"log\": true}}"}
{"op_code":5,"worker_id":"ba890f56-629f-4739-886f-5c24d9e99bdd-133210776925312","trial_id":2,"param_name":"USE_RMS_SCALING","param_value_internal":0,"distribution":"{\"name\": \"CategoricalDistribution\", \"attributes\": {\"choices\": [true, false]}}"}
{"op_code":4,"worker_id":"26da94b7-8046-469b-a98e-70fbf524eb97-136303033369728","study_id":0,"datetime_start":"2026-04-29T20:44:03.201484"}
{"op_code":5,"worker_id":"26da94b7-8046-469b-a98e-70fbf524eb97-136303033369728","trial_id":3,"param_name":"RANK_REGRESS","param_value_internal":33.0,"distribution":"{\"name\": \"IntDistribution\", \"attributes\": {\"log\": false, \"step\": 1, \"low\": 5, \"high\": 80}}"}
{"op_code":5,"worker_id":"26da94b7-8046-469b-a98e-70fbf524eb97-136303033369728","trial_id":3,"param_name":"REG_W","param_value_internal":403.3800832600389,"distribution":"{\"name\": \"FloatDistribution\", \"attributes\": {\"step\": null, \"low\": 1e-05, \"high\": 1000.0, \"log\": true}}"}
{"op_code":5,"worker_id":"26da94b7-8046-469b-a98e-70fbf524eb97-136303033369728","trial_id":3,"param_name":"USE_RMS_SCALING","param_value_internal":0,"distribution":"{\"name\": \"CategoricalDistribution\", \"attributes\": {\"choices\": [true, false]}}"}
{"op_code":0,"worker_id":"109dbd71-f7f8-4b18-ae63-694839466950-130454025004160","study_name":"cp_pred_surprise_L4","directions":[2]}
{"op_code":4,"worker_id":"109dbd71-f7f8-4b18-ae63-694839466950-130454025004160","study_id":0,"datetime_start":"2026-04-29T20:44:03.793897"}
{"op_code":5,"worker_id":"109dbd71-f7f8-4b18-ae63-694839466950-130454025004160","trial_id":4,"param_name":"RANK_REGRESS","param_value_internal":33.0,"distribution":"{\"name\": \"IntDistribution\", \"attributes\": {\"log\": false, \"step\": 1, \"low\": 5, \"high\": 80}}"}
{"op_code":5,"worker_id":"109dbd71-f7f8-4b18-ae63-694839466950-130454025004160","trial_id":4,"param_name":"REG_W","param_value_internal":403.3800832600389,"distribution":"{\"name\": \"FloatDistribution\", \"attributes\": {\"step\": null, \"low\": 1e-05, \"high\": 1000.0, \"log\": true}}"}
{"op_code":5,"worker_id":"109dbd71-f7f8-4b18-ae63-694839466950-130454025004160","trial_id":4,"param_name":"USE_RMS_SCALING","param_value_internal":0,"distribution":"{\"name\": \"CategoricalDistribution\", \"attributes\": {\"choices\": [true, false]}}"}
{"op_code":0,"worker_id":"f2234465-4cdd-4849-9345-bd379ccc2a3f-138825856566400","study_name":"cp_pred_surprise_L4","directions":[2]}
{"op_code":4,"worker_id":"f2234465-4cdd-4849-9345-bd379ccc2a3f-138825856566400","study_id":0,"datetime_start":"2026-04-29T20:44:04.298597"}
{"op_code":5,"worker_id":"f2234465-4cdd-4849-9345-bd379ccc2a3f-138825856566400","trial_id":5,"param_name":"RANK_REGRESS","param_value_internal":33.0,"distribution":"{\"name\": \"IntDistribution\", \"attributes\": {\"log\": false, \"step\": 1, \"low\": 5, \"high\": 80}}"}
{"op_code":0,"worker_id":"66e4ea2e-0f16-45e5-9692-bc7642df6030-123689170199680","study_name":"cp_pred_surprise_L4","directions":[2]}
{"op_code":5,"worker_id":"f2234465-4cdd-4849-9345-bd379ccc2a3f-138825856566400","trial_id":5,"param_name":"REG_W","param_value_internal":403.3800832600389,"distribution":"{\"name\": \"FloatDistribution\", \"attributes\": {\"step\": null, \"low\": 1e-05, \"high\": 1000.0, \"log\": true}}"}
{"op_code":5,"worker_id":"f2234465-4cdd-4849-9345-bd379ccc2a3f-138825856566400","trial_id":5,"param_name":"USE_RMS_SCALING","param_value_internal":0,"distribution":"{\"name\": \"CategoricalDistribution\", \"attributes\": {\"choices\": [true, false]}}"}
{"op_code":4,"worker_id":"66e4ea2e-0f16-45e5-9692-bc7642df6030-123689170199680","study_id":0,"datetime_start":"2026-04-29T20:44:04.476583"}
{"op_code":5,"worker_id":"66e4ea2e-0f16-45e5-9692-bc7642df6030-123689170199680","trial_id":6,"param_name":"RANK_REGRESS","param_value_internal":33.0,"distribution":"{\"name\": \"IntDistribution\", \"attributes\": {\"log\": false, \"step\": 1, \"low\": 5, \"high\": 80}}"}
{"op_code":5,"worker_id":"66e4ea2e-0f16-45e5-9692-bc7642df6030-123689170199680","trial_id":6,"param_name":"REG_W","param_value_internal":403.3800832600389,"distribution":"{\"name\": \"FloatDistribution\", \"attributes\": {\"step\": null, \"low\": 1e-05, \"high\": 1000.0, \"log\": true}}"}
{"op_code":5,"worker_id":"66e4ea2e-0f16-45e5-9692-bc7642df6030-123689170199680","trial_id":6,"param_name":"USE_RMS_SCALING","param_value_internal":0,"distribution":"{\"name\": \"CategoricalDistribution\", \"attributes\": {\"choices\": [true, false]}}"}
{"op_code":0,"worker_id":"aafda777-e633-4063-94cd-d6046e38ed0c-139708363633792","study_name":"cp_pred_surprise_L4","directions":[2]}
{"op_code":4,"worker_id":"aafda777-e633-4063-94cd-d6046e38ed0c-139708363633792","study_id":0,"datetime_start":"2026-04-29T20:44:04.896081"}
{"op_code":5,"worker_id":"aafda777-e633-4063-94cd-d6046e38ed0c-139708363633792","trial_id":7,"param_name":"RANK_REGRESS","param_value_internal":33.0,"distribution":"{\"name\": \"IntDistribution\", \"attributes\": {\"log\": false, \"step\": 1, \"low\": 5, \"high\": 80}}"}
{"op_code":5,"worker_id":"aafda777-e633-4063-94cd-d6046e38ed0c-139708363633792","trial_id":7,"param_name":"REG_W","param_value_internal":403.3800832600389,"distribution":"{\"name\": \"FloatDistribution\", \"attributes\": {\"step\": null, \"low\": 1e-05, \"high\": 1000.0, \"log\": true}}"}
{"op_code":5,"worker_id":"aafda777-e633-4063-94cd-d6046e38ed0c-139708363633792","trial_id":7,"param_name":"USE_RMS_SCALING","param_value_internal":0,"distribution":"{\"name\": \"CategoricalDistribution\", \"attributes\": {\"choices\": [true, false]}}"}
{"op_code":0,"worker_id":"49de6685-bc91-4063-a5b3-8fa5feb0ffba-136118102910080","study_name":"cp_pred_surprise_L4","directions":[2]}
{"op_code":4,"worker_id":"49de6685-bc91-4063-a5b3-8fa5feb0ffba-136118102910080","study_id":0,"datetime_start":"2026-04-29T20:44:05.832145"}
{"op_code":0,"worker_id":"339d9e6d-27ba-4623-88c1-96e6deca3c6b-125715802592384","study_name":"cp_pred_surprise_L4","directions":[2]}
{"op_code":5,"worker_id":"49de6685-bc91-4063-a5b3-8fa5feb0ffba-136118102910080","trial_id":8,"param_name":"RANK_REGRESS","param_value_internal":33.0,"distribution":"{\"name\": \"IntDistribution\", \"attributes\": {\"log\": false, \"step\": 1, \"low\": 5, \"high\": 80}}"}
{"op_code":5,"worker_id":"49de6685-bc91-4063-a5b3-8fa5feb0ffba-136118102910080","trial_id":8,"param_name":"REG_W","param_value_internal":403.3800832600389,"distribution":"{\"name\": \"FloatDistribution\", \"attributes\": {\"step\": null, \"low\": 1e-05, \"high\": 1000.0, \"log\": true}}"}
{"op_code":5,"worker_id":"49de6685-bc91-4063-a5b3-8fa5feb0ffba-136118102910080","trial_id":8,"param_name":"USE_RMS_SCALING","param_value_internal":0,"distribution":"{\"name\": \"CategoricalDistribution\", \"attributes\": {\"choices\": [true, false]}}"}
{"op_code":4,"worker_id":"339d9e6d-27ba-4623-88c1-96e6deca3c6b-125715802592384","study_id":0,"datetime_start":"2026-04-29T20:44:05.988677"}
{"op_code":5,"worker_id":"339d9e6d-27ba-4623-88c1-96e6deca3c6b-125715802592384","trial_id":9,"param_name":"RANK_REGRESS","param_value_internal":33.0,"distribution":"{\"name\": \"IntDistribution\", \"attributes\": {\"log\": false, \"step\": 1, \"low\": 5, \"high\": 80}}"}
{"op_code":5,"worker_id":"339d9e6d-27ba-4623-88c1-96e6deca3c6b-125715802592384","trial_id":9,"param_name":"REG_W","param_value_internal":403.3800832600389,"distribution":"{\"name\": \"FloatDistribution\", \"attributes\": {\"step\": null, \"low\": 1e-05, \"high\": 1000.0, \"log\": true}}"}
{"op_code":5,"worker_id":"339d9e6d-27ba-4623-88c1-96e6deca3c6b-125715802592384","trial_id":9,"param_name":"USE_RMS_SCALING","param_value_internal":0,"distribution":"{\"name\": \"CategoricalDistribution\", \"attributes\": {\"choices\": [true, false]}}"}
{"op_code":0,"worker_id":"36928153-6cd5-417e-b45f-c4f76c33a195-133777368888448","study_name":"cp_pred_surprise_L4","directions":[2]}
{"op_code":4,"worker_id":"36928153-6cd5-417e-b45f-c4f76c33a195-133777368888448","study_id":0,"datetime_start":"2026-04-29T20:48:25.088136"}
{"op_code":5,"worker_id":"36928153-6cd5-417e-b45f-c4f76c33a195-133777368888448","trial_id":10,"param_name":"RANK_REGRESS","param_value_internal":33.0,"distribution":"{\"name\": \"IntDistribution\", \"attributes\": {\"log\": false, \"step\": 1, \"low\": 5, \"high\": 80}}"}
{"op_code":5,"worker_id":"36928153-6cd5-417e-b45f-c4f76c33a195-133777368888448","trial_id":10,"param_name":"REG_W","param_value_internal":403.3800832600389,"distribution":"{\"name\": \"FloatDistribution\", \"attributes\": {\"step\": null, \"low\": 1e-05, \"high\": 1000.0, \"log\": true}}"}
{"op_code":5,"worker_id":"36928153-6cd5-417e-b45f-c4f76c33a195-133777368888448","trial_id":10,"param_name":"USE_RMS_SCALING","param_value_internal":0,"distribution":"{\"name\": \"CategoricalDistribution\", \"attributes\": {\"choices\": [true, false]}}"}
{"op_code":0,"worker_id":"fadf0979-d401-4774-bee6-0412fe924dd3-124662971815040","study_name":"cp_pred_surprise_L4","directions":[2]}
{"op_code":4,"worker_id":"fadf0979-d401-4774-bee6-0412fe924dd3-124662971815040","study_id":0,"datetime_start":"2026-04-29T20:48:26.677046"}
{"op_code":5,"worker_id":"fadf0979-d401-4774-bee6-0412fe924dd3-124662971815040","trial_id":11,"param_name":"RANK_REGRESS","param_value_internal":33.0,"distribution":"{\"name\": \"IntDistribution\", \"attributes\": {\"log\": false, \"step\": 1, \"low\": 5, \"high\": 80}}"}
{"op_code":5,"worker_id":"fadf0979-d401-4774-bee6-0412fe924dd3-124662971815040","trial_id":11,"param_name":"REG_W","param_value_internal":403.3800832600389,"distribution":"{\"name\": \"FloatDistribution\", \"attributes\": {\"step\": null, \"low\": 1e-05, \"high\": 1000.0, \"log\": true}}"}
{"op_code":0,"worker_id":"77b087d1-94ac-45c3-bd62-312cd48d7488-131201556087936","study_name":"cp_pred_surprise_L4","directions":[2]}
{"op_code":5,"worker_id":"fadf0979-d401-4774-bee6-0412fe924dd3-124662971815040","trial_id":11,"param_name":"USE_RMS_SCALING","param_value_internal":0,"distribution":"{\"name\": \"CategoricalDistribution\", \"attributes\": {\"choices\": [true, false]}}"}
{"op_code":4,"worker_id":"77b087d1-94ac-45c3-bd62-312cd48d7488-131201556087936","study_id":0,"datetime_start":"2026-04-29T20:48:26.801218"}
{"op_code":5,"worker_id":"77b087d1-94ac-45c3-bd62-312cd48d7488-131201556087936","trial_id":12,"param_name":"RANK_REGRESS","param_value_internal":33.0,"distribution":"{\"name\": \"IntDistribution\", \"attributes\": {\"log\": false, \"step\": 1, \"low\": 5, \"high\": 80}}"}
{"op_code":5,"worker_id":"77b087d1-94ac-45c3-bd62-312cd48d7488-131201556087936","trial_id":12,"param_name":"REG_W","param_value_internal":403.3800832600389,"distribution":"{\"name\": \"FloatDistribution\", \"attributes\": {\"step\": null, \"low\": 1e-05, \"high\": 1000.0, \"log\": true}}"}
{"op_code":5,"worker_id":"77b087d1-94ac-45c3-bd62-312cd48d7488-131201556087936","trial_id":12,"param_name":"USE_RMS_SCALING","param_value_internal":0,"distribution":"{\"name\": \"CategoricalDistribution\", \"attributes\": {\"choices\": [true, false]}}"}
{"op_code":0,"worker_id":"efda43ec-7251-4078-8a7e-7640f85f180f-136469115573376","study_name":"cp_pred_surprise_L4","directions":[2]}
{"op_code":4,"worker_id":"efda43ec-7251-4078-8a7e-7640f85f180f-136469115573376","study_id":0,"datetime_start":"2026-04-29T20:48:27.201879"}
{"op_code":5,"worker_id":"efda43ec-7251-4078-8a7e-7640f85f180f-136469115573376","trial_id":13,"param_name":"RANK_REGRESS","param_value_internal":33.0,"distribution":"{\"name\": \"IntDistribution\", \"attributes\": {\"log\": false, \"step\": 1, \"low\": 5, \"high\": 80}}"}
{"op_code":5,"worker_id":"efda43ec-7251-4078-8a7e-7640f85f180f-136469115573376","trial_id":13,"param_name":"REG_W","param_value_internal":403.3800832600389,"distribution":"{\"name\": \"FloatDistribution\", \"attributes\": {\"step\": null, \"low\": 1e-05, \"high\": 1000.0, \"log\": true}}"}
{"op_code":5,"worker_id":"efda43ec-7251-4078-8a7e-7640f85f180f-136469115573376","trial_id":13,"param_name":"USE_RMS_SCALING","param_value_internal":0,"distribution":"{\"name\": \"CategoricalDistribution\", \"attributes\": {\"choices\": [true, false]}}"}
{"op_code":0,"worker_id":"b2ba3999-4a1e-40ad-acde-29347621a3cd-137137951761536","study_name":"cp_pred_surprise_L4","directions":[2]}
{"op_code":4,"worker_id":"b2ba3999-4a1e-40ad-acde-29347621a3cd-137137951761536","study_id":0,"datetime_start":"2026-04-29T20:48:27.610585"}
{"op_code":5,"worker_id":"b2ba3999-4a1e-40ad-acde-29347621a3cd-137137951761536","trial_id":14,"param_name":"RANK_REGRESS","param_value_internal":33.0,"distribution":"{\"name\": \"IntDistribution\", \"attributes\": {\"log\": false, \"step\": 1, \"low\": 5, \"high\": 80}}"}
{"op_code":5,"worker_id":"b2ba3999-4a1e-40ad-acde-29347621a3cd-137137951761536","trial_id":14,"param_name":"REG_W","param_value_internal":403.3800832600389,"distribution":"{\"name\": \"FloatDistribution\", \"attributes\": {\"step\": null, \"low\": 1e-05, \"high\": 1000.0, \"log\": true}}"}
{"op_code":0,"worker_id":"20873834-92e6-4882-b6cc-98d81001beaf-131196621976704","study_name":"cp_pred_surprise_L4","directions":[2]}
{"op_code":5,"worker_id":"b2ba3999-4a1e-40ad-acde-29347621a3cd-137137951761536","trial_id":14,"param_name":"USE_RMS_SCALING","param_value_internal":0,"distribution":"{\"name\": \"CategoricalDistribution\", \"attributes\": {\"choices\": [true, false]}}"}
{"op_code":4,"worker_id":"20873834-92e6-4882-b6cc-98d81001beaf-131196621976704","study_id":0,"datetime_start":"2026-04-29T20:48:27.729382"}
{"op_code":5,"worker_id":"20873834-92e6-4882-b6cc-98d81001beaf-131196621976704","trial_id":15,"param_name":"RANK_REGRESS","param_value_internal":33.0,"distribution":"{\"name\": \"IntDistribution\", \"attributes\": {\"log\": false, \"step\": 1, \"low\": 5, \"high\": 80}}"}
{"op_code":5,"worker_id":"20873834-92e6-4882-b6cc-98d81001beaf-131196621976704","trial_id":15,"param_name":"REG_W","param_value_internal":403.3800832600389,"distribution":"{\"name\": \"FloatDistribution\", \"attributes\": {\"step\": null, \"low\": 1e-05, \"high\": 1000.0, \"log\": true}}"}
{"op_code":5,"worker_id":"20873834-92e6-4882-b6cc-98d81001beaf-131196621976704","trial_id":15,"param_name":"USE_RMS_SCALING","param_value_internal":0,"distribution":"{\"name\": \"CategoricalDistribution\", \"attributes\": {\"choices\": [true, false]}}"}
{"op_code":0,"worker_id":"c469edef-dae9-4444-a448-71b54f72abc4-137926777517184","study_name":"cp_pred_surprise_L4","directions":[2]}
{"op_code":4,"worker_id":"c469edef-dae9-4444-a448-71b54f72abc4-137926777517184","study_id":0,"datetime_start":"2026-04-29T20:48:28.318051"}
{"op_code":5,"worker_id":"c469edef-dae9-4444-a448-71b54f72abc4-137926777517184","trial_id":16,"param_name":"RANK_REGRESS","param_value_internal":33.0,"distribution":"{\"name\": \"IntDistribution\", \"attributes\": {\"log\": false, \"step\": 1, \"low\": 5, \"high\": 80}}"}
{"op_code":5,"worker_id":"c469edef-dae9-4444-a448-71b54f72abc4-137926777517184","trial_id":16,"param_name":"REG_W","param_value_internal":403.3800832600389,"distribution":"{\"name\": \"FloatDistribution\", \"attributes\": {\"step\": null, \"low\": 1e-05, \"high\": 1000.0, \"log\": true}}"}
{"op_code":5,"worker_id":"c469edef-dae9-4444-a448-71b54f72abc4-137926777517184","trial_id":16,"param_name":"USE_RMS_SCALING","param_value_internal":0,"distribution":"{\"name\": \"CategoricalDistribution\", \"attributes\": {\"choices\": [true, false]}}"}
{"op_code":0,"worker_id":"8a34df03-f8ce-48a2-a1b6-d57c2767a4ab-131290256577664","study_name":"cp_pred_surprise_L4","directions":[2]}
{"op_code":4,"worker_id":"8a34df03-f8ce-48a2-a1b6-d57c2767a4ab-131290256577664","study_id":0,"datetime_start":"2026-04-29T20:48:28.446623"}
{"op_code":5,"worker_id":"8a34df03-f8ce-48a2-a1b6-d57c2767a4ab-131290256577664","trial_id":17,"param_name":"RANK_REGRESS","param_value_internal":33.0,"distribution":"{\"name\": \"IntDistribution\", \"attributes\": {\"log\": false, \"step\": 1, \"low\": 5, \"high\": 80}}"}
{"op_code":5,"worker_id":"8a34df03-f8ce-48a2-a1b6-d57c2767a4ab-131290256577664","trial_id":17,"param_name":"REG_W","param_value_internal":403.3800832600389,"distribution":"{\"name\": \"FloatDistribution\", \"attributes\": {\"step\": null, \"low\": 1e-05, \"high\": 1000.0, \"log\": true}}"}
{"op_code":5,"worker_id":"8a34df03-f8ce-48a2-a1b6-d57c2767a4ab-131290256577664","trial_id":17,"param_name":"USE_RMS_SCALING","param_value_internal":0,"distribution":"{\"name\": \"CategoricalDistribution\", \"attributes\": {\"choices\": [true, false]}}"}
{"op_code":0,"worker_id":"b7936185-3ba1-4284-817b-c1f8b9eeb955-128513342702720","study_name":"cp_pred_surprise_L4","directions":[2]}
{"op_code":4,"worker_id":"b7936185-3ba1-4284-817b-c1f8b9eeb955-128513342702720","study_id":0,"datetime_start":"2026-04-29T20:48:28.799057"}
{"op_code":5,"worker_id":"b7936185-3ba1-4284-817b-c1f8b9eeb955-128513342702720","trial_id":18,"param_name":"RANK_REGRESS","param_value_internal":33.0,"distribution":"{\"name\": \"IntDistribution\", \"attributes\": {\"log\": false, \"step\": 1, \"low\": 5, \"high\": 80}}"}
{"op_code":5,"worker_id":"b7936185-3ba1-4284-817b-c1f8b9eeb955-128513342702720","trial_id":18,"param_name":"REG_W","param_value_internal":403.3800832600389,"distribution":"{\"name\": \"FloatDistribution\", \"attributes\": {\"step\": null, \"low\": 1e-05, \"high\": 1000.0, \"log\": true}}"}
{"op_code":5,"worker_id":"b7936185-3ba1-4284-817b-c1f8b9eeb955-128513342702720","trial_id":18,"param_name":"USE_RMS_SCALING","param_value_internal":0,"distribution":"{\"name\": \"CategoricalDistribution\", \"attributes\": {\"choices\": [true, false]}}"}
{"op_code":0,"worker_id":"a0c49e29-828a-4588-9ff1-7aa871f2272c-123510966576256","study_name":"cp_pred_surprise_L4","directions":[2]}
{"op_code":4,"worker_id":"a0c49e29-828a-4588-9ff1-7aa871f2272c-123510966576256","study_id":0,"datetime_start":"2026-04-29T20:48:29.308315"}
{"op_code":5,"worker_id":"a0c49e29-828a-4588-9ff1-7aa871f2272c-123510966576256","trial_id":19,"param_name":"RANK_REGRESS","param_value_internal":33.0,"distribution":"{\"name\": \"IntDistribution\", \"attributes\": {\"log\": false, \"step\": 1, \"low\": 5, \"high\": 80}}"}
{"op_code":5,"worker_id":"a0c49e29-828a-4588-9ff1-7aa871f2272c-123510966576256","trial_id":19,"param_name":"REG_W","param_value_internal":403.3800832600389,"distribution":"{\"name\": \"FloatDistribution\", \"attributes\": {\"step\": null, \"low\": 1e-05, \"high\": 1000.0, \"log\": true}}"}
{"op_code":5,"worker_id":"a0c49e29-828a-4588-9ff1-7aa871f2272c-123510966576256","trial_id":19,"param_name":"USE_RMS_SCALING","param_value_internal":0,"distribution":"{\"name\": \"CategoricalDistribution\", \"attributes\": {\"choices\": [true, false]}}"}
{"op_code":0,"worker_id":"08a2645a-9d2d-4c3f-a3c4-edee57ea9920-125546275763328","study_name":"cp_pred_surprise_L4","directions":[2]}
{"op_code":4,"worker_id":"08a2645a-9d2d-4c3f-a3c4-edee57ea9920-125546275763328","study_id":0,"datetime_start":"2026-04-29T20:48:33.741521"}
{"op_code":5,"worker_id":"08a2645a-9d2d-4c3f-a3c4-edee57ea9920-125546275763328","trial_id":20,"param_name":"RANK_REGRESS","param_value_internal":33.0,"distribution":"{\"name\": \"IntDistribution\", \"attributes\": {\"log\": false, \"step\": 1, \"low\": 5, \"high\": 80}}"}
{"op_code":5,"worker_id":"08a2645a-9d2d-4c3f-a3c4-edee57ea9920-125546275763328","trial_id":20,"param_name":"REG_W","param_value_internal":403.3800832600389,"distribution":"{\"name\": \"FloatDistribution\", \"attributes\": {\"step\": null, \"low\": 1e-05, \"high\": 1000.0, \"log\": true}}"}
{"op_code":5,"worker_id":"08a2645a-9d2d-4c3f-a3c4-edee57ea9920-125546275763328","trial_id":20,"param_name":"USE_RMS_SCALING","param_value_internal":0,"distribution":"{\"name\": \"CategoricalDistribution\", \"attributes\": {\"choices\": [true, false]}}"}
{"op_code":0,"worker_id":"bdbb358a-a880-43e5-9fc1-6a59c9344872-123343206163584","study_name":"cp_pred_surprise_L4","directions":[2]}
{"op_code":4,"worker_id":"bdbb358a-a880-43e5-9fc1-6a59c9344872-123343206163584","study_id":0,"datetime_start":"2026-04-29T20:58:41.179664"}
{"op_code":5,"worker_id":"bdbb358a-a880-43e5-9fc1-6a59c9344872-123343206163584","trial_id":21,"param_name":"RANK_REGRESS","param_value_internal":33.0,"distribution":"{\"name\": \"IntDistribution\", \"attributes\": {\"log\": false, \"step\": 1, \"low\": 5, \"high\": 80}}"}
{"op_code":5,"worker_id":"bdbb358a-a880-43e5-9fc1-6a59c9344872-123343206163584","trial_id":21,"param_name":"REG_W","param_value_internal":403.3800832600389,"distribution":"{\"name\": \"FloatDistribution\", \"attributes\": {\"step\": null, \"low\": 1e-05, \"high\": 1000.0, \"log\": true}}"}
{"op_code":5,"worker_id":"bdbb358a-a880-43e5-9fc1-6a59c9344872-123343206163584","trial_id":21,"param_name":"USE_RMS_SCALING","param_value_internal":0,"distribution":"{\"name\": \"CategoricalDistribution\", \"attributes\": {\"choices\": [true, false]}}"}
{"op_code":0,"worker_id":"d79d72bb-4e79-48d8-8dc1-ba0a802a5775-125465213691008","study_name":"cp_pred_surprise_L4","directions":[2]}
{"op_code":4,"worker_id":"d79d72bb-4e79-48d8-8dc1-ba0a802a5775-125465213691008","study_id":0,"datetime_start":"2026-04-29T20:58:42.940091"}
{"op_code":5,"worker_id":"d79d72bb-4e79-48d8-8dc1-ba0a802a5775-125465213691008","trial_id":22,"param_name":"RANK_REGRESS","param_value_internal":33.0,"distribution":"{\"name\": \"IntDistribution\", \"attributes\": {\"log\": false, \"step\": 1, \"low\": 5, \"high\": 80}}"}
{"op_code":5,"worker_id":"d79d72bb-4e79-48d8-8dc1-ba0a802a5775-125465213691008","trial_id":22,"param_name":"REG_W","param_value_internal":403.3800832600389,"distribution":"{\"name\": \"FloatDistribution\", \"attributes\": {\"step\": null, \"low\": 1e-05, \"high\": 1000.0, \"log\": true}}"}
{"op_code":0,"worker_id":"b28f66e2-aa9e-4d9e-a8f4-f8883a52a5f8-124754540319872","study_name":"cp_pred_surprise_L4","directions":[2]}
{"op_code":5,"worker_id":"d79d72bb-4e79-48d8-8dc1-ba0a802a5775-125465213691008","trial_id":22,"param_name":"USE_RMS_SCALING","param_value_internal":0,"distribution":"{\"name\": \"CategoricalDistribution\", \"attributes\": {\"choices\": [true, false]}}"}
{"op_code":4,"worker_id":"b28f66e2-aa9e-4d9e-a8f4-f8883a52a5f8-124754540319872","study_id":0,"datetime_start":"2026-04-29T20:58:43.060793"}
{"op_code":5,"worker_id":"b28f66e2-aa9e-4d9e-a8f4-f8883a52a5f8-124754540319872","trial_id":23,"param_name":"RANK_REGRESS","param_value_internal":33.0,"distribution":"{\"name\": \"IntDistribution\", \"attributes\": {\"log\": false, \"step\": 1, \"low\": 5, \"high\": 80}}"}
{"op_code":5,"worker_id":"b28f66e2-aa9e-4d9e-a8f4-f8883a52a5f8-124754540319872","trial_id":23,"param_name":"REG_W","param_value_internal":403.3800832600389,"distribution":"{\"name\": \"FloatDistribution\", \"attributes\": {\"step\": null, \"low\": 1e-05, \"high\": 1000.0, \"log\": true}}"}
{"op_code":5,"worker_id":"b28f66e2-aa9e-4d9e-a8f4-f8883a52a5f8-124754540319872","trial_id":23,"param_name":"USE_RMS_SCALING","param_value_internal":0,"distribution":"{\"name\": \"CategoricalDistribution\", \"attributes\": {\"choices\": [true, false]}}"}
{"op_code":0,"worker_id":"9fa503af-47fb-4d59-826d-0a84e3ec1aa0-126364106818688","study_name":"cp_pred_surprise_L4","directions":[2]}
{"op_code":4,"worker_id":"9fa503af-47fb-4d59-826d-0a84e3ec1aa0-126364106818688","study_id":0,"datetime_start":"2026-04-29T20:58:43.709455"}
{"op_code":5,"worker_id":"9fa503af-47fb-4d59-826d-0a84e3ec1aa0-126364106818688","trial_id":24,"param_name":"RANK_REGRESS","param_value_internal":33.0,"distribution":"{\"name\": \"IntDistribution\", \"attributes\": {\"log\": false, \"step\": 1, \"low\": 5, \"high\": 80}}"}
{"op_code":5,"worker_id":"9fa503af-47fb-4d59-826d-0a84e3ec1aa0-126364106818688","trial_id":24,"param_name":"REG_W","param_value_internal":403.3800832600389,"distribution":"{\"name\": \"FloatDistribution\", \"attributes\": {\"step\": null, \"low\": 1e-05, \"high\": 1000.0, \"log\": true}}"}
{"op_code":5,"worker_id":"9fa503af-47fb-4d59-826d-0a84e3ec1aa0-126364106818688","trial_id":24,"param_name":"USE_RMS_SCALING","param_value_internal":0,"distribution":"{\"name\": \"CategoricalDistribution\", \"attributes\": {\"choices\": [true, false]}}"}
{"op_code":0,"worker_id":"9ea11b60-f548-4286-bcfb-dd17fadf5020-136926041937024","study_name":"cp_pred_surprise_L4","directions":[2]}
{"op_code":4,"worker_id":"9ea11b60-f548-4286-bcfb-dd17fadf5020-136926041937024","study_id":0,"datetime_start":"2026-04-29T20:58:44.297396"}
{"op_code":5,"worker_id":"9ea11b60-f548-4286-bcfb-dd17fadf5020-136926041937024","trial_id":25,"param_name":"RANK_REGRESS","param_value_internal":33.0,"distribution":"{\"name\": \"IntDistribution\", \"attributes\": {\"log\": false, \"step\": 1, \"low\": 5, \"high\": 80}}"}
{"op_code":5,"worker_id":"9ea11b60-f548-4286-bcfb-dd17fadf5020-136926041937024","trial_id":25,"param_name":"REG_W","param_value_internal":403.3800832600389,"distribution":"{\"name\": \"FloatDistribution\", \"attributes\": {\"step\": null, \"low\": 1e-05, \"high\": 1000.0, \"log\": true}}"}
{"op_code":5,"worker_id":"9ea11b60-f548-4286-bcfb-dd17fadf5020-136926041937024","trial_id":25,"param_name":"USE_RMS_SCALING","param_value_internal":0,"distribution":"{\"name\": \"CategoricalDistribution\", \"attributes\": {\"choices\": [true, false]}}"}
{"op_code":0,"worker_id":"de480f31-d7ce-4001-a222-83f314f073d5-133897017996416","study_name":"cp_pred_surprise_L4","directions":[2]}
{"op_code":4,"worker_id":"de480f31-d7ce-4001-a222-83f314f073d5-133897017996416","study_id":0,"datetime_start":"2026-04-29T20:58:44.694803"}
{"op_code":5,"worker_id":"de480f31-d7ce-4001-a222-83f314f073d5-133897017996416","trial_id":26,"param_name":"RANK_REGRESS","param_value_internal":33.0,"distribution":"{\"name\": \"IntDistribution\", \"attributes\": {\"log\": false, \"step\": 1, \"low\": 5, \"high\": 80}}"}
{"op_code":5,"worker_id":"de480f31-d7ce-4001-a222-83f314f073d5-133897017996416","trial_id":26,"param_name":"REG_W","param_value_internal":403.3800832600389,"distribution":"{\"name\": \"FloatDistribution\", \"attributes\": {\"step\": null, \"low\": 1e-05, \"high\": 1000.0, \"log\": true}}"}
{"op_code":5,"worker_id":"de480f31-d7ce-4001-a222-83f314f073d5-133897017996416","trial_id":26,"param_name":"USE_RMS_SCALING","param_value_internal":0,"distribution":"{\"name\": \"CategoricalDistribution\", \"attributes\": {\"choices\": [true, false]}}"}
{"op_code":0,"worker_id":"25e4ab45-fd7b-4b2e-8584-593781072ed1-134121074050176","study_name":"cp_pred_surprise_L4","directions":[2]}
{"op_code":0,"worker_id":"9e4599f1-f8a8-4a47-8aa9-08ebd1df055b-130863660778624","study_name":"cp_pred_surprise_L4","directions":[2]}
{"op_code":4,"worker_id":"25e4ab45-fd7b-4b2e-8584-593781072ed1-134121074050176","study_id":0,"datetime_start":"2026-04-29T20:58:45.594185"}
{"op_code":5,"worker_id":"25e4ab45-fd7b-4b2e-8584-593781072ed1-134121074050176","trial_id":27,"param_name":"RANK_REGRESS","param_value_internal":33.0,"distribution":"{\"name\": \"IntDistribution\", \"attributes\": {\"log\": false, \"step\": 1, \"low\": 5, \"high\": 80}}"}
{"op_code":4,"worker_id":"9e4599f1-f8a8-4a47-8aa9-08ebd1df055b-130863660778624","study_id":0,"datetime_start":"2026-04-29T20:58:45.634426"}
{"op_code":5,"worker_id":"25e4ab45-fd7b-4b2e-8584-593781072ed1-134121074050176","trial_id":27,"param_name":"REG_W","param_value_internal":403.3800832600389,"distribution":"{\"name\": \"FloatDistribution\", \"attributes\": {\"step\": null, \"low\": 1e-05, \"high\": 1000.0, \"log\": true}}"}
{"op_code":5,"worker_id":"9e4599f1-f8a8-4a47-8aa9-08ebd1df055b-130863660778624","trial_id":28,"param_name":"RANK_REGRESS","param_value_internal":33.0,"distribution":"{\"name\": \"IntDistribution\", \"attributes\": {\"log\": false, \"step\": 1, \"low\": 5, \"high\": 80}}"}
{"op_code":5,"worker_id":"25e4ab45-fd7b-4b2e-8584-593781072ed1-134121074050176","trial_id":27,"param_name":"USE_RMS_SCALING","param_value_internal":0,"distribution":"{\"name\": \"CategoricalDistribution\", \"attributes\": {\"choices\": [true, false]}}"}
{"op_code":5,"worker_id":"9e4599f1-f8a8-4a47-8aa9-08ebd1df055b-130863660778624","trial_id":28,"param_name":"REG_W","param_value_internal":403.3800832600389,"distribution":"{\"name\": \"FloatDistribution\", \"attributes\": {\"step\": null, \"low\": 1e-05, \"high\": 1000.0, \"log\": true}}"}
{"op_code":5,"worker_id":"9e4599f1-f8a8-4a47-8aa9-08ebd1df055b-130863660778624","trial_id":28,"param_name":"USE_RMS_SCALING","param_value_internal":0,"distribution":"{\"name\": \"CategoricalDistribution\", \"attributes\": {\"choices\": [true, false]}}"}
{"op_code":0,"worker_id":"18e4124c-7b4b-4d61-9354-66cbedd0071f-135039698334848","study_name":"cp_pred_surprise_L4","directions":[2]}
{"op_code":4,"worker_id":"18e4124c-7b4b-4d61-9354-66cbedd0071f-135039698334848","study_id":0,"datetime_start":"2026-04-29T20:58:45.898889"}
{"op_code":5,"worker_id":"18e4124c-7b4b-4d61-9354-66cbedd0071f-135039698334848","trial_id":29,"param_name":"RANK_REGRESS","param_value_internal":33.0,"distribution":"{\"name\": \"IntDistribution\", \"attributes\": {\"log\": false, \"step\": 1, \"low\": 5, \"high\": 80}}"}
{"op_code":5,"worker_id":"18e4124c-7b4b-4d61-9354-66cbedd0071f-135039698334848","trial_id":29,"param_name":"REG_W","param_value_internal":403.3800832600389,"distribution":"{\"name\": \"FloatDistribution\", \"attributes\": {\"step\": null, \"low\": 1e-05, \"high\": 1000.0, \"log\": true}}"}
{"op_code":5,"worker_id":"18e4124c-7b4b-4d61-9354-66cbedd0071f-135039698334848","trial_id":29,"param_name":"USE_RMS_SCALING","param_value_internal":0,"distribution":"{\"name\": \"CategoricalDistribution\", \"attributes\": {\"choices\": [true, false]}}"}
{"op_code":0,"worker_id":"fc11ddce-dc87-402d-a51f-196e14b274bc-140220895134848","study_name":"cp_pred_surprise_L4","directions":[2]}
{"op_code":4,"worker_id":"fc11ddce-dc87-402d-a51f-196e14b274bc-140220895134848","study_id":0,"datetime_start":"2026-04-29T20:58:46.130897"}
{"op_code":5,"worker_id":"fc11ddce-dc87-402d-a51f-196e14b274bc-140220895134848","trial_id":30,"param_name":"RANK_REGRESS","param_value_internal":33.0,"distribution":"{\"name\": \"IntDistribution\", \"attributes\": {\"log\": false, \"step\": 1, \"low\": 5, \"high\": 80}}"}
{"op_code":5,"worker_id":"fc11ddce-dc87-402d-a51f-196e14b274bc-140220895134848","trial_id":30,"param_name":"REG_W","param_value_internal":403.3800832600389,"distribution":"{\"name\": \"FloatDistribution\", \"attributes\": {\"step\": null, \"low\": 1e-05, \"high\": 1000.0, \"log\": true}}"}
{"op_code":5,"worker_id":"fc11ddce-dc87-402d-a51f-196e14b274bc-140220895134848","trial_id":30,"param_name":"USE_RMS_SCALING","param_value_internal":0,"distribution":"{\"name\": \"CategoricalDistribution\", \"attributes\": {\"choices\": [true, false]}}"}
{"op_code":0,"worker_id":"1644002c-3d7f-4efe-a754-1e086f86f339-137200049579136","study_name":"cp_pred_surprise_L4","directions":[2]}
{"op_code":4,"worker_id":"1644002c-3d7f-4efe-a754-1e086f86f339-137200049579136","study_id":0,"datetime_start":"2026-04-29T20:58:46.236261"}
{"op_code":5,"worker_id":"1644002c-3d7f-4efe-a754-1e086f86f339-137200049579136","trial_id":31,"param_name":"RANK_REGRESS","param_value_internal":33.0,"distribution":"{\"name\": \"IntDistribution\", \"attributes\": {\"log\": false, \"step\": 1, \"low\": 5, \"high\": 80}}"}
{"op_code":5,"worker_id":"1644002c-3d7f-4efe-a754-1e086f86f339-137200049579136","trial_id":31,"param_name":"REG_W","param_value_internal":403.3800832600389,"distribution":"{\"name\": \"FloatDistribution\", \"attributes\": {\"step\": null, \"low\": 1e-05, \"high\": 1000.0, \"log\": true}}"}
{"op_code":5,"worker_id":"1644002c-3d7f-4efe-a754-1e086f86f339-137200049579136","trial_id":31,"param_name":"USE_RMS_SCALING","param_value_internal":0,"distribution":"{\"name\": \"CategoricalDistribution\", \"attributes\": {\"choices\": [true, false]}}"}
{"op_code":0,"worker_id":"b2839d4b-81d1-487e-aa0f-698528ecadbe-140129421051008","study_name":"cp_pred_surprise_L4","directions":[2]}
{"op_code":0,"worker_id":"a561410d-16c5-43a3-879b-6d89a699fdd5-124802030711936","study_name":"cp_pred_surprise_L4","directions":[2]}
{"op_code":0,"worker_id":"7d561540-887c-49ac-b5d8-e9f23f01443b-133204439815296","study_name":"cp_pred_surprise_L4","directions":[2]}
{"op_code":4,"worker_id":"b2839d4b-81d1-487e-aa0f-698528ecadbe-140129421051008","study_id":0,"datetime_start":"2026-04-29T21:17:44.869427"}
{"op_code":4,"worker_id":"7d561540-887c-49ac-b5d8-e9f23f01443b-133204439815296","study_id":0,"datetime_start":"2026-04-29T21:17:44.884772"}
{"op_code":5,"worker_id":"b2839d4b-81d1-487e-aa0f-698528ecadbe-140129421051008","trial_id":32,"param_name":"RANK_REGRESS","param_value_internal":33.0,"distribution":"{\"name\": \"IntDistribution\", \"attributes\": {\"log\": false, \"step\": 1, \"low\": 5, \"high\": 80}}"}
{"op_code":5,"worker_id":"7d561540-887c-49ac-b5d8-e9f23f01443b-133204439815296","trial_id":33,"param_name":"RANK_REGRESS","param_value_internal":33.0,"distribution":"{\"name\": \"IntDistribution\", \"attributes\": {\"log\": false, \"step\": 1, \"low\": 5, \"high\": 80}}"}
{"op_code":5,"worker_id":"b2839d4b-81d1-487e-aa0f-698528ecadbe-140129421051008","trial_id":32,"param_name":"REG_W","param_value_internal":403.3800832600389,"distribution":"{\"name\": \"FloatDistribution\", \"attributes\": {\"step\": null, \"low\": 1e-05, \"high\": 1000.0, \"log\": true}}"}
{"op_code":5,"worker_id":"7d561540-887c-49ac-b5d8-e9f23f01443b-133204439815296","trial_id":33,"param_name":"REG_W","param_value_internal":403.3800832600389,"distribution":"{\"name\": \"FloatDistribution\", \"attributes\": {\"step\": null, \"low\": 1e-05, \"high\": 1000.0, \"log\": true}}"}
{"op_code":5,"worker_id":"b2839d4b-81d1-487e-aa0f-698528ecadbe-140129421051008","trial_id":32,"param_name":"USE_RMS_SCALING","param_value_internal":0,"distribution":"{\"name\": \"CategoricalDistribution\", \"attributes\": {\"choices\": [true, false]}}"}
{"op_code":5,"worker_id":"7d561540-887c-49ac-b5d8-e9f23f01443b-133204439815296","trial_id":33,"param_name":"USE_RMS_SCALING","param_value_internal":0,"distribution":"{\"name\": \"CategoricalDistribution\", \"attributes\": {\"choices\": [true, false]}}"}
{"op_code":4,"worker_id":"a561410d-16c5-43a3-879b-6d89a699fdd5-124802030711936","study_id":0,"datetime_start":"2026-04-29T21:17:44.870475"}
{"op_code":5,"worker_id":"a561410d-16c5-43a3-879b-6d89a699fdd5-124802030711936","trial_id":34,"param_name":"RANK_REGRESS","param_value_internal":33.0,"distribution":"{\"name\": \"IntDistribution\", \"attributes\": {\"log\": false, \"step\": 1, \"low\": 5, \"high\": 80}}"}
{"op_code":5,"worker_id":"a561410d-16c5-43a3-879b-6d89a699fdd5-124802030711936","trial_id":34,"param_name":"REG_W","param_value_internal":403.3800832600389,"distribution":"{\"name\": \"FloatDistribution\", \"attributes\": {\"step\": null, \"low\": 1e-05, \"high\": 1000.0, \"log\": true}}"}
{"op_code":0,"worker_id":"ca30429d-fd7e-4c6b-ba0d-1f3949b6c31d-129984795083904","study_name":"cp_pred_surprise_L4","directions":[2]}
{"op_code":5,"worker_id":"a561410d-16c5-43a3-879b-6d89a699fdd5-124802030711936","trial_id":34,"param_name":"USE_RMS_SCALING","param_value_internal":0,"distribution":"{\"name\": \"CategoricalDistribution\", \"attributes\": {\"choices\": [true, false]}}"}
{"op_code":0,"worker_id":"fb585c39-c5be-4218-a77a-3654e441318c-131462450828416","study_name":"cp_pred_surprise_L4","directions":[2]}
{"op_code":4,"worker_id":"ca30429d-fd7e-4c6b-ba0d-1f3949b6c31d-129984795083904","study_id":0,"datetime_start":"2026-04-29T21:17:45.545090"}
{"op_code":4,"worker_id":"fb585c39-c5be-4218-a77a-3654e441318c-131462450828416","study_id":0,"datetime_start":"2026-04-29T21:17:45.563361"}
{"op_code":5,"worker_id":"ca30429d-fd7e-4c6b-ba0d-1f3949b6c31d-129984795083904","trial_id":35,"param_name":"RANK_REGRESS","param_value_internal":33.0,"distribution":"{\"name\": \"IntDistribution\", \"attributes\": {\"log\": false, \"step\": 1, \"low\": 5, \"high\": 80}}"}
{"op_code":5,"worker_id":"fb585c39-c5be-4218-a77a-3654e441318c-131462450828416","trial_id":36,"param_name":"RANK_REGRESS","param_value_internal":33.0,"distribution":"{\"name\": \"IntDistribution\", \"attributes\": {\"log\": false, \"step\": 1, \"low\": 5, \"high\": 80}}"}
{"op_code":5,"worker_id":"ca30429d-fd7e-4c6b-ba0d-1f3949b6c31d-129984795083904","trial_id":35,"param_name":"REG_W","param_value_internal":403.3800832600389,"distribution":"{\"name\": \"FloatDistribution\", \"attributes\": {\"step\": null, \"low\": 1e-05, \"high\": 1000.0, \"log\": true}}"}
{"op_code":5,"worker_id":"fb585c39-c5be-4218-a77a-3654e441318c-131462450828416","trial_id":36,"param_name":"REG_W","param_value_internal":403.3800832600389,"distribution":"{\"name\": \"FloatDistribution\", \"attributes\": {\"step\": null, \"low\": 1e-05, \"high\": 1000.0, \"log\": true}}"}
{"op_code":5,"worker_id":"ca30429d-fd7e-4c6b-ba0d-1f3949b6c31d-129984795083904","trial_id":35,"param_name":"USE_RMS_SCALING","param_value_internal":0,"distribution":"{\"name\": \"CategoricalDistribution\", \"attributes\": {\"choices\": [true, false]}}"}
{"op_code":5,"worker_id":"fb585c39-c5be-4218-a77a-3654e441318c-131462450828416","trial_id":36,"param_name":"USE_RMS_SCALING","param_value_internal":0,"distribution":"{\"name\": \"CategoricalDistribution\", \"attributes\": {\"choices\": [true, false]}}"}
{"op_code":0,"worker_id":"429bf2bc-0d13-407a-8418-3f965f6d1853-130468387284096","study_name":"cp_pred_surprise_L4","directions":[2]}
{"op_code":4,"worker_id":"429bf2bc-0d13-407a-8418-3f965f6d1853-130468387284096","study_id":0,"datetime_start":"2026-04-29T21:17:45.939979"}
{"op_code":5,"worker_id":"429bf2bc-0d13-407a-8418-3f965f6d1853-130468387284096","trial_id":37,"param_name":"RANK_REGRESS","param_value_internal":33.0,"distribution":"{\"name\": \"IntDistribution\", \"attributes\": {\"log\": false, \"step\": 1, \"low\": 5, \"high\": 80}}"}
{"op_code":5,"worker_id":"429bf2bc-0d13-407a-8418-3f965f6d1853-130468387284096","trial_id":37,"param_name":"REG_W","param_value_internal":403.3800832600389,"distribution":"{\"name\": \"FloatDistribution\", \"attributes\": {\"step\": null, \"low\": 1e-05, \"high\": 1000.0, \"log\": true}}"}
{"op_code":5,"worker_id":"429bf2bc-0d13-407a-8418-3f965f6d1853-130468387284096","trial_id":37,"param_name":"USE_RMS_SCALING","param_value_internal":0,"distribution":"{\"name\": \"CategoricalDistribution\", \"attributes\": {\"choices\": [true, false]}}"}
{"op_code":0,"worker_id":"257af515-fb7d-453b-9e33-51f4f81fa715-134836324287616","study_name":"cp_pred_surprise_L4","directions":[2]}
{"op_code":0,"worker_id":"91160554-51d9-4497-9c56-844f832668b9-138346594149504","study_name":"cp_pred_surprise_L4","directions":[2]}
{"op_code":0,"worker_id":"7bd7f476-a017-407d-a743-416d4251c552-136368363562112","study_name":"cp_pred_surprise_L4","directions":[2]}
{"op_code":4,"worker_id":"257af515-fb7d-453b-9e33-51f4f81fa715-134836324287616","study_id":0,"datetime_start":"2026-04-29T21:17:46.275360"}
{"op_code":4,"worker_id":"91160554-51d9-4497-9c56-844f832668b9-138346594149504","study_id":0,"datetime_start":"2026-04-29T21:17:46.276062"}
{"op_code":4,"worker_id":"7bd7f476-a017-407d-a743-416d4251c552-136368363562112","study_id":0,"datetime_start":"2026-04-29T21:17:46.317264"}
{"op_code":5,"worker_id":"257af515-fb7d-453b-9e33-51f4f81fa715-134836324287616","trial_id":38,"param_name":"RANK_REGRESS","param_value_internal":33.0,"distribution":"{\"name\": \"IntDistribution\", \"attributes\": {\"log\": false, \"step\": 1, \"low\": 5, \"high\": 80}}"}
{"op_code":5,"worker_id":"91160554-51d9-4497-9c56-844f832668b9-138346594149504","trial_id":39,"param_name":"RANK_REGRESS","param_value_internal":33.0,"distribution":"{\"name\": \"IntDistribution\", \"attributes\": {\"log\": false, \"step\": 1, \"low\": 5, \"high\": 80}}"}
{"op_code":5,"worker_id":"7bd7f476-a017-407d-a743-416d4251c552-136368363562112","trial_id":40,"param_name":"RANK_REGRESS","param_value_internal":33.0,"distribution":"{\"name\": \"IntDistribution\", \"attributes\": {\"log\": false, \"step\": 1, \"low\": 5, \"high\": 80}}"}
{"op_code":5,"worker_id":"257af515-fb7d-453b-9e33-51f4f81fa715-134836324287616","trial_id":38,"param_name":"REG_W","param_value_internal":403.3800832600389,"distribution":"{\"name\": \"FloatDistribution\", \"attributes\": {\"step\": null, \"low\": 1e-05, \"high\": 1000.0, \"log\": true}}"}
{"op_code":5,"worker_id":"91160554-51d9-4497-9c56-844f832668b9-138346594149504","trial_id":39,"param_name":"REG_W","param_value_internal":403.3800832600389,"distribution":"{\"name\": \"FloatDistribution\", \"attributes\": {\"step\": null, \"low\": 1e-05, \"high\": 1000.0, \"log\": true}}"}
{"op_code":5,"worker_id":"7bd7f476-a017-407d-a743-416d4251c552-136368363562112","trial_id":40,"param_name":"REG_W","param_value_internal":403.3800832600389,"distribution":"{\"name\": \"FloatDistribution\", \"attributes\": {\"step\": null, \"low\": 1e-05, \"high\": 1000.0, \"log\": true}}"}
{"op_code":5,"worker_id":"91160554-51d9-4497-9c56-844f832668b9-138346594149504","trial_id":39,"param_name":"USE_RMS_SCALING","param_value_internal":0,"distribution":"{\"name\": \"CategoricalDistribution\", \"attributes\": {\"choices\": [true, false]}}"}
{"op_code":5,"worker_id":"257af515-fb7d-453b-9e33-51f4f81fa715-134836324287616","trial_id":38,"param_name":"USE_RMS_SCALING","param_value_internal":0,"distribution":"{\"name\": \"CategoricalDistribution\", \"attributes\": {\"choices\": [true, false]}}"}
{"op_code":5,"worker_id":"7bd7f476-a017-407d-a743-416d4251c552-136368363562112","trial_id":40,"param_name":"USE_RMS_SCALING","param_value_internal":0,"distribution":"{\"name\": \"CategoricalDistribution\", \"attributes\": {\"choices\": [true, false]}}"}
{"op_code":0,"worker_id":"65acc58d-2da6-4ca4-80d0-bed326b1b198-138017936090240","study_name":"cp_pred_surprise_L4","directions":[2]}
{"op_code":0,"worker_id":"03cafc73-1f25-4510-9186-b0ac1bda7f68-128712357835904","study_name":"cp_pred_surprise_L4","directions":[2]}
{"op_code":4,"worker_id":"65acc58d-2da6-4ca4-80d0-bed326b1b198-138017936090240","study_id":0,"datetime_start":"2026-04-29T22:01:19.259279"}
{"op_code":0,"worker_id":"9d4165c5-64c5-4244-a7fe-1c00beba00cc-137268570911872","study_name":"cp_pred_surprise_L4","directions":[2]}
{"op_code":4,"worker_id":"03cafc73-1f25-4510-9186-b0ac1bda7f68-128712357835904","study_id":0,"datetime_start":"2026-04-29T22:01:19.278848"}
{"op_code":4,"worker_id":"9d4165c5-64c5-4244-a7fe-1c00beba00cc-137268570911872","study_id":0,"datetime_start":"2026-04-29T22:01:19.355614"}
{"op_code":5,"worker_id":"03cafc73-1f25-4510-9186-b0ac1bda7f68-128712357835904","trial_id":42,"param_name":"RANK_REGRESS","param_value_internal":33.0,"distribution":"{\"name\": \"IntDistribution\", \"attributes\": {\"log\": false, \"step\": 1, \"low\": 5, \"high\": 80}}"}
{"op_code":5,"worker_id":"9d4165c5-64c5-4244-a7fe-1c00beba00cc-137268570911872","trial_id":43,"param_name":"RANK_REGRESS","param_value_internal":33.0,"distribution":"{\"name\": \"IntDistribution\", \"attributes\": {\"log\": false, \"step\": 1, \"low\": 5, \"high\": 80}}"}
{"op_code":5,"worker_id":"65acc58d-2da6-4ca4-80d0-bed326b1b198-138017936090240","trial_id":41,"param_name":"RANK_REGRESS","param_value_internal":33.0,"distribution":"{\"name\": \"IntDistribution\", \"attributes\": {\"log\": false, \"step\": 1, \"low\": 5, \"high\": 80}}"}
{"op_code":5,"worker_id":"9d4165c5-64c5-4244-a7fe-1c00beba00cc-137268570911872","trial_id":43,"param_name":"REG_W","param_value_internal":403.3800832600389,"distribution":"{\"name\": \"FloatDistribution\", \"attributes\": {\"step\": null, \"low\": 1e-05, \"high\": 1000.0, \"log\": true}}"}
{"op_code":5,"worker_id":"65acc58d-2da6-4ca4-80d0-bed326b1b198-138017936090240","trial_id":41,"param_name":"REG_W","param_value_internal":403.3800832600389,"distribution":"{\"name\": \"FloatDistribution\", \"attributes\": {\"step\": null, \"low\": 1e-05, \"high\": 1000.0, \"log\": true}}"}
{"op_code":5,"worker_id":"9d4165c5-64c5-4244-a7fe-1c00beba00cc-137268570911872","trial_id":43,"param_name":"USE_RMS_SCALING","param_value_internal":0,"distribution":"{\"name\": \"CategoricalDistribution\", \"attributes\": {\"choices\": [true, false]}}"}
{"op_code":5,"worker_id":"65acc58d-2da6-4ca4-80d0-bed326b1b198-138017936090240","trial_id":41,"param_name":"USE_RMS_SCALING","param_value_internal":0,"distribution":"{\"name\": \"CategoricalDistribution\", \"attributes\": {\"choices\": [true, false]}}"}
{"op_code":5,"worker_id":"03cafc73-1f25-4510-9186-b0ac1bda7f68-128712357835904","trial_id":42,"param_name":"REG_W","param_value_internal":403.3800832600389,"distribution":"{\"name\": \"FloatDistribution\", \"attributes\": {\"step\": null, \"low\": 1e-05, \"high\": 1000.0, \"log\": true}}"}
{"op_code":5,"worker_id":"03cafc73-1f25-4510-9186-b0ac1bda7f68-128712357835904","trial_id":42,"param_name":"USE_RMS_SCALING","param_value_internal":0,"distribution":"{\"name\": \"CategoricalDistribution\", \"attributes\": {\"choices\": [true, false]}}"}
{"op_code":0,"worker_id":"0d08dd86-edcc-4981-b0d6-f43b85dcf358-126029170013312","study_name":"cp_pred_surprise_L4","directions":[2]}
{"op_code":0,"worker_id":"0feb6715-5c81-4965-896d-6fe0b85bc797-135079664297088","study_name":"cp_pred_surprise_L4","directions":[2]}
{"op_code":4,"worker_id":"0d08dd86-edcc-4981-b0d6-f43b85dcf358-126029170013312","study_id":0,"datetime_start":"2026-04-29T22:01:19.941441"}
{"op_code":4,"worker_id":"0feb6715-5c81-4965-896d-6fe0b85bc797-135079664297088","study_id":0,"datetime_start":"2026-04-29T22:01:19.988489"}
{"op_code":5,"worker_id":"0d08dd86-edcc-4981-b0d6-f43b85dcf358-126029170013312","trial_id":44,"param_name":"RANK_REGRESS","param_value_internal":33.0,"distribution":"{\"name\": \"IntDistribution\", \"attributes\": {\"log\": false, \"step\": 1, \"low\": 5, \"high\": 80}}"}
{"op_code":5,"worker_id":"0feb6715-5c81-4965-896d-6fe0b85bc797-135079664297088","trial_id":45,"param_name":"RANK_REGRESS","param_value_internal":33.0,"distribution":"{\"name\": \"IntDistribution\", \"attributes\": {\"log\": false, \"step\": 1, \"low\": 5, \"high\": 80}}"}
{"op_code":5,"worker_id":"0d08dd86-edcc-4981-b0d6-f43b85dcf358-126029170013312","trial_id":44,"param_name":"REG_W","param_value_internal":403.3800832600389,"distribution":"{\"name\": \"FloatDistribution\", \"attributes\": {\"step\": null, \"low\": 1e-05, \"high\": 1000.0, \"log\": true}}"}
{"op_code":5,"worker_id":"0feb6715-5c81-4965-896d-6fe0b85bc797-135079664297088","trial_id":45,"param_name":"REG_W","param_value_internal":403.3800832600389,"distribution":"{\"name\": \"FloatDistribution\", \"attributes\": {\"step\": null, \"low\": 1e-05, \"high\": 1000.0, \"log\": true}}"}
{"op_code":5,"worker_id":"0d08dd86-edcc-4981-b0d6-f43b85dcf358-126029170013312","trial_id":44,"param_name":"USE_RMS_SCALING","param_value_internal":0,"distribution":"{\"name\": \"CategoricalDistribution\", \"attributes\": {\"choices\": [true, false]}}"}
{"op_code":5,"worker_id":"0feb6715-5c81-4965-896d-6fe0b85bc797-135079664297088","trial_id":45,"param_name":"USE_RMS_SCALING","param_value_internal":0,"distribution":"{\"name\": \"CategoricalDistribution\", \"attributes\": {\"choices\": [true, false]}}"}
{"op_code":0,"worker_id":"676bdd7d-f28d-4082-935b-f3f5c1d8f7cf-137392423974016","study_name":"cp_pred_surprise_L4","directions":[2]}
{"op_code":4,"worker_id":"676bdd7d-f28d-4082-935b-f3f5c1d8f7cf-137392423974016","study_id":0,"datetime_start":"2026-04-29T22:01:20.331101"}
{"op_code":5,"worker_id":"676bdd7d-f28d-4082-935b-f3f5c1d8f7cf-137392423974016","trial_id":46,"param_name":"RANK_REGRESS","param_value_internal":33.0,"distribution":"{\"name\": \"IntDistribution\", \"attributes\": {\"log\": false, \"step\": 1, \"low\": 5, \"high\": 80}}"}
{"op_code":5,"worker_id":"676bdd7d-f28d-4082-935b-f3f5c1d8f7cf-137392423974016","trial_id":46,"param_name":"REG_W","param_value_internal":403.3800832600389,"distribution":"{\"name\": \"FloatDistribution\", \"attributes\": {\"step\": null, \"low\": 1e-05, \"high\": 1000.0, \"log\": true}}"}
{"op_code":5,"worker_id":"676bdd7d-f28d-4082-935b-f3f5c1d8f7cf-137392423974016","trial_id":46,"param_name":"USE_RMS_SCALING","param_value_internal":0,"distribution":"{\"name\": \"CategoricalDistribution\", \"attributes\": {\"choices\": [true, false]}}"}
{"op_code":6,"worker_id":"77b087d1-94ac-45c3-bd62-312cd48d7488-131201556087936","trial_id":12,"state":1,"values":[0.7336781355701287],"datetime_complete":"2026-04-30T09:54:16.335300"}
{"op_code":6,"worker_id":"48dd5fc0-a4bd-4b0a-a22d-26aa65f464b4-139184380642432","trial_id":1,"state":1,"values":[0.7336781355701287],"datetime_complete":"2026-04-30T10:01:03.026614"}
{"op_code":6,"worker_id":"b28f66e2-aa9e-4d9e-a8f4-f8883a52a5f8-124754540319872","trial_id":23,"state":1,"values":[0.7336781355701287],"datetime_complete":"2026-04-30T10:17:00.281067"}
{"op_code":6,"worker_id":"c469edef-dae9-4444-a448-71b54f72abc4-137926777517184","trial_id":16,"state":1,"values":[0.7336781355701287],"datetime_complete":"2026-04-30T10:29:03.455369"}
{"op_code":6,"worker_id":"66e4ea2e-0f16-45e5-9692-bc7642df6030-123689170199680","trial_id":6,"state":1,"values":[0.7336781355701287],"datetime_complete":"2026-04-30T10:31:30.426096"}
{"op_code":6,"worker_id":"36928153-6cd5-417e-b45f-c4f76c33a195-133777368888448","trial_id":10,"state":1,"values":[0.7336781355701287],"datetime_complete":"2026-04-30T10:32:35.555636"}
{"op_code":6,"worker_id":"bdbb358a-a880-43e5-9fc1-6a59c9344872-123343206163584","trial_id":21,"state":1,"values":[0.7336781355701287],"datetime_complete":"2026-04-30T10:36:03.282138"}
{"op_code":6,"worker_id":"9e4599f1-f8a8-4a47-8aa9-08ebd1df055b-130863660778624","trial_id":28,"state":1,"values":[0.7336781355701287],"datetime_complete":"2026-04-30T10:46:27.582072"}
{"op_code":6,"worker_id":"08a2645a-9d2d-4c3f-a3c4-edee57ea9920-125546275763328","trial_id":20,"state":1,"values":[0.7336781355701287],"datetime_complete":"2026-04-30T10:56:12.646793"}
{"op_code":0,"worker_id":"75047726-e294-43c4-926d-e27f66369e85-124012451161216","study_name":"cp_pred_surprise_L4","directions":[2]}
{"op_code":0,"worker_id":"59c2ce83-ce91-43b4-b8f6-3d8a36ea3ea0-130606360364160","study_name":"cp_pred_surprise_L4","directions":[2]}
{"op_code":0,"worker_id":"0a7b1455-e18a-4956-a85a-189886945503-133618937406592","study_name":"cp_pred_surprise_L4","directions":[2]}
{"op_code":4,"worker_id":"59c2ce83-ce91-43b4-b8f6-3d8a36ea3ea0-130606360364160","study_id":0,"datetime_start":"2026-04-30T10:59:40.024060"}
{"op_code":4,"worker_id":"0a7b1455-e18a-4956-a85a-189886945503-133618937406592","study_id":0,"datetime_start":"2026-04-30T10:59:40.034432"}
{"op_code":5,"worker_id":"59c2ce83-ce91-43b4-b8f6-3d8a36ea3ea0-130606360364160","trial_id":47,"param_name":"RANK_REGRESS","param_value_internal":33.0,"distribution":"{\"name\": \"IntDistribution\", \"attributes\": {\"log\": false, \"step\": 1, \"low\": 5, \"high\": 80}}"}
{"op_code":4,"worker_id":"75047726-e294-43c4-926d-e27f66369e85-124012451161216","study_id":0,"datetime_start":"2026-04-30T10:59:40.024291"}
{"op_code":5,"worker_id":"59c2ce83-ce91-43b4-b8f6-3d8a36ea3ea0-130606360364160","trial_id":47,"param_name":"REG_W","param_value_internal":403.3800832600389,"distribution":"{\"name\": \"FloatDistribution\", \"attributes\": {\"step\": null, \"low\": 1e-05, \"high\": 1000.0, \"log\": true}}"}
{"op_code":5,"worker_id":"0a7b1455-e18a-4956-a85a-189886945503-133618937406592","trial_id":48,"param_name":"RANK_REGRESS","param_value_internal":33.0,"distribution":"{\"name\": \"IntDistribution\", \"attributes\": {\"log\": false, \"step\": 1, \"low\": 5, \"high\": 80}}"}
{"op_code":5,"worker_id":"59c2ce83-ce91-43b4-b8f6-3d8a36ea3ea0-130606360364160","trial_id":47,"param_name":"USE_RMS_SCALING","param_value_internal":0,"distribution":"{\"name\": \"CategoricalDistribution\", \"attributes\": {\"choices\": [true, false]}}"}
{"op_code":5,"worker_id":"0a7b1455-e18a-4956-a85a-189886945503-133618937406592","trial_id":48,"param_name":"REG_W","param_value_internal":403.3800832600389,"distribution":"{\"name\": \"FloatDistribution\", \"attributes\": {\"step\": null, \"low\": 1e-05, \"high\": 1000.0, \"log\": true}}"}
{"op_code":5,"worker_id":"75047726-e294-43c4-926d-e27f66369e85-124012451161216","trial_id":49,"param_name":"RANK_REGRESS","param_value_internal":33.0,"distribution":"{\"name\": \"IntDistribution\", \"attributes\": {\"log\": false, \"step\": 1, \"low\": 5, \"high\": 80}}"}
{"op_code":5,"worker_id":"0a7b1455-e18a-4956-a85a-189886945503-133618937406592","trial_id":48,"param_name":"USE_RMS_SCALING","param_value_internal":0,"distribution":"{\"name\": \"CategoricalDistribution\", \"attributes\": {\"choices\": [true, false]}}"}
{"op_code":5,"worker_id":"75047726-e294-43c4-926d-e27f66369e85-124012451161216","trial_id":49,"param_name":"REG_W","param_value_internal":403.3800832600389,"distribution":"{\"name\": \"FloatDistribution\", \"attributes\": {\"step\": null, \"low\": 1e-05, \"high\": 1000.0, \"log\": true}}"}
{"op_code":5,"worker_id":"75047726-e294-43c4-926d-e27f66369e85-124012451161216","trial_id":49,"param_name":"USE_RMS_SCALING","param_value_internal":0,"distribution":"{\"name\": \"CategoricalDistribution\", \"attributes\": {\"choices\": [true, false]}}"}
{"op_code":0,"worker_id":"ae029230-6ade-40d0-9338-a8854cbc7c6e-125986909017216","study_name":"cp_pred_surprise_L4","directions":[2]}
{"op_code":4,"worker_id":"ae029230-6ade-40d0-9338-a8854cbc7c6e-125986909017216","study_id":0,"datetime_start":"2026-04-30T10:59:40.562681"}
{"op_code":5,"worker_id":"ae029230-6ade-40d0-9338-a8854cbc7c6e-125986909017216","trial_id":50,"param_name":"RANK_REGRESS","param_value_internal":33.0,"distribution":"{\"name\": \"IntDistribution\", \"attributes\": {\"log\": false, \"step\": 1, \"low\": 5, \"high\": 80}}"}
{"op_code":5,"worker_id":"ae029230-6ade-40d0-9338-a8854cbc7c6e-125986909017216","trial_id":50,"param_name":"REG_W","param_value_internal":403.3800832600389,"distribution":"{\"name\": \"FloatDistribution\", \"attributes\": {\"step\": null, \"low\": 1e-05, \"high\": 1000.0, \"log\": true}}"}
{"op_code":5,"worker_id":"ae029230-6ade-40d0-9338-a8854cbc7c6e-125986909017216","trial_id":50,"param_name":"USE_RMS_SCALING","param_value_internal":0,"distribution":"{\"name\": \"CategoricalDistribution\", \"attributes\": {\"choices\": [true, false]}}"}
{"op_code":0,"worker_id":"967422d7-2589-4ffd-ac11-017efc012d15-133447147418752","study_name":"cp_pred_surprise_L4","directions":[2]}
{"op_code":4,"worker_id":"967422d7-2589-4ffd-ac11-017efc012d15-133447147418752","study_id":0,"datetime_start":"2026-04-30T10:59:41.077282"}
{"op_code":5,"worker_id":"967422d7-2589-4ffd-ac11-017efc012d15-133447147418752","trial_id":51,"param_name":"RANK_REGRESS","param_value_internal":33.0,"distribution":"{\"name\": \"IntDistribution\", \"attributes\": {\"log\": false, \"step\": 1, \"low\": 5, \"high\": 80}}"}
{"op_code":5,"worker_id":"967422d7-2589-4ffd-ac11-017efc012d15-133447147418752","trial_id":51,"param_name":"REG_W","param_value_internal":403.3800832600389,"distribution":"{\"name\": \"FloatDistribution\", \"attributes\": {\"step\": null, \"low\": 1e-05, \"high\": 1000.0, \"log\": true}}"}
{"op_code":5,"worker_id":"967422d7-2589-4ffd-ac11-017efc012d15-133447147418752","trial_id":51,"param_name":"USE_RMS_SCALING","param_value_internal":0,"distribution":"{\"name\": \"CategoricalDistribution\", \"attributes\": {\"choices\": [true, false]}}"}
{"op_code":0,"worker_id":"a15f6b32-e07e-4269-9025-b679d2c36ac1-132889798366336","study_name":"cp_pred_surprise_L4","directions":[2]}
{"op_code":4,"worker_id":"a15f6b32-e07e-4269-9025-b679d2c36ac1-132889798366336","study_id":0,"datetime_start":"2026-04-30T10:59:42.083222"}
{"op_code":5,"worker_id":"a15f6b32-e07e-4269-9025-b679d2c36ac1-132889798366336","trial_id":52,"param_name":"RANK_REGRESS","param_value_internal":33.0,"distribution":"{\"name\": \"IntDistribution\", \"attributes\": {\"log\": false, \"step\": 1, \"low\": 5, \"high\": 80}}"}
{"op_code":5,"worker_id":"a15f6b32-e07e-4269-9025-b679d2c36ac1-132889798366336","trial_id":52,"param_name":"REG_W","param_value_internal":403.3800832600389,"distribution":"{\"name\": \"FloatDistribution\", \"attributes\": {\"step\": null, \"low\": 1e-05, \"high\": 1000.0, \"log\": true}}"}
{"op_code":5,"worker_id":"a15f6b32-e07e-4269-9025-b679d2c36ac1-132889798366336","trial_id":52,"param_name":"USE_RMS_SCALING","param_value_internal":0,"distribution":"{\"name\": \"CategoricalDistribution\", \"attributes\": {\"choices\": [true, false]}}"}
{"op_code":0,"worker_id":"675f7064-36cc-469e-9ad1-73ce1c0373c7-129638042268800","study_name":"cp_pred_surprise_L4","directions":[2]}
{"op_code":0,"worker_id":"89031cee-c2c6-4fae-ada1-305ce6d333ab-130203290973312","study_name":"cp_pred_surprise_L4","directions":[2]}
{"op_code":4,"worker_id":"675f7064-36cc-469e-9ad1-73ce1c0373c7-129638042268800","study_id":0,"datetime_start":"2026-04-30T10:59:44.836836"}
{"op_code":5,"worker_id":"675f7064-36cc-469e-9ad1-73ce1c0373c7-129638042268800","trial_id":53,"param_name":"RANK_REGRESS","param_value_internal":33.0,"distribution":"{\"name\": \"IntDistribution\", \"attributes\": {\"log\": false, \"step\": 1, \"low\": 5, \"high\": 80}}"}
{"op_code":4,"worker_id":"89031cee-c2c6-4fae-ada1-305ce6d333ab-130203290973312","study_id":0,"datetime_start":"2026-04-30T10:59:44.859307"}
{"op_code":5,"worker_id":"675f7064-36cc-469e-9ad1-73ce1c0373c7-129638042268800","trial_id":53,"param_name":"REG_W","param_value_internal":403.3800832600389,"distribution":"{\"name\": \"FloatDistribution\", \"attributes\": {\"step\": null, \"low\": 1e-05, \"high\": 1000.0, \"log\": true}}"}
{"op_code":5,"worker_id":"89031cee-c2c6-4fae-ada1-305ce6d333ab-130203290973312","trial_id":54,"param_name":"RANK_REGRESS","param_value_internal":33.0,"distribution":"{\"name\": \"IntDistribution\", \"attributes\": {\"log\": false, \"step\": 1, \"low\": 5, \"high\": 80}}"}
{"op_code":5,"worker_id":"675f7064-36cc-469e-9ad1-73ce1c0373c7-129638042268800","trial_id":53,"param_name":"USE_RMS_SCALING","param_value_internal":0,"distribution":"{\"name\": \"CategoricalDistribution\", \"attributes\": {\"choices\": [true, false]}}"}
{"op_code":5,"worker_id":"89031cee-c2c6-4fae-ada1-305ce6d333ab-130203290973312","trial_id":54,"param_name":"REG_W","param_value_internal":403.3800832600389,"distribution":"{\"name\": \"FloatDistribution\", \"attributes\": {\"step\": null, \"low\": 1e-05, \"high\": 1000.0, \"log\": true}}"}
{"op_code":0,"worker_id":"5d28dfed-27a4-49a8-8ba5-09d752e995a1-130278507451520","study_name":"cp_pred_surprise_L4","directions":[2]}
{"op_code":5,"worker_id":"89031cee-c2c6-4fae-ada1-305ce6d333ab-130203290973312","trial_id":54,"param_name":"USE_RMS_SCALING","param_value_internal":0,"distribution":"{\"name\": \"CategoricalDistribution\", \"attributes\": {\"choices\": [true, false]}}"}
{"op_code":4,"worker_id":"5d28dfed-27a4-49a8-8ba5-09d752e995a1-130278507451520","study_id":0,"datetime_start":"2026-04-30T10:59:44.989484"}
{"op_code":5,"worker_id":"5d28dfed-27a4-49a8-8ba5-09d752e995a1-130278507451520","trial_id":55,"param_name":"RANK_REGRESS","param_value_internal":33.0,"distribution":"{\"name\": \"IntDistribution\", \"attributes\": {\"log\": false, \"step\": 1, \"low\": 5, \"high\": 80}}"}
{"op_code":5,"worker_id":"5d28dfed-27a4-49a8-8ba5-09d752e995a1-130278507451520","trial_id":55,"param_name":"REG_W","param_value_internal":403.3800832600389,"distribution":"{\"name\": \"FloatDistribution\", \"attributes\": {\"step\": null, \"low\": 1e-05, \"high\": 1000.0, \"log\": true}}"}
{"op_code":5,"worker_id":"5d28dfed-27a4-49a8-8ba5-09d752e995a1-130278507451520","trial_id":55,"param_name":"USE_RMS_SCALING","param_value_internal":0,"distribution":"{\"name\": \"CategoricalDistribution\", \"attributes\": {\"choices\": [true, false]}}"}
{"op_code":0,"worker_id":"6ae553b9-80e9-44d2-b73b-4e470ed543ed-128027896349824","study_name":"cp_pred_surprise_L4","directions":[2]}
{"op_code":4,"worker_id":"6ae553b9-80e9-44d2-b73b-4e470ed543ed-128027896349824","study_id":0,"datetime_start":"2026-04-30T10:59:45.236541"}
{"op_code":5,"worker_id":"6ae553b9-80e9-44d2-b73b-4e470ed543ed-128027896349824","trial_id":56,"param_name":"RANK_REGRESS","param_value_internal":33.0,"distribution":"{\"name\": \"IntDistribution\", \"attributes\": {\"log\": false, \"step\": 1, \"low\": 5, \"high\": 80}}"}
{"op_code":5,"worker_id":"6ae553b9-80e9-44d2-b73b-4e470ed543ed-128027896349824","trial_id":56,"param_name":"REG_W","param_value_internal":403.3800832600389,"distribution":"{\"name\": \"FloatDistribution\", \"attributes\": {\"step\": null, \"low\": 1e-05, \"high\": 1000.0, \"log\": true}}"}
{"op_code":5,"worker_id":"6ae553b9-80e9-44d2-b73b-4e470ed543ed-128027896349824","trial_id":56,"param_name":"USE_RMS_SCALING","param_value_internal":0,"distribution":"{\"name\": \"CategoricalDistribution\", \"attributes\": {\"choices\": [true, false]}}"}
{"op_code":0,"worker_id":"34265f29-07a1-4bc1-ac1e-5cc433fdc64c-133962734093440","study_name":"cp_pred_surprise_L4","directions":[2]}
{"op_code":4,"worker_id":"34265f29-07a1-4bc1-ac1e-5cc433fdc64c-133962734093440","study_id":0,"datetime_start":"2026-04-30T10:59:45.742946"}
{"op_code":5,"worker_id":"34265f29-07a1-4bc1-ac1e-5cc433fdc64c-133962734093440","trial_id":57,"param_name":"RANK_REGRESS","param_value_internal":33.0,"distribution":"{\"name\": \"IntDistribution\", \"attributes\": {\"log\": false, \"step\": 1, \"low\": 5, \"high\": 80}}"}
{"op_code":5,"worker_id":"34265f29-07a1-4bc1-ac1e-5cc433fdc64c-133962734093440","trial_id":57,"param_name":"REG_W","param_value_internal":403.3800832600389,"distribution":"{\"name\": \"FloatDistribution\", \"attributes\": {\"step\": null, \"low\": 1e-05, \"high\": 1000.0, \"log\": true}}"}
{"op_code":5,"worker_id":"34265f29-07a1-4bc1-ac1e-5cc433fdc64c-133962734093440","trial_id":57,"param_name":"USE_RMS_SCALING","param_value_internal":0,"distribution":"{\"name\": \"CategoricalDistribution\", \"attributes\": {\"choices\": [true, false]}}"}
{"op_code":0,"worker_id":"b9c1856f-ab1e-415e-98cb-c6a7a0b9f0ae-127883053261952","study_name":"cp_pred_surprise_L4","directions":[2]}
{"op_code":0,"worker_id":"648fee2f-32b5-44eb-adf9-6fc1e3bd2c7a-132690783564928","study_name":"cp_pred_surprise_L4","directions":[2]}
{"op_code":0,"worker_id":"bdf4a8d9-fddf-4fea-9ce6-300ec90c4625-138587074647168","study_name":"cp_pred_surprise_L4","directions":[2]}
{"op_code":0,"worker_id":"a13e65ee-7dc3-415d-9238-d3866f541cbd-129075174569088","study_name":"cp_pred_surprise_L4","directions":[2]}
{"op_code":4,"worker_id":"648fee2f-32b5-44eb-adf9-6fc1e3bd2c7a-132690783564928","study_id":0,"datetime_start":"2026-04-30T10:59:46.241496"}
{"op_code":4,"worker_id":"bdf4a8d9-fddf-4fea-9ce6-300ec90c4625-138587074647168","study_id":0,"datetime_start":"2026-04-30T10:59:46.258832"}
{"op_code":5,"worker_id":"648fee2f-32b5-44eb-adf9-6fc1e3bd2c7a-132690783564928","trial_id":58,"param_name":"RANK_REGRESS","param_value_internal":33.0,"distribution":"{\"name\": \"IntDistribution\", \"attributes\": {\"log\": false, \"step\": 1, \"low\": 5, \"high\": 80}}"}
{"op_code":5,"worker_id":"bdf4a8d9-fddf-4fea-9ce6-300ec90c4625-138587074647168","trial_id":59,"param_name":"RANK_REGRESS","param_value_internal":33.0,"distribution":"{\"name\": \"IntDistribution\", \"attributes\": {\"log\": false, \"step\": 1, \"low\": 5, \"high\": 80}}"}
{"op_code":5,"worker_id":"648fee2f-32b5-44eb-adf9-6fc1e3bd2c7a-132690783564928","trial_id":58,"param_name":"REG_W","param_value_internal":403.3800832600389,"distribution":"{\"name\": \"FloatDistribution\", \"attributes\": {\"step\": null, \"low\": 1e-05, \"high\": 1000.0, \"log\": true}}"}
{"op_code":5,"worker_id":"bdf4a8d9-fddf-4fea-9ce6-300ec90c4625-138587074647168","trial_id":59,"param_name":"REG_W","param_value_internal":403.3800832600389,"distribution":"{\"name\": \"FloatDistribution\", \"attributes\": {\"step\": null, \"low\": 1e-05, \"high\": 1000.0, \"log\": true}}"}
{"op_code":5,"worker_id":"648fee2f-32b5-44eb-adf9-6fc1e3bd2c7a-132690783564928","trial_id":58,"param_name":"USE_RMS_SCALING","param_value_internal":0,"distribution":"{\"name\": \"CategoricalDistribution\", \"attributes\": {\"choices\": [true, false]}}"}
{"op_code":5,"worker_id":"bdf4a8d9-fddf-4fea-9ce6-300ec90c4625-138587074647168","trial_id":59,"param_name":"USE_RMS_SCALING","param_value_internal":0,"distribution":"{\"name\": \"CategoricalDistribution\", \"attributes\": {\"choices\": [true, false]}}"}
{"op_code":4,"worker_id":"b9c1856f-ab1e-415e-98cb-c6a7a0b9f0ae-127883053261952","study_id":0,"datetime_start":"2026-04-30T10:59:46.245780"}
{"op_code":5,"worker_id":"b9c1856f-ab1e-415e-98cb-c6a7a0b9f0ae-127883053261952","trial_id":60,"param_name":"RANK_REGRESS","param_value_internal":33.0,"distribution":"{\"name\": \"IntDistribution\", \"attributes\": {\"log\": false, \"step\": 1, \"low\": 5, \"high\": 80}}"}
{"op_code":5,"worker_id":"b9c1856f-ab1e-415e-98cb-c6a7a0b9f0ae-127883053261952","trial_id":60,"param_name":"REG_W","param_value_internal":403.3800832600389,"distribution":"{\"name\": \"FloatDistribution\", \"attributes\": {\"step\": null, \"low\": 1e-05, \"high\": 1000.0, \"log\": true}}"}
{"op_code":5,"worker_id":"b9c1856f-ab1e-415e-98cb-c6a7a0b9f0ae-127883053261952","trial_id":60,"param_name":"USE_RMS_SCALING","param_value_internal":0,"distribution":"{\"name\": \"CategoricalDistribution\", \"attributes\": {\"choices\": [true, false]}}"}
{"op_code":4,"worker_id":"a13e65ee-7dc3-415d-9238-d3866f541cbd-129075174569088","study_id":0,"datetime_start":"2026-04-30T10:59:46.285224"}
{"op_code":5,"worker_id":"a13e65ee-7dc3-415d-9238-d3866f541cbd-129075174569088","trial_id":61,"param_name":"RANK_REGRESS","param_value_internal":33.0,"distribution":"{\"name\": \"IntDistribution\", \"attributes\": {\"log\": false, \"step\": 1, \"low\": 5, \"high\": 80}}"}
{"op_code":5,"worker_id":"a13e65ee-7dc3-415d-9238-d3866f541cbd-129075174569088","trial_id":61,"param_name":"REG_W","param_value_internal":403.3800832600389,"distribution":"{\"name\": \"FloatDistribution\", \"attributes\": {\"step\": null, \"low\": 1e-05, \"high\": 1000.0, \"log\": true}}"}
{"op_code":5,"worker_id":"a13e65ee-7dc3-415d-9238-d3866f541cbd-129075174569088","trial_id":61,"param_name":"USE_RMS_SCALING","param_value_internal":0,"distribution":"{\"name\": \"CategoricalDistribution\", \"attributes\": {\"choices\": [true, false]}}"}
{"op_code":0,"worker_id":"4626ae63-63b9-495c-8b1a-66dc25cb0e4f-140174208070784","study_name":"cp_pred_surprise_L4","directions":[2]}
{"op_code":0,"worker_id":"cd873cdf-7d99-439c-94ee-8e53b018954d-139022783440000","study_name":"cp_pred_surprise_L4","directions":[2]}
{"op_code":4,"worker_id":"4626ae63-63b9-495c-8b1a-66dc25cb0e4f-140174208070784","study_id":0,"datetime_start":"2026-04-30T10:59:46.759440"}
{"op_code":4,"worker_id":"cd873cdf-7d99-439c-94ee-8e53b018954d-139022783440000","study_id":0,"datetime_start":"2026-04-30T10:59:46.765042"}
{"op_code":5,"worker_id":"4626ae63-63b9-495c-8b1a-66dc25cb0e4f-140174208070784","trial_id":62,"param_name":"RANK_REGRESS","param_value_internal":33.0,"distribution":"{\"name\": \"IntDistribution\", \"attributes\": {\"log\": false, \"step\": 1, \"low\": 5, \"high\": 80}}"}
{"op_code":5,"worker_id":"cd873cdf-7d99-439c-94ee-8e53b018954d-139022783440000","trial_id":63,"param_name":"RANK_REGRESS","param_value_internal":33.0,"distribution":"{\"name\": \"IntDistribution\", \"attributes\": {\"log\": false, \"step\": 1, \"low\": 5, \"high\": 80}}"}
{"op_code":5,"worker_id":"4626ae63-63b9-495c-8b1a-66dc25cb0e4f-140174208070784","trial_id":62,"param_name":"REG_W","param_value_internal":403.3800832600389,"distribution":"{\"name\": \"FloatDistribution\", \"attributes\": {\"step\": null, \"low\": 1e-05, \"high\": 1000.0, \"log\": true}}"}
{"op_code":5,"worker_id":"cd873cdf-7d99-439c-94ee-8e53b018954d-139022783440000","trial_id":63,"param_name":"REG_W","param_value_internal":403.3800832600389,"distribution":"{\"name\": \"FloatDistribution\", \"attributes\": {\"step\": null, \"low\": 1e-05, \"high\": 1000.0, \"log\": true}}"}
{"op_code":5,"worker_id":"4626ae63-63b9-495c-8b1a-66dc25cb0e4f-140174208070784","trial_id":62,"param_name":"USE_RMS_SCALING","param_value_internal":0,"distribution":"{\"name\": \"CategoricalDistribution\", \"attributes\": {\"choices\": [true, false]}}"}
{"op_code":5,"worker_id":"cd873cdf-7d99-439c-94ee-8e53b018954d-139022783440000","trial_id":63,"param_name":"USE_RMS_SCALING","param_value_internal":0,"distribution":"{\"name\": \"CategoricalDistribution\", \"attributes\": {\"choices\": [true, false]}}"}
{"op_code":0,"worker_id":"fb187d01-942b-4d18-a306-2f93a26f139f-124105181521024","study_name":"cp_pred_surprise_L4","directions":[2]}
{"op_code":4,"worker_id":"fb187d01-942b-4d18-a306-2f93a26f139f-124105181521024","study_id":0,"datetime_start":"2026-04-30T10:59:47.271154"}
{"op_code":5,"worker_id":"fb187d01-942b-4d18-a306-2f93a26f139f-124105181521024","trial_id":64,"param_name":"RANK_REGRESS","param_value_internal":33.0,"distribution":"{\"name\": \"IntDistribution\", \"attributes\": {\"log\": false, \"step\": 1, \"low\": 5, \"high\": 80}}"}
{"op_code":5,"worker_id":"fb187d01-942b-4d18-a306-2f93a26f139f-124105181521024","trial_id":64,"param_name":"REG_W","param_value_internal":403.3800832600389,"distribution":"{\"name\": \"FloatDistribution\", \"attributes\": {\"step\": null, \"low\": 1e-05, \"high\": 1000.0, \"log\": true}}"}
{"op_code":5,"worker_id":"fb187d01-942b-4d18-a306-2f93a26f139f-124105181521024","trial_id":64,"param_name":"USE_RMS_SCALING","param_value_internal":0,"distribution":"{\"name\": \"CategoricalDistribution\", \"attributes\": {\"choices\": [true, false]}}"}
{"op_code":0,"worker_id":"5b49d493-5e1c-45fd-bb98-d68317eed123-128533931459712","study_name":"cp_pred_surprise_L4","directions":[2]}
{"op_code":0,"worker_id":"3078fb04-4b51-4556-80e3-3c8b568d95d9-139582597600384","study_name":"cp_pred_surprise_L4","directions":[2]}
{"op_code":0,"worker_id":"024248f5-e1d7-47f9-99a4-d0434a83d289-130502882112640","study_name":"cp_pred_surprise_L4","directions":[2]}
{"op_code":4,"worker_id":"5b49d493-5e1c-45fd-bb98-d68317eed123-128533931459712","study_id":0,"datetime_start":"2026-04-30T10:59:47.569224"}
{"op_code":4,"worker_id":"024248f5-e1d7-47f9-99a4-d0434a83d289-130502882112640","study_id":0,"datetime_start":"2026-04-30T10:59:47.582056"}
{"op_code":5,"worker_id":"5b49d493-5e1c-45fd-bb98-d68317eed123-128533931459712","trial_id":65,"param_name":"RANK_REGRESS","param_value_internal":33.0,"distribution":"{\"name\": \"IntDistribution\", \"attributes\": {\"log\": false, \"step\": 1, \"low\": 5, \"high\": 80}}"}
{"op_code":5,"worker_id":"024248f5-e1d7-47f9-99a4-d0434a83d289-130502882112640","trial_id":66,"param_name":"RANK_REGRESS","param_value_internal":33.0,"distribution":"{\"name\": \"IntDistribution\", \"attributes\": {\"log\": false, \"step\": 1, \"low\": 5, \"high\": 80}}"}
{"op_code":0,"worker_id":"482e3dbe-b3ab-4db9-85a2-e4c5de0e9fe1-130035321586816","study_name":"cp_pred_surprise_L4","directions":[2]}
{"op_code":5,"worker_id":"024248f5-e1d7-47f9-99a4-d0434a83d289-130502882112640","trial_id":66,"param_name":"REG_W","param_value_internal":403.3800832600389,"distribution":"{\"name\": \"FloatDistribution\", \"attributes\": {\"step\": null, \"low\": 1e-05, \"high\": 1000.0, \"log\": true}}"}
{"op_code":5,"worker_id":"024248f5-e1d7-47f9-99a4-d0434a83d289-130502882112640","trial_id":66,"param_name":"USE_RMS_SCALING","param_value_internal":0,"distribution":"{\"name\": \"CategoricalDistribution\", \"attributes\": {\"choices\": [true, false]}}"}
{"op_code":4,"worker_id":"482e3dbe-b3ab-4db9-85a2-e4c5de0e9fe1-130035321586816","study_id":0,"datetime_start":"2026-04-30T10:59:47.703655"}
{"op_code":5,"worker_id":"5b49d493-5e1c-45fd-bb98-d68317eed123-128533931459712","trial_id":65,"param_name":"REG_W","param_value_internal":403.3800832600389,"distribution":"{\"name\": \"FloatDistribution\", \"attributes\": {\"step\": null, \"low\": 1e-05, \"high\": 1000.0, \"log\": true}}"}
{"op_code":5,"worker_id":"482e3dbe-b3ab-4db9-85a2-e4c5de0e9fe1-130035321586816","trial_id":67,"param_name":"RANK_REGRESS","param_value_internal":33.0,"distribution":"{\"name\": \"IntDistribution\", \"attributes\": {\"log\": false, \"step\": 1, \"low\": 5, \"high\": 80}}"}
{"op_code":5,"worker_id":"5b49d493-5e1c-45fd-bb98-d68317eed123-128533931459712","trial_id":65,"param_name":"USE_RMS_SCALING","param_value_internal":0,"distribution":"{\"name\": \"CategoricalDistribution\", \"attributes\": {\"choices\": [true, false]}}"}
{"op_code":5,"worker_id":"482e3dbe-b3ab-4db9-85a2-e4c5de0e9fe1-130035321586816","trial_id":67,"param_name":"REG_W","param_value_internal":403.3800832600389,"distribution":"{\"name\": \"FloatDistribution\", \"attributes\": {\"step\": null, \"low\": 1e-05, \"high\": 1000.0, \"log\": true}}"}
{"op_code":5,"worker_id":"482e3dbe-b3ab-4db9-85a2-e4c5de0e9fe1-130035321586816","trial_id":67,"param_name":"USE_RMS_SCALING","param_value_internal":0,"distribution":"{\"name\": \"CategoricalDistribution\", \"attributes\": {\"choices\": [true, false]}}"}
{"op_code":4,"worker_id":"3078fb04-4b51-4556-80e3-3c8b568d95d9-139582597600384","study_id":0,"datetime_start":"2026-04-30T10:59:47.573067"}
{"op_code":5,"worker_id":"3078fb04-4b51-4556-80e3-3c8b568d95d9-139582597600384","trial_id":68,"param_name":"RANK_REGRESS","param_value_internal":33.0,"distribution":"{\"name\": \"IntDistribution\", \"attributes\": {\"log\": false, \"step\": 1, \"low\": 5, \"high\": 80}}"}
{"op_code":5,"worker_id":"3078fb04-4b51-4556-80e3-3c8b568d95d9-139582597600384","trial_id":68,"param_name":"REG_W","param_value_internal":403.3800832600389,"distribution":"{\"name\": \"FloatDistribution\", \"attributes\": {\"step\": null, \"low\": 1e-05, \"high\": 1000.0, \"log\": true}}"}
{"op_code":5,"worker_id":"3078fb04-4b51-4556-80e3-3c8b568d95d9-139582597600384","trial_id":68,"param_name":"USE_RMS_SCALING","param_value_internal":0,"distribution":"{\"name\": \"CategoricalDistribution\", \"attributes\": {\"choices\": [true, false]}}"}
{"op_code":0,"worker_id":"19a7a31e-3395-41af-a3fc-a4ff03794c43-135951966622848","study_name":"cp_pred_surprise_L4","directions":[2]}
{"op_code":4,"worker_id":"19a7a31e-3395-41af-a3fc-a4ff03794c43-135951966622848","study_id":0,"datetime_start":"2026-04-30T10:59:48.084497"}
{"op_code":5,"worker_id":"19a7a31e-3395-41af-a3fc-a4ff03794c43-135951966622848","trial_id":69,"param_name":"RANK_REGRESS","param_value_internal":33.0,"distribution":"{\"name\": \"IntDistribution\", \"attributes\": {\"log\": false, \"step\": 1, \"low\": 5, \"high\": 80}}"}
{"op_code":5,"worker_id":"19a7a31e-3395-41af-a3fc-a4ff03794c43-135951966622848","trial_id":69,"param_name":"REG_W","param_value_internal":403.3800832600389,"distribution":"{\"name\": \"FloatDistribution\", \"attributes\": {\"step\": null, \"low\": 1e-05, \"high\": 1000.0, \"log\": true}}"}
{"op_code":5,"worker_id":"19a7a31e-3395-41af-a3fc-a4ff03794c43-135951966622848","trial_id":69,"param_name":"USE_RMS_SCALING","param_value_internal":0,"distribution":"{\"name\": \"CategoricalDistribution\", \"attributes\": {\"choices\": [true, false]}}"}
{"op_code":0,"worker_id":"23e5c6d0-f5a6-48d7-a4f9-d9db41b71a6a-137804978283648","study_name":"cp_pred_surprise_L4","directions":[2]}
{"op_code":4,"worker_id":"23e5c6d0-f5a6-48d7-a4f9-d9db41b71a6a-137804978283648","study_id":0,"datetime_start":"2026-04-30T10:59:48.597507"}
{"op_code":5,"worker_id":"23e5c6d0-f5a6-48d7-a4f9-d9db41b71a6a-137804978283648","trial_id":70,"param_name":"RANK_REGRESS","param_value_internal":33.0,"distribution":"{\"name\": \"IntDistribution\", \"attributes\": {\"log\": false, \"step\": 1, \"low\": 5, \"high\": 80}}"}
{"op_code":5,"worker_id":"23e5c6d0-f5a6-48d7-a4f9-d9db41b71a6a-137804978283648","trial_id":70,"param_name":"REG_W","param_value_internal":403.3800832600389,"distribution":"{\"name\": \"FloatDistribution\", \"attributes\": {\"step\": null, \"low\": 1e-05, \"high\": 1000.0, \"log\": true}}"}
{"op_code":5,"worker_id":"23e5c6d0-f5a6-48d7-a4f9-d9db41b71a6a-137804978283648","trial_id":70,"param_name":"USE_RMS_SCALING","param_value_internal":0,"distribution":"{\"name\": \"CategoricalDistribution\", \"attributes\": {\"choices\": [true, false]}}"}
{"op_code":6,"worker_id":"26da94b7-8046-469b-a98e-70fbf524eb97-136303033369728","trial_id":3,"state":1,"values":[0.7336781355701287],"datetime_complete":"2026-04-30T11:07:25.047839"}
{"op_code":6,"worker_id":"b2839d4b-81d1-487e-aa0f-698528ecadbe-140129421051008","trial_id":32,"state":1,"values":[0.7336781355701287],"datetime_complete":"2026-04-30T11:09:23.603921"}
{"op_code":6,"worker_id":"9ea11b60-f548-4286-bcfb-dd17fadf5020-136926041937024","trial_id":25,"state":1,"values":[0.7336781355701287],"datetime_complete":"2026-04-30T11:17:32.113562"}
{"op_code":6,"worker_id":"b2ba3999-4a1e-40ad-acde-29347621a3cd-137137951761536","trial_id":14,"state":1,"values":[0.7336781355701287],"datetime_complete":"2026-04-30T11:24:35.955493"}
{"op_code":6,"worker_id":"429bf2bc-0d13-407a-8418-3f965f6d1853-130468387284096","trial_id":37,"state":1,"values":[0.7336781355701287],"datetime_complete":"2026-04-30T11:26:49.927786"}
{"op_code":6,"worker_id":"f2234465-4cdd-4849-9345-bd379ccc2a3f-138825856566400","trial_id":5,"state":1,"values":[0.7336781355701287],"datetime_complete":"2026-04-30T11:29:19.230559"}
{"op_code":6,"worker_id":"fadf0979-d401-4774-bee6-0412fe924dd3-124662971815040","trial_id":11,"state":1,"values":[0.7336781355701287],"datetime_complete":"2026-04-30T11:31:41.870846"}
{"op_code":6,"worker_id":"fc11ddce-dc87-402d-a51f-196e14b274bc-140220895134848","trial_id":30,"state":1,"values":[0.7336781355701287],"datetime_complete":"2026-04-30T11:37:02.763264"}
{"op_code":6,"worker_id":"d79d72bb-4e79-48d8-8dc1-ba0a802a5775-125465213691008","trial_id":22,"state":1,"values":[0.7336781355701287],"datetime_complete":"2026-04-30T11:39:56.042889"}
{"op_code":6,"worker_id":"49de6685-bc91-4063-a5b3-8fa5feb0ffba-136118102910080","trial_id":8,"state":1,"values":[0.7336781355701287],"datetime_complete":"2026-04-30T11:54:17.665579"}
{"op_code":6,"worker_id":"ca30429d-fd7e-4c6b-ba0d-1f3949b6c31d-129984795083904","trial_id":35,"state":1,"values":[0.7336781355701287],"datetime_complete":"2026-04-30T11:55:59.554785"}
{"op_code":6,"worker_id":"109dbd71-f7f8-4b18-ae63-694839466950-130454025004160","trial_id":4,"state":1,"values":[0.7336781355701287],"datetime_complete":"2026-04-30T11:56:29.658907"}
{"op_code":6,"worker_id":"a561410d-16c5-43a3-879b-6d89a699fdd5-124802030711936","trial_id":34,"state":1,"values":[0.7336781355701287],"datetime_complete":"2026-04-30T12:03:21.951226"}
{"op_code":6,"worker_id":"b7936185-3ba1-4284-817b-c1f8b9eeb955-128513342702720","trial_id":18,"state":1,"values":[0.7336781355701287],"datetime_complete":"2026-04-30T12:05:15.784787"}
{"op_code":6,"worker_id":"fb585c39-c5be-4218-a77a-3654e441318c-131462450828416","trial_id":36,"state":1,"values":[0.7336781355701287],"datetime_complete":"2026-04-30T12:06:39.797705"}
{"op_code":6,"worker_id":"8a34df03-f8ce-48a2-a1b6-d57c2767a4ab-131290256577664","trial_id":17,"state":1,"values":[0.7336781355701287],"datetime_complete":"2026-04-30T12:06:46.063291"}
{"op_code":6,"worker_id":"7d561540-887c-49ac-b5d8-e9f23f01443b-133204439815296","trial_id":33,"state":1,"values":[0.7336781355701287],"datetime_complete":"2026-04-30T12:06:50.378792"}
{"op_code":6,"worker_id":"efda43ec-7251-4078-8a7e-7640f85f180f-136469115573376","trial_id":13,"state":1,"values":[0.7336781355701287],"datetime_complete":"2026-04-30T12:17:06.142067"}
{"op_code":6,"worker_id":"20873834-92e6-4882-b6cc-98d81001beaf-131196621976704","trial_id":15,"state":1,"values":[0.7336781355701287],"datetime_complete":"2026-04-30T12:19:16.737189"}
{"op_code":6,"worker_id":"de480f31-d7ce-4001-a222-83f314f073d5-133897017996416","trial_id":26,"state":1,"values":[0.7336781355701287],"datetime_complete":"2026-04-30T12:19:32.433492"}
{"op_code":6,"worker_id":"aafda777-e633-4063-94cd-d6046e38ed0c-139708363633792","trial_id":7,"state":1,"values":[0.7336781355701287],"datetime_complete":"2026-04-30T12:22:49.607985"}
{"op_code":6,"worker_id":"339d9e6d-27ba-4623-88c1-96e6deca3c6b-125715802592384","trial_id":9,"state":1,"values":[0.7336781355701287],"datetime_complete":"2026-04-30T12:24:42.541727"}
{"op_code":6,"worker_id":"25e4ab45-fd7b-4b2e-8584-593781072ed1-134121074050176","trial_id":27,"state":1,"values":[0.7336781355701287],"datetime_complete":"2026-04-30T12:37:28.553797"}
{"op_code":6,"worker_id":"1644002c-3d7f-4efe-a754-1e086f86f339-137200049579136","trial_id":31,"state":1,"values":[0.7336781355701287],"datetime_complete":"2026-04-30T12:39:28.221500"}
{"op_code":6,"worker_id":"9fa503af-47fb-4d59-826d-0a84e3ec1aa0-126364106818688","trial_id":24,"state":1,"values":[0.7336781355701287],"datetime_complete":"2026-04-30T12:45:35.420910"}
{"op_code":6,"worker_id":"91160554-51d9-4497-9c56-844f832668b9-138346594149504","trial_id":39,"state":1,"values":[0.7336781355701287],"datetime_complete":"2026-04-30T12:51:35.024028"}
{"op_code":6,"worker_id":"7bd7f476-a017-407d-a743-416d4251c552-136368363562112","trial_id":40,"state":1,"values":[0.7336781355701287],"datetime_complete":"2026-04-30T12:55:20.742777"}
{"op_code":6,"worker_id":"257af515-fb7d-453b-9e33-51f4f81fa715-134836324287616","trial_id":38,"state":1,"values":[0.7336781355701287],"datetime_complete":"2026-04-30T12:58:36.394718"}
{"op_code":6,"worker_id":"0d08dd86-edcc-4981-b0d6-f43b85dcf358-126029170013312","trial_id":44,"state":1,"values":[0.7336781355701287],"datetime_complete":"2026-04-30T13:06:04.030828"}
{"op_code":6,"worker_id":"03cafc73-1f25-4510-9186-b0ac1bda7f68-128712357835904","trial_id":42,"state":1,"values":[0.7336781355701287],"datetime_complete":"2026-04-30T13:24:09.770499"}
{"op_code":6,"worker_id":"9d4165c5-64c5-4244-a7fe-1c00beba00cc-137268570911872","trial_id":43,"state":1,"values":[0.7336781355701287],"datetime_complete":"2026-04-30T13:26:47.112248"}
{"op_code":6,"worker_id":"65acc58d-2da6-4ca4-80d0-bed326b1b198-138017936090240","trial_id":41,"state":1,"values":[0.7336781355701287],"datetime_complete":"2026-04-30T13:31:54.358056"}
{"op_code":6,"worker_id":"676bdd7d-f28d-4082-935b-f3f5c1d8f7cf-137392423974016","trial_id":46,"state":1,"values":[0.7336781355701287],"datetime_complete":"2026-04-30T13:32:17.626745"}
{"op_code":6,"worker_id":"0feb6715-5c81-4965-896d-6fe0b85bc797-135079664297088","trial_id":45,"state":1,"values":[0.7336781355701287],"datetime_complete":"2026-04-30T13:33:35.808058"}
