{"op_code":0,"worker_id":"fce79032-ffe7-4964-9fed-b71543efcf0b-125104192373888","study_name":"cp_pred_levels_L4","directions":[2]}
{"op_code":4,"worker_id":"fce79032-ffe7-4964-9fed-b71543efcf0b-125104192373888","study_id":0,"datetime_start":null,"state":4,"value":null,"values":null,"distributions":{},"params":{},"user_attrs":{},"system_attrs":{"fixed_params":{"RANK_REGRESS":5,"REG_W":67.3035,"USE_RMS_SCALING":true}},"intermediate_values":{}}
{"op_code":6,"worker_id":"fce79032-ffe7-4964-9fed-b71543efcf0b-125104192373888","trial_id":0,"state":0,"values":null,"datetime_start":"2026-04-29T20:43:59.664738"}
{"op_code":5,"worker_id":"fce79032-ffe7-4964-9fed-b71543efcf0b-125104192373888","trial_id":0,"param_name":"RANK_REGRESS","param_value_internal":5.0,"distribution":"{\"name\": \"IntDistribution\", \"attributes\": {\"log\": false, \"step\": 1, \"low\": 5, \"high\": 80}}"}
{"op_code":5,"worker_id":"fce79032-ffe7-4964-9fed-b71543efcf0b-125104192373888","trial_id":0,"param_name":"REG_W","param_value_internal":67.3035,"distribution":"{\"name\": \"FloatDistribution\", \"attributes\": {\"step\": null, \"low\": 1e-05, \"high\": 1000.0, \"log\": true}}"}
{"op_code":5,"worker_id":"fce79032-ffe7-4964-9fed-b71543efcf0b-125104192373888","trial_id":0,"param_name":"USE_RMS_SCALING","param_value_internal":0,"distribution":"{\"name\": \"CategoricalDistribution\", \"attributes\": {\"choices\": [true, false]}}"}
{"op_code":0,"worker_id":"dc58bed9-d52d-434f-b69e-cc24a00afdc3-130086693164160","study_name":"cp_pred_levels_L4","directions":[2]}
{"op_code":4,"worker_id":"dc58bed9-d52d-434f-b69e-cc24a00afdc3-130086693164160","study_id":0,"datetime_start":"2026-04-29T20:44:02.469138"}
{"op_code":5,"worker_id":"dc58bed9-d52d-434f-b69e-cc24a00afdc3-130086693164160","trial_id":1,"param_name":"RANK_REGRESS","param_value_internal":33.0,"distribution":"{\"name\": \"IntDistribution\", \"attributes\": {\"log\": false, \"step\": 1, \"low\": 5, \"high\": 80}}"}
{"op_code":5,"worker_id":"dc58bed9-d52d-434f-b69e-cc24a00afdc3-130086693164160","trial_id":1,"param_name":"REG_W","param_value_internal":403.3800832600389,"distribution":"{\"name\": \"FloatDistribution\", \"attributes\": {\"step\": null, \"low\": 1e-05, \"high\": 1000.0, \"log\": true}}"}
{"op_code":5,"worker_id":"dc58bed9-d52d-434f-b69e-cc24a00afdc3-130086693164160","trial_id":1,"param_name":"USE_RMS_SCALING","param_value_internal":0,"distribution":"{\"name\": \"CategoricalDistribution\", \"attributes\": {\"choices\": [true, false]}}"}
{"op_code":0,"worker_id":"b07d1941-d7f9-40f5-a5c1-182135915de9-131965904262272","study_name":"cp_pred_levels_L4","directions":[2]}
{"op_code":4,"worker_id":"b07d1941-d7f9-40f5-a5c1-182135915de9-131965904262272","study_id":0,"datetime_start":"2026-04-29T20:44:03.059464"}
{"op_code":0,"worker_id":"5f6dad6c-e020-4377-a3e0-6e96a45932b3-133969912501376","study_name":"cp_pred_levels_L4","directions":[2]}
{"op_code":5,"worker_id":"b07d1941-d7f9-40f5-a5c1-182135915de9-131965904262272","trial_id":2,"param_name":"RANK_REGRESS","param_value_internal":33.0,"distribution":"{\"name\": \"IntDistribution\", \"attributes\": {\"log\": false, \"step\": 1, \"low\": 5, \"high\": 80}}"}
{"op_code":5,"worker_id":"b07d1941-d7f9-40f5-a5c1-182135915de9-131965904262272","trial_id":2,"param_name":"REG_W","param_value_internal":403.3800832600389,"distribution":"{\"name\": \"FloatDistribution\", \"attributes\": {\"step\": null, \"low\": 1e-05, \"high\": 1000.0, \"log\": true}}"}
{"op_code":5,"worker_id":"b07d1941-d7f9-40f5-a5c1-182135915de9-131965904262272","trial_id":2,"param_name":"USE_RMS_SCALING","param_value_internal":0,"distribution":"{\"name\": \"CategoricalDistribution\", \"attributes\": {\"choices\": [true, false]}}"}
{"op_code":4,"worker_id":"5f6dad6c-e020-4377-a3e0-6e96a45932b3-133969912501376","study_id":0,"datetime_start":"2026-04-29T20:44:03.199832"}
{"op_code":5,"worker_id":"5f6dad6c-e020-4377-a3e0-6e96a45932b3-133969912501376","trial_id":3,"param_name":"RANK_REGRESS","param_value_internal":33.0,"distribution":"{\"name\": \"IntDistribution\", \"attributes\": {\"log\": false, \"step\": 1, \"low\": 5, \"high\": 80}}"}
{"op_code":5,"worker_id":"5f6dad6c-e020-4377-a3e0-6e96a45932b3-133969912501376","trial_id":3,"param_name":"REG_W","param_value_internal":403.3800832600389,"distribution":"{\"name\": \"FloatDistribution\", \"attributes\": {\"step\": null, \"low\": 1e-05, \"high\": 1000.0, \"log\": true}}"}
{"op_code":5,"worker_id":"5f6dad6c-e020-4377-a3e0-6e96a45932b3-133969912501376","trial_id":3,"param_name":"USE_RMS_SCALING","param_value_internal":0,"distribution":"{\"name\": \"CategoricalDistribution\", \"attributes\": {\"choices\": [true, false]}}"}
{"op_code":0,"worker_id":"b70ade9b-0409-4962-8bd4-d5e0a747f39d-129213375714432","study_name":"cp_pred_levels_L4","directions":[2]}
{"op_code":4,"worker_id":"b70ade9b-0409-4962-8bd4-d5e0a747f39d-129213375714432","study_id":0,"datetime_start":"2026-04-29T20:44:03.794796"}
{"op_code":5,"worker_id":"b70ade9b-0409-4962-8bd4-d5e0a747f39d-129213375714432","trial_id":4,"param_name":"RANK_REGRESS","param_value_internal":33.0,"distribution":"{\"name\": \"IntDistribution\", \"attributes\": {\"log\": false, \"step\": 1, \"low\": 5, \"high\": 80}}"}
{"op_code":5,"worker_id":"b70ade9b-0409-4962-8bd4-d5e0a747f39d-129213375714432","trial_id":4,"param_name":"REG_W","param_value_internal":403.3800832600389,"distribution":"{\"name\": \"FloatDistribution\", \"attributes\": {\"step\": null, \"low\": 1e-05, \"high\": 1000.0, \"log\": true}}"}
{"op_code":5,"worker_id":"b70ade9b-0409-4962-8bd4-d5e0a747f39d-129213375714432","trial_id":4,"param_name":"USE_RMS_SCALING","param_value_internal":0,"distribution":"{\"name\": \"CategoricalDistribution\", \"attributes\": {\"choices\": [true, false]}}"}
{"op_code":0,"worker_id":"ac1aab38-5174-484b-ab07-970ed1c39410-134627180987520","study_name":"cp_pred_levels_L4","directions":[2]}
{"op_code":4,"worker_id":"ac1aab38-5174-484b-ab07-970ed1c39410-134627180987520","study_id":0,"datetime_start":"2026-04-29T20:44:04.296702"}
{"op_code":5,"worker_id":"ac1aab38-5174-484b-ab07-970ed1c39410-134627180987520","trial_id":5,"param_name":"RANK_REGRESS","param_value_internal":33.0,"distribution":"{\"name\": \"IntDistribution\", \"attributes\": {\"log\": false, \"step\": 1, \"low\": 5, \"high\": 80}}"}
{"op_code":0,"worker_id":"f05c0644-4c77-4bce-9fe6-f9276ded0551-124455710094464","study_name":"cp_pred_levels_L4","directions":[2]}
{"op_code":5,"worker_id":"ac1aab38-5174-484b-ab07-970ed1c39410-134627180987520","trial_id":5,"param_name":"REG_W","param_value_internal":403.3800832600389,"distribution":"{\"name\": \"FloatDistribution\", \"attributes\": {\"step\": null, \"low\": 1e-05, \"high\": 1000.0, \"log\": true}}"}
{"op_code":5,"worker_id":"ac1aab38-5174-484b-ab07-970ed1c39410-134627180987520","trial_id":5,"param_name":"USE_RMS_SCALING","param_value_internal":0,"distribution":"{\"name\": \"CategoricalDistribution\", \"attributes\": {\"choices\": [true, false]}}"}
{"op_code":4,"worker_id":"f05c0644-4c77-4bce-9fe6-f9276ded0551-124455710094464","study_id":0,"datetime_start":"2026-04-29T20:44:04.475376"}
{"op_code":5,"worker_id":"f05c0644-4c77-4bce-9fe6-f9276ded0551-124455710094464","trial_id":6,"param_name":"RANK_REGRESS","param_value_internal":33.0,"distribution":"{\"name\": \"IntDistribution\", \"attributes\": {\"log\": false, \"step\": 1, \"low\": 5, \"high\": 80}}"}
{"op_code":5,"worker_id":"f05c0644-4c77-4bce-9fe6-f9276ded0551-124455710094464","trial_id":6,"param_name":"REG_W","param_value_internal":403.3800832600389,"distribution":"{\"name\": \"FloatDistribution\", \"attributes\": {\"step\": null, \"low\": 1e-05, \"high\": 1000.0, \"log\": true}}"}
{"op_code":5,"worker_id":"f05c0644-4c77-4bce-9fe6-f9276ded0551-124455710094464","trial_id":6,"param_name":"USE_RMS_SCALING","param_value_internal":0,"distribution":"{\"name\": \"CategoricalDistribution\", \"attributes\": {\"choices\": [true, false]}}"}
{"op_code":0,"worker_id":"af1af411-be74-43ae-b3b3-1e9c8a074f44-128254048564352","study_name":"cp_pred_levels_L4","directions":[2]}
{"op_code":4,"worker_id":"af1af411-be74-43ae-b3b3-1e9c8a074f44-128254048564352","study_id":0,"datetime_start":"2026-04-29T20:44:04.896772"}
{"op_code":5,"worker_id":"af1af411-be74-43ae-b3b3-1e9c8a074f44-128254048564352","trial_id":7,"param_name":"RANK_REGRESS","param_value_internal":33.0,"distribution":"{\"name\": \"IntDistribution\", \"attributes\": {\"log\": false, \"step\": 1, \"low\": 5, \"high\": 80}}"}
{"op_code":5,"worker_id":"af1af411-be74-43ae-b3b3-1e9c8a074f44-128254048564352","trial_id":7,"param_name":"REG_W","param_value_internal":403.3800832600389,"distribution":"{\"name\": \"FloatDistribution\", \"attributes\": {\"step\": null, \"low\": 1e-05, \"high\": 1000.0, \"log\": true}}"}
{"op_code":5,"worker_id":"af1af411-be74-43ae-b3b3-1e9c8a074f44-128254048564352","trial_id":7,"param_name":"USE_RMS_SCALING","param_value_internal":0,"distribution":"{\"name\": \"CategoricalDistribution\", \"attributes\": {\"choices\": [true, false]}}"}
{"op_code":0,"worker_id":"6e32d4a3-21c2-4729-9d30-f0bbd18e5c44-140504136565888","study_name":"cp_pred_levels_L4","directions":[2]}
{"op_code":4,"worker_id":"6e32d4a3-21c2-4729-9d30-f0bbd18e5c44-140504136565888","study_id":0,"datetime_start":"2026-04-29T20:44:05.831526"}
{"op_code":0,"worker_id":"adc92492-5d50-4a9a-bc01-8e62b35a077d-131673059120256","study_name":"cp_pred_levels_L4","directions":[2]}
{"op_code":5,"worker_id":"6e32d4a3-21c2-4729-9d30-f0bbd18e5c44-140504136565888","trial_id":8,"param_name":"RANK_REGRESS","param_value_internal":33.0,"distribution":"{\"name\": \"IntDistribution\", \"attributes\": {\"log\": false, \"step\": 1, \"low\": 5, \"high\": 80}}"}
{"op_code":5,"worker_id":"6e32d4a3-21c2-4729-9d30-f0bbd18e5c44-140504136565888","trial_id":8,"param_name":"REG_W","param_value_internal":403.3800832600389,"distribution":"{\"name\": \"FloatDistribution\", \"attributes\": {\"step\": null, \"low\": 1e-05, \"high\": 1000.0, \"log\": true}}"}
{"op_code":5,"worker_id":"6e32d4a3-21c2-4729-9d30-f0bbd18e5c44-140504136565888","trial_id":8,"param_name":"USE_RMS_SCALING","param_value_internal":0,"distribution":"{\"name\": \"CategoricalDistribution\", \"attributes\": {\"choices\": [true, false]}}"}
{"op_code":4,"worker_id":"adc92492-5d50-4a9a-bc01-8e62b35a077d-131673059120256","study_id":0,"datetime_start":"2026-04-29T20:44:05.990257"}
{"op_code":5,"worker_id":"adc92492-5d50-4a9a-bc01-8e62b35a077d-131673059120256","trial_id":9,"param_name":"RANK_REGRESS","param_value_internal":33.0,"distribution":"{\"name\": \"IntDistribution\", \"attributes\": {\"log\": false, \"step\": 1, \"low\": 5, \"high\": 80}}"}
{"op_code":5,"worker_id":"adc92492-5d50-4a9a-bc01-8e62b35a077d-131673059120256","trial_id":9,"param_name":"REG_W","param_value_internal":403.3800832600389,"distribution":"{\"name\": \"FloatDistribution\", \"attributes\": {\"step\": null, \"low\": 1e-05, \"high\": 1000.0, \"log\": true}}"}
{"op_code":5,"worker_id":"adc92492-5d50-4a9a-bc01-8e62b35a077d-131673059120256","trial_id":9,"param_name":"USE_RMS_SCALING","param_value_internal":0,"distribution":"{\"name\": \"CategoricalDistribution\", \"attributes\": {\"choices\": [true, false]}}"}
{"op_code":0,"worker_id":"e94e3195-2a85-46d6-b7ce-a6f89abc582e-128945849517184","study_name":"cp_pred_levels_L4","directions":[2]}
{"op_code":4,"worker_id":"e94e3195-2a85-46d6-b7ce-a6f89abc582e-128945849517184","study_id":0,"datetime_start":"2026-04-29T20:48:25.096516"}
{"op_code":5,"worker_id":"e94e3195-2a85-46d6-b7ce-a6f89abc582e-128945849517184","trial_id":10,"param_name":"RANK_REGRESS","param_value_internal":33.0,"distribution":"{\"name\": \"IntDistribution\", \"attributes\": {\"log\": false, \"step\": 1, \"low\": 5, \"high\": 80}}"}
{"op_code":5,"worker_id":"e94e3195-2a85-46d6-b7ce-a6f89abc582e-128945849517184","trial_id":10,"param_name":"REG_W","param_value_internal":403.3800832600389,"distribution":"{\"name\": \"FloatDistribution\", \"attributes\": {\"step\": null, \"low\": 1e-05, \"high\": 1000.0, \"log\": true}}"}
{"op_code":5,"worker_id":"e94e3195-2a85-46d6-b7ce-a6f89abc582e-128945849517184","trial_id":10,"param_name":"USE_RMS_SCALING","param_value_internal":0,"distribution":"{\"name\": \"CategoricalDistribution\", \"attributes\": {\"choices\": [true, false]}}"}
{"op_code":0,"worker_id":"9117be46-b10e-48f5-b393-bc5cb5eaf050-127828624667776","study_name":"cp_pred_levels_L4","directions":[2]}
{"op_code":4,"worker_id":"9117be46-b10e-48f5-b393-bc5cb5eaf050-127828624667776","study_id":0,"datetime_start":"2026-04-29T20:48:26.684105"}
{"op_code":5,"worker_id":"9117be46-b10e-48f5-b393-bc5cb5eaf050-127828624667776","trial_id":11,"param_name":"RANK_REGRESS","param_value_internal":33.0,"distribution":"{\"name\": \"IntDistribution\", \"attributes\": {\"log\": false, \"step\": 1, \"low\": 5, \"high\": 80}}"}
{"op_code":0,"worker_id":"90791067-83cc-4495-8d70-11d1036e2ba4-129614731957376","study_name":"cp_pred_levels_L4","directions":[2]}
{"op_code":5,"worker_id":"9117be46-b10e-48f5-b393-bc5cb5eaf050-127828624667776","trial_id":11,"param_name":"REG_W","param_value_internal":403.3800832600389,"distribution":"{\"name\": \"FloatDistribution\", \"attributes\": {\"step\": null, \"low\": 1e-05, \"high\": 1000.0, \"log\": true}}"}
{"op_code":4,"worker_id":"90791067-83cc-4495-8d70-11d1036e2ba4-129614731957376","study_id":0,"datetime_start":"2026-04-29T20:48:26.792395"}
{"op_code":5,"worker_id":"9117be46-b10e-48f5-b393-bc5cb5eaf050-127828624667776","trial_id":11,"param_name":"USE_RMS_SCALING","param_value_internal":0,"distribution":"{\"name\": \"CategoricalDistribution\", \"attributes\": {\"choices\": [true, false]}}"}
{"op_code":5,"worker_id":"90791067-83cc-4495-8d70-11d1036e2ba4-129614731957376","trial_id":12,"param_name":"RANK_REGRESS","param_value_internal":33.0,"distribution":"{\"name\": \"IntDistribution\", \"attributes\": {\"log\": false, \"step\": 1, \"low\": 5, \"high\": 80}}"}
{"op_code":5,"worker_id":"90791067-83cc-4495-8d70-11d1036e2ba4-129614731957376","trial_id":12,"param_name":"REG_W","param_value_internal":403.3800832600389,"distribution":"{\"name\": \"FloatDistribution\", \"attributes\": {\"step\": null, \"low\": 1e-05, \"high\": 1000.0, \"log\": true}}"}
{"op_code":5,"worker_id":"90791067-83cc-4495-8d70-11d1036e2ba4-129614731957376","trial_id":12,"param_name":"USE_RMS_SCALING","param_value_internal":0,"distribution":"{\"name\": \"CategoricalDistribution\", \"attributes\": {\"choices\": [true, false]}}"}
{"op_code":0,"worker_id":"1ae95c80-5326-4284-9176-609fb8c7e775-123481421587584","study_name":"cp_pred_levels_L4","directions":[2]}
{"op_code":4,"worker_id":"1ae95c80-5326-4284-9176-609fb8c7e775-123481421587584","study_id":0,"datetime_start":"2026-04-29T20:48:27.194015"}
{"op_code":5,"worker_id":"1ae95c80-5326-4284-9176-609fb8c7e775-123481421587584","trial_id":13,"param_name":"RANK_REGRESS","param_value_internal":33.0,"distribution":"{\"name\": \"IntDistribution\", \"attributes\": {\"log\": false, \"step\": 1, \"low\": 5, \"high\": 80}}"}
{"op_code":5,"worker_id":"1ae95c80-5326-4284-9176-609fb8c7e775-123481421587584","trial_id":13,"param_name":"REG_W","param_value_internal":403.3800832600389,"distribution":"{\"name\": \"FloatDistribution\", \"attributes\": {\"step\": null, \"low\": 1e-05, \"high\": 1000.0, \"log\": true}}"}
{"op_code":5,"worker_id":"1ae95c80-5326-4284-9176-609fb8c7e775-123481421587584","trial_id":13,"param_name":"USE_RMS_SCALING","param_value_internal":0,"distribution":"{\"name\": \"CategoricalDistribution\", \"attributes\": {\"choices\": [true, false]}}"}
{"op_code":0,"worker_id":"dfd74d95-c248-40f1-9ec1-4b688e01c1bb-133922386404480","study_name":"cp_pred_levels_L4","directions":[2]}
{"op_code":4,"worker_id":"dfd74d95-c248-40f1-9ec1-4b688e01c1bb-133922386404480","study_id":0,"datetime_start":"2026-04-29T20:48:27.724512"}
{"op_code":5,"worker_id":"dfd74d95-c248-40f1-9ec1-4b688e01c1bb-133922386404480","trial_id":14,"param_name":"RANK_REGRESS","param_value_internal":33.0,"distribution":"{\"name\": \"IntDistribution\", \"attributes\": {\"log\": false, \"step\": 1, \"low\": 5, \"high\": 80}}"}
{"op_code":5,"worker_id":"dfd74d95-c248-40f1-9ec1-4b688e01c1bb-133922386404480","trial_id":14,"param_name":"REG_W","param_value_internal":403.3800832600389,"distribution":"{\"name\": \"FloatDistribution\", \"attributes\": {\"step\": null, \"low\": 1e-05, \"high\": 1000.0, \"log\": true}}"}
{"op_code":5,"worker_id":"dfd74d95-c248-40f1-9ec1-4b688e01c1bb-133922386404480","trial_id":14,"param_name":"USE_RMS_SCALING","param_value_internal":0,"distribution":"{\"name\": \"CategoricalDistribution\", \"attributes\": {\"choices\": [true, false]}}"}
{"op_code":0,"worker_id":"9af8df53-4d01-48a4-a369-0b4a0337cffe-124399394555008","study_name":"cp_pred_levels_L4","directions":[2]}
{"op_code":4,"worker_id":"9af8df53-4d01-48a4-a369-0b4a0337cffe-124399394555008","study_id":0,"datetime_start":"2026-04-29T20:48:28.322166"}
{"op_code":5,"worker_id":"9af8df53-4d01-48a4-a369-0b4a0337cffe-124399394555008","trial_id":15,"param_name":"RANK_REGRESS","param_value_internal":33.0,"distribution":"{\"name\": \"IntDistribution\", \"attributes\": {\"log\": false, \"step\": 1, \"low\": 5, \"high\": 80}}"}
{"op_code":5,"worker_id":"9af8df53-4d01-48a4-a369-0b4a0337cffe-124399394555008","trial_id":15,"param_name":"REG_W","param_value_internal":403.3800832600389,"distribution":"{\"name\": \"FloatDistribution\", \"attributes\": {\"step\": null, \"low\": 1e-05, \"high\": 1000.0, \"log\": true}}"}
{"op_code":0,"worker_id":"ccb011cc-60d0-4641-8bd4-082887c60afa-123545107711104","study_name":"cp_pred_levels_L4","directions":[2]}
{"op_code":5,"worker_id":"9af8df53-4d01-48a4-a369-0b4a0337cffe-124399394555008","trial_id":15,"param_name":"USE_RMS_SCALING","param_value_internal":0,"distribution":"{\"name\": \"CategoricalDistribution\", \"attributes\": {\"choices\": [true, false]}}"}
{"op_code":4,"worker_id":"ccb011cc-60d0-4641-8bd4-082887c60afa-123545107711104","study_id":0,"datetime_start":"2026-04-29T20:48:28.445275"}
{"op_code":5,"worker_id":"ccb011cc-60d0-4641-8bd4-082887c60afa-123545107711104","trial_id":16,"param_name":"RANK_REGRESS","param_value_internal":33.0,"distribution":"{\"name\": \"IntDistribution\", \"attributes\": {\"log\": false, \"step\": 1, \"low\": 5, \"high\": 80}}"}
{"op_code":5,"worker_id":"ccb011cc-60d0-4641-8bd4-082887c60afa-123545107711104","trial_id":16,"param_name":"REG_W","param_value_internal":403.3800832600389,"distribution":"{\"name\": \"FloatDistribution\", \"attributes\": {\"step\": null, \"low\": 1e-05, \"high\": 1000.0, \"log\": true}}"}
{"op_code":5,"worker_id":"ccb011cc-60d0-4641-8bd4-082887c60afa-123545107711104","trial_id":16,"param_name":"USE_RMS_SCALING","param_value_internal":0,"distribution":"{\"name\": \"CategoricalDistribution\", \"attributes\": {\"choices\": [true, false]}}"}
{"op_code":0,"worker_id":"f681c610-1050-461a-ab97-8b3c3d0a487b-129462872171648","study_name":"cp_pred_levels_L4","directions":[2]}
{"op_code":4,"worker_id":"f681c610-1050-461a-ab97-8b3c3d0a487b-129462872171648","study_id":0,"datetime_start":"2026-04-29T20:48:28.797019"}
{"op_code":5,"worker_id":"f681c610-1050-461a-ab97-8b3c3d0a487b-129462872171648","trial_id":17,"param_name":"RANK_REGRESS","param_value_internal":33.0,"distribution":"{\"name\": \"IntDistribution\", \"attributes\": {\"log\": false, \"step\": 1, \"low\": 5, \"high\": 80}}"}
{"op_code":0,"worker_id":"457fdd4b-042f-45e4-9841-f86d6c35caa1-128282302547072","study_name":"cp_pred_levels_L4","directions":[2]}
{"op_code":5,"worker_id":"f681c610-1050-461a-ab97-8b3c3d0a487b-129462872171648","trial_id":17,"param_name":"REG_W","param_value_internal":403.3800832600389,"distribution":"{\"name\": \"FloatDistribution\", \"attributes\": {\"step\": null, \"low\": 1e-05, \"high\": 1000.0, \"log\": true}}"}
{"op_code":5,"worker_id":"f681c610-1050-461a-ab97-8b3c3d0a487b-129462872171648","trial_id":17,"param_name":"USE_RMS_SCALING","param_value_internal":0,"distribution":"{\"name\": \"CategoricalDistribution\", \"attributes\": {\"choices\": [true, false]}}"}
{"op_code":4,"worker_id":"457fdd4b-042f-45e4-9841-f86d6c35caa1-128282302547072","study_id":0,"datetime_start":"2026-04-29T20:48:28.929303"}
{"op_code":5,"worker_id":"457fdd4b-042f-45e4-9841-f86d6c35caa1-128282302547072","trial_id":18,"param_name":"RANK_REGRESS","param_value_internal":33.0,"distribution":"{\"name\": \"IntDistribution\", \"attributes\": {\"log\": false, \"step\": 1, \"low\": 5, \"high\": 80}}"}
{"op_code":5,"worker_id":"457fdd4b-042f-45e4-9841-f86d6c35caa1-128282302547072","trial_id":18,"param_name":"REG_W","param_value_internal":403.3800832600389,"distribution":"{\"name\": \"FloatDistribution\", \"attributes\": {\"step\": null, \"low\": 1e-05, \"high\": 1000.0, \"log\": true}}"}
{"op_code":5,"worker_id":"457fdd4b-042f-45e4-9841-f86d6c35caa1-128282302547072","trial_id":18,"param_name":"USE_RMS_SCALING","param_value_internal":0,"distribution":"{\"name\": \"CategoricalDistribution\", \"attributes\": {\"choices\": [true, false]}}"}
{"op_code":0,"worker_id":"10e62203-a6cb-460b-a447-32c0792a87d5-137194358342784","study_name":"cp_pred_levels_L4","directions":[2]}
{"op_code":4,"worker_id":"10e62203-a6cb-460b-a447-32c0792a87d5-137194358342784","study_id":0,"datetime_start":"2026-04-29T20:48:29.300268"}
{"op_code":5,"worker_id":"10e62203-a6cb-460b-a447-32c0792a87d5-137194358342784","trial_id":19,"param_name":"RANK_REGRESS","param_value_internal":33.0,"distribution":"{\"name\": \"IntDistribution\", \"attributes\": {\"log\": false, \"step\": 1, \"low\": 5, \"high\": 80}}"}
{"op_code":5,"worker_id":"10e62203-a6cb-460b-a447-32c0792a87d5-137194358342784","trial_id":19,"param_name":"REG_W","param_value_internal":403.3800832600389,"distribution":"{\"name\": \"FloatDistribution\", \"attributes\": {\"step\": null, \"low\": 1e-05, \"high\": 1000.0, \"log\": true}}"}
{"op_code":5,"worker_id":"10e62203-a6cb-460b-a447-32c0792a87d5-137194358342784","trial_id":19,"param_name":"USE_RMS_SCALING","param_value_internal":0,"distribution":"{\"name\": \"CategoricalDistribution\", \"attributes\": {\"choices\": [true, false]}}"}
{"op_code":0,"worker_id":"f533f65a-0695-46b9-b253-b89bf4da855b-126124592428160","study_name":"cp_pred_levels_L4","directions":[2]}
{"op_code":4,"worker_id":"f533f65a-0695-46b9-b253-b89bf4da855b-126124592428160","study_id":0,"datetime_start":"2026-04-29T20:48:32.369898"}
{"op_code":5,"worker_id":"f533f65a-0695-46b9-b253-b89bf4da855b-126124592428160","trial_id":20,"param_name":"RANK_REGRESS","param_value_internal":33.0,"distribution":"{\"name\": \"IntDistribution\", \"attributes\": {\"log\": false, \"step\": 1, \"low\": 5, \"high\": 80}}"}
{"op_code":5,"worker_id":"f533f65a-0695-46b9-b253-b89bf4da855b-126124592428160","trial_id":20,"param_name":"REG_W","param_value_internal":403.3800832600389,"distribution":"{\"name\": \"FloatDistribution\", \"attributes\": {\"step\": null, \"low\": 1e-05, \"high\": 1000.0, \"log\": true}}"}
{"op_code":5,"worker_id":"f533f65a-0695-46b9-b253-b89bf4da855b-126124592428160","trial_id":20,"param_name":"USE_RMS_SCALING","param_value_internal":0,"distribution":"{\"name\": \"CategoricalDistribution\", \"attributes\": {\"choices\": [true, false]}}"}
{"op_code":0,"worker_id":"e07ec439-183f-4783-8129-28a1aeedebdf-136915455542400","study_name":"cp_pred_levels_L4","directions":[2]}
{"op_code":4,"worker_id":"e07ec439-183f-4783-8129-28a1aeedebdf-136915455542400","study_id":0,"datetime_start":"2026-04-29T20:58:41.184678"}
{"op_code":5,"worker_id":"e07ec439-183f-4783-8129-28a1aeedebdf-136915455542400","trial_id":21,"param_name":"RANK_REGRESS","param_value_internal":33.0,"distribution":"{\"name\": \"IntDistribution\", \"attributes\": {\"log\": false, \"step\": 1, \"low\": 5, \"high\": 80}}"}
{"op_code":5,"worker_id":"e07ec439-183f-4783-8129-28a1aeedebdf-136915455542400","trial_id":21,"param_name":"REG_W","param_value_internal":403.3800832600389,"distribution":"{\"name\": \"FloatDistribution\", \"attributes\": {\"step\": null, \"low\": 1e-05, \"high\": 1000.0, \"log\": true}}"}
{"op_code":5,"worker_id":"e07ec439-183f-4783-8129-28a1aeedebdf-136915455542400","trial_id":21,"param_name":"USE_RMS_SCALING","param_value_internal":0,"distribution":"{\"name\": \"CategoricalDistribution\", \"attributes\": {\"choices\": [true, false]}}"}
{"op_code":0,"worker_id":"24bea59d-7f92-42a1-9463-593da5b3d398-133251043632256","study_name":"cp_pred_levels_L4","directions":[2]}
{"op_code":4,"worker_id":"24bea59d-7f92-42a1-9463-593da5b3d398-133251043632256","study_id":0,"datetime_start":"2026-04-29T20:58:42.942842"}
{"op_code":5,"worker_id":"24bea59d-7f92-42a1-9463-593da5b3d398-133251043632256","trial_id":22,"param_name":"RANK_REGRESS","param_value_internal":33.0,"distribution":"{\"name\": \"IntDistribution\", \"attributes\": {\"log\": false, \"step\": 1, \"low\": 5, \"high\": 80}}"}
{"op_code":0,"worker_id":"76bbcffc-ef07-4c37-834d-e4327bd76a14-124087776179328","study_name":"cp_pred_levels_L4","directions":[2]}
{"op_code":5,"worker_id":"24bea59d-7f92-42a1-9463-593da5b3d398-133251043632256","trial_id":22,"param_name":"REG_W","param_value_internal":403.3800832600389,"distribution":"{\"name\": \"FloatDistribution\", \"attributes\": {\"step\": null, \"low\": 1e-05, \"high\": 1000.0, \"log\": true}}"}
{"op_code":5,"worker_id":"24bea59d-7f92-42a1-9463-593da5b3d398-133251043632256","trial_id":22,"param_name":"USE_RMS_SCALING","param_value_internal":0,"distribution":"{\"name\": \"CategoricalDistribution\", \"attributes\": {\"choices\": [true, false]}}"}
{"op_code":4,"worker_id":"76bbcffc-ef07-4c37-834d-e4327bd76a14-124087776179328","study_id":0,"datetime_start":"2026-04-29T20:58:43.038645"}
{"op_code":5,"worker_id":"76bbcffc-ef07-4c37-834d-e4327bd76a14-124087776179328","trial_id":23,"param_name":"RANK_REGRESS","param_value_internal":33.0,"distribution":"{\"name\": \"IntDistribution\", \"attributes\": {\"log\": false, \"step\": 1, \"low\": 5, \"high\": 80}}"}
{"op_code":5,"worker_id":"76bbcffc-ef07-4c37-834d-e4327bd76a14-124087776179328","trial_id":23,"param_name":"REG_W","param_value_internal":403.3800832600389,"distribution":"{\"name\": \"FloatDistribution\", \"attributes\": {\"step\": null, \"low\": 1e-05, \"high\": 1000.0, \"log\": true}}"}
{"op_code":5,"worker_id":"76bbcffc-ef07-4c37-834d-e4327bd76a14-124087776179328","trial_id":23,"param_name":"USE_RMS_SCALING","param_value_internal":0,"distribution":"{\"name\": \"CategoricalDistribution\", \"attributes\": {\"choices\": [true, false]}}"}
{"op_code":0,"worker_id":"aaa4caa1-e115-4a2c-afdd-6df4fa71e0f2-130102213801088","study_name":"cp_pred_levels_L4","directions":[2]}
{"op_code":4,"worker_id":"aaa4caa1-e115-4a2c-afdd-6df4fa71e0f2-130102213801088","study_id":0,"datetime_start":"2026-04-29T20:58:43.716827"}
{"op_code":5,"worker_id":"aaa4caa1-e115-4a2c-afdd-6df4fa71e0f2-130102213801088","trial_id":24,"param_name":"RANK_REGRESS","param_value_internal":33.0,"distribution":"{\"name\": \"IntDistribution\", \"attributes\": {\"log\": false, \"step\": 1, \"low\": 5, \"high\": 80}}"}
{"op_code":5,"worker_id":"aaa4caa1-e115-4a2c-afdd-6df4fa71e0f2-130102213801088","trial_id":24,"param_name":"REG_W","param_value_internal":403.3800832600389,"distribution":"{\"name\": \"FloatDistribution\", \"attributes\": {\"step\": null, \"low\": 1e-05, \"high\": 1000.0, \"log\": true}}"}
{"op_code":5,"worker_id":"aaa4caa1-e115-4a2c-afdd-6df4fa71e0f2-130102213801088","trial_id":24,"param_name":"USE_RMS_SCALING","param_value_internal":0,"distribution":"{\"name\": \"CategoricalDistribution\", \"attributes\": {\"choices\": [true, false]}}"}
{"op_code":0,"worker_id":"988c3489-94e9-43f9-8a32-772f6047a1dd-128689722504320","study_name":"cp_pred_levels_L4","directions":[2]}
{"op_code":4,"worker_id":"988c3489-94e9-43f9-8a32-772f6047a1dd-128689722504320","study_id":0,"datetime_start":"2026-04-29T20:58:44.295029"}
{"op_code":5,"worker_id":"988c3489-94e9-43f9-8a32-772f6047a1dd-128689722504320","trial_id":25,"param_name":"RANK_REGRESS","param_value_internal":33.0,"distribution":"{\"name\": \"IntDistribution\", \"attributes\": {\"log\": false, \"step\": 1, \"low\": 5, \"high\": 80}}"}
{"op_code":5,"worker_id":"988c3489-94e9-43f9-8a32-772f6047a1dd-128689722504320","trial_id":25,"param_name":"REG_W","param_value_internal":403.3800832600389,"distribution":"{\"name\": \"FloatDistribution\", \"attributes\": {\"step\": null, \"low\": 1e-05, \"high\": 1000.0, \"log\": true}}"}
{"op_code":5,"worker_id":"988c3489-94e9-43f9-8a32-772f6047a1dd-128689722504320","trial_id":25,"param_name":"USE_RMS_SCALING","param_value_internal":0,"distribution":"{\"name\": \"CategoricalDistribution\", \"attributes\": {\"choices\": [true, false]}}"}
{"op_code":0,"worker_id":"d9c7d85b-fc62-4afb-bd38-296ff993da1e-130972591096960","study_name":"cp_pred_levels_L4","directions":[2]}
{"op_code":4,"worker_id":"d9c7d85b-fc62-4afb-bd38-296ff993da1e-130972591096960","study_id":0,"datetime_start":"2026-04-29T20:58:44.696919"}
{"op_code":5,"worker_id":"d9c7d85b-fc62-4afb-bd38-296ff993da1e-130972591096960","trial_id":26,"param_name":"RANK_REGRESS","param_value_internal":33.0,"distribution":"{\"name\": \"IntDistribution\", \"attributes\": {\"log\": false, \"step\": 1, \"low\": 5, \"high\": 80}}"}
{"op_code":5,"worker_id":"d9c7d85b-fc62-4afb-bd38-296ff993da1e-130972591096960","trial_id":26,"param_name":"REG_W","param_value_internal":403.3800832600389,"distribution":"{\"name\": \"FloatDistribution\", \"attributes\": {\"step\": null, \"low\": 1e-05, \"high\": 1000.0, \"log\": true}}"}
{"op_code":5,"worker_id":"d9c7d85b-fc62-4afb-bd38-296ff993da1e-130972591096960","trial_id":26,"param_name":"USE_RMS_SCALING","param_value_internal":0,"distribution":"{\"name\": \"CategoricalDistribution\", \"attributes\": {\"choices\": [true, false]}}"}
{"op_code":0,"worker_id":"9eff5002-2c40-4433-bce9-934be8800049-124206524724352","study_name":"cp_pred_levels_L4","directions":[2]}
{"op_code":0,"worker_id":"71c3d4f1-9ff7-4d34-8150-85ea05d051bf-126756225926272","study_name":"cp_pred_levels_L4","directions":[2]}
{"op_code":4,"worker_id":"9eff5002-2c40-4433-bce9-934be8800049-124206524724352","study_id":0,"datetime_start":"2026-04-29T20:58:45.592369"}
{"op_code":4,"worker_id":"71c3d4f1-9ff7-4d34-8150-85ea05d051bf-126756225926272","study_id":0,"datetime_start":"2026-04-29T20:58:45.616825"}
{"op_code":5,"worker_id":"9eff5002-2c40-4433-bce9-934be8800049-124206524724352","trial_id":27,"param_name":"RANK_REGRESS","param_value_internal":33.0,"distribution":"{\"name\": \"IntDistribution\", \"attributes\": {\"log\": false, \"step\": 1, \"low\": 5, \"high\": 80}}"}
{"op_code":5,"worker_id":"71c3d4f1-9ff7-4d34-8150-85ea05d051bf-126756225926272","trial_id":28,"param_name":"RANK_REGRESS","param_value_internal":33.0,"distribution":"{\"name\": \"IntDistribution\", \"attributes\": {\"log\": false, \"step\": 1, \"low\": 5, \"high\": 80}}"}
{"op_code":5,"worker_id":"9eff5002-2c40-4433-bce9-934be8800049-124206524724352","trial_id":27,"param_name":"REG_W","param_value_internal":403.3800832600389,"distribution":"{\"name\": \"FloatDistribution\", \"attributes\": {\"step\": null, \"low\": 1e-05, \"high\": 1000.0, \"log\": true}}"}
{"op_code":5,"worker_id":"71c3d4f1-9ff7-4d34-8150-85ea05d051bf-126756225926272","trial_id":28,"param_name":"REG_W","param_value_internal":403.3800832600389,"distribution":"{\"name\": \"FloatDistribution\", \"attributes\": {\"step\": null, \"low\": 1e-05, \"high\": 1000.0, \"log\": true}}"}
{"op_code":5,"worker_id":"9eff5002-2c40-4433-bce9-934be8800049-124206524724352","trial_id":27,"param_name":"USE_RMS_SCALING","param_value_internal":0,"distribution":"{\"name\": \"CategoricalDistribution\", \"attributes\": {\"choices\": [true, false]}}"}
{"op_code":5,"worker_id":"71c3d4f1-9ff7-4d34-8150-85ea05d051bf-126756225926272","trial_id":28,"param_name":"USE_RMS_SCALING","param_value_internal":0,"distribution":"{\"name\": \"CategoricalDistribution\", \"attributes\": {\"choices\": [true, false]}}"}
{"op_code":0,"worker_id":"711da64d-a500-44fb-90a1-0804c558d30f-140052762215552","study_name":"cp_pred_levels_L4","directions":[2]}
{"op_code":4,"worker_id":"711da64d-a500-44fb-90a1-0804c558d30f-140052762215552","study_id":0,"datetime_start":"2026-04-29T20:58:45.895567"}
{"op_code":5,"worker_id":"711da64d-a500-44fb-90a1-0804c558d30f-140052762215552","trial_id":29,"param_name":"RANK_REGRESS","param_value_internal":33.0,"distribution":"{\"name\": \"IntDistribution\", \"attributes\": {\"log\": false, \"step\": 1, \"low\": 5, \"high\": 80}}"}
{"op_code":5,"worker_id":"711da64d-a500-44fb-90a1-0804c558d30f-140052762215552","trial_id":29,"param_name":"REG_W","param_value_internal":403.3800832600389,"distribution":"{\"name\": \"FloatDistribution\", \"attributes\": {\"step\": null, \"low\": 1e-05, \"high\": 1000.0, \"log\": true}}"}
{"op_code":5,"worker_id":"711da64d-a500-44fb-90a1-0804c558d30f-140052762215552","trial_id":29,"param_name":"USE_RMS_SCALING","param_value_internal":0,"distribution":"{\"name\": \"CategoricalDistribution\", \"attributes\": {\"choices\": [true, false]}}"}
{"op_code":0,"worker_id":"4c088e51-37ce-4336-b664-9b0b40936dbb-140404083860608","study_name":"cp_pred_levels_L4","directions":[2]}
{"op_code":4,"worker_id":"4c088e51-37ce-4336-b664-9b0b40936dbb-140404083860608","study_id":0,"datetime_start":"2026-04-29T20:58:46.246521"}
{"op_code":5,"worker_id":"4c088e51-37ce-4336-b664-9b0b40936dbb-140404083860608","trial_id":30,"param_name":"RANK_REGRESS","param_value_internal":33.0,"distribution":"{\"name\": \"IntDistribution\", \"attributes\": {\"log\": false, \"step\": 1, \"low\": 5, \"high\": 80}}"}
{"op_code":5,"worker_id":"4c088e51-37ce-4336-b664-9b0b40936dbb-140404083860608","trial_id":30,"param_name":"REG_W","param_value_internal":403.3800832600389,"distribution":"{\"name\": \"FloatDistribution\", \"attributes\": {\"step\": null, \"low\": 1e-05, \"high\": 1000.0, \"log\": true}}"}
{"op_code":5,"worker_id":"4c088e51-37ce-4336-b664-9b0b40936dbb-140404083860608","trial_id":30,"param_name":"USE_RMS_SCALING","param_value_internal":0,"distribution":"{\"name\": \"CategoricalDistribution\", \"attributes\": {\"choices\": [true, false]}}"}
{"op_code":0,"worker_id":"181bb665-47c6-41fb-b15e-02c0b06c4cea-139738095244416","study_name":"cp_pred_levels_L4","directions":[2]}
{"op_code":4,"worker_id":"181bb665-47c6-41fb-b15e-02c0b06c4cea-139738095244416","study_id":0,"datetime_start":"2026-04-29T20:58:50.377332"}
{"op_code":5,"worker_id":"181bb665-47c6-41fb-b15e-02c0b06c4cea-139738095244416","trial_id":31,"param_name":"RANK_REGRESS","param_value_internal":33.0,"distribution":"{\"name\": \"IntDistribution\", \"attributes\": {\"log\": false, \"step\": 1, \"low\": 5, \"high\": 80}}"}
{"op_code":5,"worker_id":"181bb665-47c6-41fb-b15e-02c0b06c4cea-139738095244416","trial_id":31,"param_name":"REG_W","param_value_internal":403.3800832600389,"distribution":"{\"name\": \"FloatDistribution\", \"attributes\": {\"step\": null, \"low\": 1e-05, \"high\": 1000.0, \"log\": true}}"}
{"op_code":5,"worker_id":"181bb665-47c6-41fb-b15e-02c0b06c4cea-139738095244416","trial_id":31,"param_name":"USE_RMS_SCALING","param_value_internal":0,"distribution":"{\"name\": \"CategoricalDistribution\", \"attributes\": {\"choices\": [true, false]}}"}
{"op_code":0,"worker_id":"ba41cdc6-cc82-44a2-861a-d34f32e2d330-130217751692416","study_name":"cp_pred_levels_L4","directions":[2]}
{"op_code":0,"worker_id":"65dd6b83-a475-4530-9489-4c6565ab019a-135217088050304","study_name":"cp_pred_levels_L4","directions":[2]}
{"op_code":0,"worker_id":"1450cdbe-6ded-487f-aeb5-f77f500a146c-136535019562112","study_name":"cp_pred_levels_L4","directions":[2]}
{"op_code":4,"worker_id":"ba41cdc6-cc82-44a2-861a-d34f32e2d330-130217751692416","study_id":0,"datetime_start":"2026-04-29T21:17:44.874687"}
{"op_code":4,"worker_id":"1450cdbe-6ded-487f-aeb5-f77f500a146c-136535019562112","study_id":0,"datetime_start":"2026-04-29T21:17:44.883753"}
{"op_code":5,"worker_id":"ba41cdc6-cc82-44a2-861a-d34f32e2d330-130217751692416","trial_id":32,"param_name":"RANK_REGRESS","param_value_internal":33.0,"distribution":"{\"name\": \"IntDistribution\", \"attributes\": {\"log\": false, \"step\": 1, \"low\": 5, \"high\": 80}}"}
{"op_code":4,"worker_id":"65dd6b83-a475-4530-9489-4c6565ab019a-135217088050304","study_id":0,"datetime_start":"2026-04-29T21:17:44.877733"}
{"op_code":5,"worker_id":"1450cdbe-6ded-487f-aeb5-f77f500a146c-136535019562112","trial_id":33,"param_name":"RANK_REGRESS","param_value_internal":33.0,"distribution":"{\"name\": \"IntDistribution\", \"attributes\": {\"log\": false, \"step\": 1, \"low\": 5, \"high\": 80}}"}
{"op_code":5,"worker_id":"65dd6b83-a475-4530-9489-4c6565ab019a-135217088050304","trial_id":34,"param_name":"RANK_REGRESS","param_value_internal":33.0,"distribution":"{\"name\": \"IntDistribution\", \"attributes\": {\"log\": false, \"step\": 1, \"low\": 5, \"high\": 80}}"}
{"op_code":5,"worker_id":"ba41cdc6-cc82-44a2-861a-d34f32e2d330-130217751692416","trial_id":32,"param_name":"REG_W","param_value_internal":403.3800832600389,"distribution":"{\"name\": \"FloatDistribution\", \"attributes\": {\"step\": null, \"low\": 1e-05, \"high\": 1000.0, \"log\": true}}"}
{"op_code":5,"worker_id":"65dd6b83-a475-4530-9489-4c6565ab019a-135217088050304","trial_id":34,"param_name":"REG_W","param_value_internal":403.3800832600389,"distribution":"{\"name\": \"FloatDistribution\", \"attributes\": {\"step\": null, \"low\": 1e-05, \"high\": 1000.0, \"log\": true}}"}
{"op_code":5,"worker_id":"ba41cdc6-cc82-44a2-861a-d34f32e2d330-130217751692416","trial_id":32,"param_name":"USE_RMS_SCALING","param_value_internal":0,"distribution":"{\"name\": \"CategoricalDistribution\", \"attributes\": {\"choices\": [true, false]}}"}
{"op_code":5,"worker_id":"65dd6b83-a475-4530-9489-4c6565ab019a-135217088050304","trial_id":34,"param_name":"USE_RMS_SCALING","param_value_internal":0,"distribution":"{\"name\": \"CategoricalDistribution\", \"attributes\": {\"choices\": [true, false]}}"}
{"op_code":5,"worker_id":"1450cdbe-6ded-487f-aeb5-f77f500a146c-136535019562112","trial_id":33,"param_name":"REG_W","param_value_internal":403.3800832600389,"distribution":"{\"name\": \"FloatDistribution\", \"attributes\": {\"step\": null, \"low\": 1e-05, \"high\": 1000.0, \"log\": true}}"}
{"op_code":5,"worker_id":"1450cdbe-6ded-487f-aeb5-f77f500a146c-136535019562112","trial_id":33,"param_name":"USE_RMS_SCALING","param_value_internal":0,"distribution":"{\"name\": \"CategoricalDistribution\", \"attributes\": {\"choices\": [true, false]}}"}
{"op_code":0,"worker_id":"a52660b5-9589-431d-aec1-b4f291e2034d-127521352901760","study_name":"cp_pred_levels_L4","directions":[2]}
{"op_code":0,"worker_id":"3819a520-b4ab-4fad-b23f-c24190d64a21-125294761407616","study_name":"cp_pred_levels_L4","directions":[2]}
{"op_code":4,"worker_id":"a52660b5-9589-431d-aec1-b4f291e2034d-127521352901760","study_id":0,"datetime_start":"2026-04-29T21:17:45.551075"}
{"op_code":4,"worker_id":"3819a520-b4ab-4fad-b23f-c24190d64a21-125294761407616","study_id":0,"datetime_start":"2026-04-29T21:17:45.559792"}
{"op_code":5,"worker_id":"a52660b5-9589-431d-aec1-b4f291e2034d-127521352901760","trial_id":35,"param_name":"RANK_REGRESS","param_value_internal":33.0,"distribution":"{\"name\": \"IntDistribution\", \"attributes\": {\"log\": false, \"step\": 1, \"low\": 5, \"high\": 80}}"}
{"op_code":5,"worker_id":"3819a520-b4ab-4fad-b23f-c24190d64a21-125294761407616","trial_id":36,"param_name":"RANK_REGRESS","param_value_internal":33.0,"distribution":"{\"name\": \"IntDistribution\", \"attributes\": {\"log\": false, \"step\": 1, \"low\": 5, \"high\": 80}}"}
{"op_code":5,"worker_id":"a52660b5-9589-431d-aec1-b4f291e2034d-127521352901760","trial_id":35,"param_name":"REG_W","param_value_internal":403.3800832600389,"distribution":"{\"name\": \"FloatDistribution\", \"attributes\": {\"step\": null, \"low\": 1e-05, \"high\": 1000.0, \"log\": true}}"}
{"op_code":5,"worker_id":"3819a520-b4ab-4fad-b23f-c24190d64a21-125294761407616","trial_id":36,"param_name":"REG_W","param_value_internal":403.3800832600389,"distribution":"{\"name\": \"FloatDistribution\", \"attributes\": {\"step\": null, \"low\": 1e-05, \"high\": 1000.0, \"log\": true}}"}
{"op_code":5,"worker_id":"a52660b5-9589-431d-aec1-b4f291e2034d-127521352901760","trial_id":35,"param_name":"USE_RMS_SCALING","param_value_internal":0,"distribution":"{\"name\": \"CategoricalDistribution\", \"attributes\": {\"choices\": [true, false]}}"}
{"op_code":5,"worker_id":"3819a520-b4ab-4fad-b23f-c24190d64a21-125294761407616","trial_id":36,"param_name":"USE_RMS_SCALING","param_value_internal":0,"distribution":"{\"name\": \"CategoricalDistribution\", \"attributes\": {\"choices\": [true, false]}}"}
{"op_code":0,"worker_id":"fef73264-9d75-4d61-85f2-6a7259fad2e0-140564678329472","study_name":"cp_pred_levels_L4","directions":[2]}
{"op_code":4,"worker_id":"fef73264-9d75-4d61-85f2-6a7259fad2e0-140564678329472","study_id":0,"datetime_start":"2026-04-29T21:17:45.898725"}
{"op_code":5,"worker_id":"fef73264-9d75-4d61-85f2-6a7259fad2e0-140564678329472","trial_id":37,"param_name":"RANK_REGRESS","param_value_internal":33.0,"distribution":"{\"name\": \"IntDistribution\", \"attributes\": {\"log\": false, \"step\": 1, \"low\": 5, \"high\": 80}}"}
{"op_code":5,"worker_id":"fef73264-9d75-4d61-85f2-6a7259fad2e0-140564678329472","trial_id":37,"param_name":"REG_W","param_value_internal":403.3800832600389,"distribution":"{\"name\": \"FloatDistribution\", \"attributes\": {\"step\": null, \"low\": 1e-05, \"high\": 1000.0, \"log\": true}}"}
{"op_code":5,"worker_id":"fef73264-9d75-4d61-85f2-6a7259fad2e0-140564678329472","trial_id":37,"param_name":"USE_RMS_SCALING","param_value_internal":0,"distribution":"{\"name\": \"CategoricalDistribution\", \"attributes\": {\"choices\": [true, false]}}"}
{"op_code":0,"worker_id":"34f34870-010a-47b9-bd94-3d69df4adae0-132103619728512","study_name":"cp_pred_levels_L4","directions":[2]}
{"op_code":0,"worker_id":"e98e8129-f368-4da0-8014-5c4848ddc6cf-139066294047872","study_name":"cp_pred_levels_L4","directions":[2]}
{"op_code":0,"worker_id":"24d11490-d172-416a-a1c6-5e5dfc991468-136967680631936","study_name":"cp_pred_levels_L4","directions":[2]}
{"op_code":4,"worker_id":"34f34870-010a-47b9-bd94-3d69df4adae0-132103619728512","study_id":0,"datetime_start":"2026-04-29T21:17:46.222149"}
{"op_code":4,"worker_id":"e98e8129-f368-4da0-8014-5c4848ddc6cf-139066294047872","study_id":0,"datetime_start":"2026-04-29T21:17:46.277893"}
{"op_code":4,"worker_id":"24d11490-d172-416a-a1c6-5e5dfc991468-136967680631936","study_id":0,"datetime_start":"2026-04-29T21:17:46.302141"}
{"op_code":5,"worker_id":"e98e8129-f368-4da0-8014-5c4848ddc6cf-139066294047872","trial_id":39,"param_name":"RANK_REGRESS","param_value_internal":33.0,"distribution":"{\"name\": \"IntDistribution\", \"attributes\": {\"log\": false, \"step\": 1, \"low\": 5, \"high\": 80}}"}
{"op_code":5,"worker_id":"24d11490-d172-416a-a1c6-5e5dfc991468-136967680631936","trial_id":40,"param_name":"RANK_REGRESS","param_value_internal":33.0,"distribution":"{\"name\": \"IntDistribution\", \"attributes\": {\"log\": false, \"step\": 1, \"low\": 5, \"high\": 80}}"}
{"op_code":5,"worker_id":"34f34870-010a-47b9-bd94-3d69df4adae0-132103619728512","trial_id":38,"param_name":"RANK_REGRESS","param_value_internal":33.0,"distribution":"{\"name\": \"IntDistribution\", \"attributes\": {\"log\": false, \"step\": 1, \"low\": 5, \"high\": 80}}"}
{"op_code":5,"worker_id":"24d11490-d172-416a-a1c6-5e5dfc991468-136967680631936","trial_id":40,"param_name":"REG_W","param_value_internal":403.3800832600389,"distribution":"{\"name\": \"FloatDistribution\", \"attributes\": {\"step\": null, \"low\": 1e-05, \"high\": 1000.0, \"log\": true}}"}
{"op_code":5,"worker_id":"34f34870-010a-47b9-bd94-3d69df4adae0-132103619728512","trial_id":38,"param_name":"REG_W","param_value_internal":403.3800832600389,"distribution":"{\"name\": \"FloatDistribution\", \"attributes\": {\"step\": null, \"low\": 1e-05, \"high\": 1000.0, \"log\": true}}"}
{"op_code":5,"worker_id":"24d11490-d172-416a-a1c6-5e5dfc991468-136967680631936","trial_id":40,"param_name":"USE_RMS_SCALING","param_value_internal":0,"distribution":"{\"name\": \"CategoricalDistribution\", \"attributes\": {\"choices\": [true, false]}}"}
{"op_code":5,"worker_id":"e98e8129-f368-4da0-8014-5c4848ddc6cf-139066294047872","trial_id":39,"param_name":"REG_W","param_value_internal":403.3800832600389,"distribution":"{\"name\": \"FloatDistribution\", \"attributes\": {\"step\": null, \"low\": 1e-05, \"high\": 1000.0, \"log\": true}}"}
{"op_code":5,"worker_id":"34f34870-010a-47b9-bd94-3d69df4adae0-132103619728512","trial_id":38,"param_name":"USE_RMS_SCALING","param_value_internal":0,"distribution":"{\"name\": \"CategoricalDistribution\", \"attributes\": {\"choices\": [true, false]}}"}
{"op_code":5,"worker_id":"e98e8129-f368-4da0-8014-5c4848ddc6cf-139066294047872","trial_id":39,"param_name":"USE_RMS_SCALING","param_value_internal":0,"distribution":"{\"name\": \"CategoricalDistribution\", \"attributes\": {\"choices\": [true, false]}}"}
{"op_code":0,"worker_id":"ec23700a-3820-47bc-af34-a988c5f2f650-129642021676160","study_name":"cp_pred_levels_L4","directions":[2]}
{"op_code":0,"worker_id":"41c36074-442f-4e4e-bb07-e298fe3d28fe-135512161129600","study_name":"cp_pred_levels_L4","directions":[2]}
{"op_code":0,"worker_id":"c3c17941-ec8b-4e7d-a1c8-c13968e6762d-133897793488000","study_name":"cp_pred_levels_L4","directions":[2]}
{"op_code":4,"worker_id":"41c36074-442f-4e4e-bb07-e298fe3d28fe-135512161129600","study_id":0,"datetime_start":"2026-04-29T22:01:19.262405"}
{"op_code":4,"worker_id":"c3c17941-ec8b-4e7d-a1c8-c13968e6762d-133897793488000","study_id":0,"datetime_start":"2026-04-29T22:01:19.293726"}
{"op_code":5,"worker_id":"41c36074-442f-4e4e-bb07-e298fe3d28fe-135512161129600","trial_id":41,"param_name":"RANK_REGRESS","param_value_internal":33.0,"distribution":"{\"name\": \"IntDistribution\", \"attributes\": {\"log\": false, \"step\": 1, \"low\": 5, \"high\": 80}}"}
{"op_code":5,"worker_id":"c3c17941-ec8b-4e7d-a1c8-c13968e6762d-133897793488000","trial_id":42,"param_name":"RANK_REGRESS","param_value_internal":33.0,"distribution":"{\"name\": \"IntDistribution\", \"attributes\": {\"log\": false, \"step\": 1, \"low\": 5, \"high\": 80}}"}
{"op_code":5,"worker_id":"41c36074-442f-4e4e-bb07-e298fe3d28fe-135512161129600","trial_id":41,"param_name":"REG_W","param_value_internal":403.3800832600389,"distribution":"{\"name\": \"FloatDistribution\", \"attributes\": {\"step\": null, \"low\": 1e-05, \"high\": 1000.0, \"log\": true}}"}
{"op_code":5,"worker_id":"c3c17941-ec8b-4e7d-a1c8-c13968e6762d-133897793488000","trial_id":42,"param_name":"REG_W","param_value_internal":403.3800832600389,"distribution":"{\"name\": \"FloatDistribution\", \"attributes\": {\"step\": null, \"low\": 1e-05, \"high\": 1000.0, \"log\": true}}"}
{"op_code":5,"worker_id":"41c36074-442f-4e4e-bb07-e298fe3d28fe-135512161129600","trial_id":41,"param_name":"USE_RMS_SCALING","param_value_internal":0,"distribution":"{\"name\": \"CategoricalDistribution\", \"attributes\": {\"choices\": [true, false]}}"}
{"op_code":5,"worker_id":"c3c17941-ec8b-4e7d-a1c8-c13968e6762d-133897793488000","trial_id":42,"param_name":"USE_RMS_SCALING","param_value_internal":0,"distribution":"{\"name\": \"CategoricalDistribution\", \"attributes\": {\"choices\": [true, false]}}"}
{"op_code":4,"worker_id":"ec23700a-3820-47bc-af34-a988c5f2f650-129642021676160","study_id":0,"datetime_start":"2026-04-29T22:01:19.206675"}
{"op_code":5,"worker_id":"ec23700a-3820-47bc-af34-a988c5f2f650-129642021676160","trial_id":43,"param_name":"RANK_REGRESS","param_value_internal":33.0,"distribution":"{\"name\": \"IntDistribution\", \"attributes\": {\"log\": false, \"step\": 1, \"low\": 5, \"high\": 80}}"}
{"op_code":5,"worker_id":"ec23700a-3820-47bc-af34-a988c5f2f650-129642021676160","trial_id":43,"param_name":"REG_W","param_value_internal":403.3800832600389,"distribution":"{\"name\": \"FloatDistribution\", \"attributes\": {\"step\": null, \"low\": 1e-05, \"high\": 1000.0, \"log\": true}}"}
{"op_code":5,"worker_id":"ec23700a-3820-47bc-af34-a988c5f2f650-129642021676160","trial_id":43,"param_name":"USE_RMS_SCALING","param_value_internal":0,"distribution":"{\"name\": \"CategoricalDistribution\", \"attributes\": {\"choices\": [true, false]}}"}
{"op_code":0,"worker_id":"cf23028e-3da1-4c9e-8c9b-46721c38e48d-125384373998720","study_name":"cp_pred_levels_L4","directions":[2]}
{"op_code":0,"worker_id":"2f993df8-4d4c-4aba-b9f9-f9dac1277f60-125388762678400","study_name":"cp_pred_levels_L4","directions":[2]}
{"op_code":4,"worker_id":"cf23028e-3da1-4c9e-8c9b-46721c38e48d-125384373998720","study_id":0,"datetime_start":"2026-04-29T22:01:19.987557"}
{"op_code":4,"worker_id":"2f993df8-4d4c-4aba-b9f9-f9dac1277f60-125388762678400","study_id":0,"datetime_start":"2026-04-29T22:01:19.994947"}
{"op_code":5,"worker_id":"cf23028e-3da1-4c9e-8c9b-46721c38e48d-125384373998720","trial_id":44,"param_name":"RANK_REGRESS","param_value_internal":33.0,"distribution":"{\"name\": \"IntDistribution\", \"attributes\": {\"log\": false, \"step\": 1, \"low\": 5, \"high\": 80}}"}
{"op_code":5,"worker_id":"2f993df8-4d4c-4aba-b9f9-f9dac1277f60-125388762678400","trial_id":45,"param_name":"RANK_REGRESS","param_value_internal":33.0,"distribution":"{\"name\": \"IntDistribution\", \"attributes\": {\"log\": false, \"step\": 1, \"low\": 5, \"high\": 80}}"}
{"op_code":5,"worker_id":"cf23028e-3da1-4c9e-8c9b-46721c38e48d-125384373998720","trial_id":44,"param_name":"REG_W","param_value_internal":403.3800832600389,"distribution":"{\"name\": \"FloatDistribution\", \"attributes\": {\"step\": null, \"low\": 1e-05, \"high\": 1000.0, \"log\": true}}"}
{"op_code":5,"worker_id":"2f993df8-4d4c-4aba-b9f9-f9dac1277f60-125388762678400","trial_id":45,"param_name":"REG_W","param_value_internal":403.3800832600389,"distribution":"{\"name\": \"FloatDistribution\", \"attributes\": {\"step\": null, \"low\": 1e-05, \"high\": 1000.0, \"log\": true}}"}
{"op_code":5,"worker_id":"cf23028e-3da1-4c9e-8c9b-46721c38e48d-125384373998720","trial_id":44,"param_name":"USE_RMS_SCALING","param_value_internal":0,"distribution":"{\"name\": \"CategoricalDistribution\", \"attributes\": {\"choices\": [true, false]}}"}
{"op_code":5,"worker_id":"2f993df8-4d4c-4aba-b9f9-f9dac1277f60-125388762678400","trial_id":45,"param_name":"USE_RMS_SCALING","param_value_internal":0,"distribution":"{\"name\": \"CategoricalDistribution\", \"attributes\": {\"choices\": [true, false]}}"}
{"op_code":0,"worker_id":"93fb7f5d-e796-4d62-a12f-e6d91572114e-126706051761280","study_name":"cp_pred_levels_L4","directions":[2]}
{"op_code":4,"worker_id":"93fb7f5d-e796-4d62-a12f-e6d91572114e-126706051761280","study_id":0,"datetime_start":"2026-04-29T22:01:20.353429"}
{"op_code":5,"worker_id":"93fb7f5d-e796-4d62-a12f-e6d91572114e-126706051761280","trial_id":46,"param_name":"RANK_REGRESS","param_value_internal":33.0,"distribution":"{\"name\": \"IntDistribution\", \"attributes\": {\"log\": false, \"step\": 1, \"low\": 5, \"high\": 80}}"}
{"op_code":5,"worker_id":"93fb7f5d-e796-4d62-a12f-e6d91572114e-126706051761280","trial_id":46,"param_name":"REG_W","param_value_internal":403.3800832600389,"distribution":"{\"name\": \"FloatDistribution\", \"attributes\": {\"step\": null, \"low\": 1e-05, \"high\": 1000.0, \"log\": true}}"}
{"op_code":5,"worker_id":"93fb7f5d-e796-4d62-a12f-e6d91572114e-126706051761280","trial_id":46,"param_name":"USE_RMS_SCALING","param_value_internal":0,"distribution":"{\"name\": \"CategoricalDistribution\", \"attributes\": {\"choices\": [true, false]}}"}
{"op_code":6,"worker_id":"fce79032-ffe7-4964-9fed-b71543efcf0b-125104192373888","trial_id":0,"state":1,"values":[0.7336781355701287],"datetime_complete":"2026-04-29T22:40:24.155734"}
{"op_code":4,"worker_id":"fce79032-ffe7-4964-9fed-b71543efcf0b-125104192373888","study_id":0,"datetime_start":"2026-04-29T22:40:24.243436"}
{"op_code":5,"worker_id":"fce79032-ffe7-4964-9fed-b71543efcf0b-125104192373888","trial_id":47,"param_name":"RANK_REGRESS","param_value_internal":33.0,"distribution":"{\"name\": \"IntDistribution\", \"attributes\": {\"log\": false, \"step\": 1, \"low\": 5, \"high\": 80}}"}
{"op_code":5,"worker_id":"fce79032-ffe7-4964-9fed-b71543efcf0b-125104192373888","trial_id":47,"param_name":"REG_W","param_value_internal":403.3800832600389,"distribution":"{\"name\": \"FloatDistribution\", \"attributes\": {\"step\": null, \"low\": 1e-05, \"high\": 1000.0, \"log\": true}}"}
{"op_code":5,"worker_id":"fce79032-ffe7-4964-9fed-b71543efcf0b-125104192373888","trial_id":47,"param_name":"USE_RMS_SCALING","param_value_internal":0,"distribution":"{\"name\": \"CategoricalDistribution\", \"attributes\": {\"choices\": [true, false]}}"}
{"op_code":6,"worker_id":"dc58bed9-d52d-434f-b69e-cc24a00afdc3-130086693164160","trial_id":1,"state":1,"values":[0.7336781355701287],"datetime_complete":"2026-04-30T09:56:55.107473"}
{"op_code":6,"worker_id":"76bbcffc-ef07-4c37-834d-e4327bd76a14-124087776179328","trial_id":23,"state":1,"values":[0.7336781355701287],"datetime_complete":"2026-04-30T10:11:27.825914"}
{"op_code":6,"worker_id":"90791067-83cc-4495-8d70-11d1036e2ba4-129614731957376","trial_id":12,"state":1,"values":[0.7336781355701287],"datetime_complete":"2026-04-30T10:16:31.283100"}
{"op_code":6,"worker_id":"9af8df53-4d01-48a4-a369-0b4a0337cffe-124399394555008","trial_id":15,"state":1,"values":[0.7336781355701287],"datetime_complete":"2026-04-30T10:28:46.586101"}
{"op_code":6,"worker_id":"e94e3195-2a85-46d6-b7ce-a6f89abc582e-128945849517184","trial_id":10,"state":1,"values":[0.7336781355701287],"datetime_complete":"2026-04-30T10:31:01.740819"}
{"op_code":6,"worker_id":"e07ec439-183f-4783-8129-28a1aeedebdf-136915455542400","trial_id":21,"state":1,"values":[0.7336781355701287],"datetime_complete":"2026-04-30T10:31:39.136947"}
{"op_code":6,"worker_id":"f05c0644-4c77-4bce-9fe6-f9276ded0551-124455710094464","trial_id":6,"state":1,"values":[0.7336781355701287],"datetime_complete":"2026-04-30T10:39:10.085193"}
{"op_code":6,"worker_id":"71c3d4f1-9ff7-4d34-8150-85ea05d051bf-126756225926272","trial_id":28,"state":1,"values":[0.7336781355701287],"datetime_complete":"2026-04-30T10:48:22.893771"}
{"op_code":0,"worker_id":"b483858a-344d-4687-8799-e0aa02f95c44-138490146518144","study_name":"cp_pred_levels_L4","directions":[2]}
{"op_code":0,"worker_id":"9d22cc6d-a165-42b7-b767-1e3741a98bc6-124580148278400","study_name":"cp_pred_levels_L4","directions":[2]}
{"op_code":0,"worker_id":"9770894d-5bd2-49d3-84c8-a76d5cc7fc37-131452652524672","study_name":"cp_pred_levels_L4","directions":[2]}
{"op_code":4,"worker_id":"b483858a-344d-4687-8799-e0aa02f95c44-138490146518144","study_id":0,"datetime_start":"2026-04-30T10:59:39.989158"}
{"op_code":4,"worker_id":"9770894d-5bd2-49d3-84c8-a76d5cc7fc37-131452652524672","study_id":0,"datetime_start":"2026-04-30T10:59:40.028089"}
{"op_code":5,"worker_id":"b483858a-344d-4687-8799-e0aa02f95c44-138490146518144","trial_id":48,"param_name":"RANK_REGRESS","param_value_internal":33.0,"distribution":"{\"name\": \"IntDistribution\", \"attributes\": {\"log\": false, \"step\": 1, \"low\": 5, \"high\": 80}}"}
{"op_code":5,"worker_id":"9770894d-5bd2-49d3-84c8-a76d5cc7fc37-131452652524672","trial_id":49,"param_name":"RANK_REGRESS","param_value_internal":33.0,"distribution":"{\"name\": \"IntDistribution\", \"attributes\": {\"log\": false, \"step\": 1, \"low\": 5, \"high\": 80}}"}
{"op_code":5,"worker_id":"b483858a-344d-4687-8799-e0aa02f95c44-138490146518144","trial_id":48,"param_name":"REG_W","param_value_internal":403.3800832600389,"distribution":"{\"name\": \"FloatDistribution\", \"attributes\": {\"step\": null, \"low\": 1e-05, \"high\": 1000.0, \"log\": true}}"}
{"op_code":5,"worker_id":"9770894d-5bd2-49d3-84c8-a76d5cc7fc37-131452652524672","trial_id":49,"param_name":"REG_W","param_value_internal":403.3800832600389,"distribution":"{\"name\": \"FloatDistribution\", \"attributes\": {\"step\": null, \"low\": 1e-05, \"high\": 1000.0, \"log\": true}}"}
{"op_code":5,"worker_id":"b483858a-344d-4687-8799-e0aa02f95c44-138490146518144","trial_id":48,"param_name":"USE_RMS_SCALING","param_value_internal":0,"distribution":"{\"name\": \"CategoricalDistribution\", \"attributes\": {\"choices\": [true, false]}}"}
{"op_code":5,"worker_id":"9770894d-5bd2-49d3-84c8-a76d5cc7fc37-131452652524672","trial_id":49,"param_name":"USE_RMS_SCALING","param_value_internal":0,"distribution":"{\"name\": \"CategoricalDistribution\", \"attributes\": {\"choices\": [true, false]}}"}
{"op_code":4,"worker_id":"9d22cc6d-a165-42b7-b767-1e3741a98bc6-124580148278400","study_id":0,"datetime_start":"2026-04-30T10:59:40.023695"}
{"op_code":5,"worker_id":"9d22cc6d-a165-42b7-b767-1e3741a98bc6-124580148278400","trial_id":50,"param_name":"RANK_REGRESS","param_value_internal":33.0,"distribution":"{\"name\": \"IntDistribution\", \"attributes\": {\"log\": false, \"step\": 1, \"low\": 5, \"high\": 80}}"}
{"op_code":5,"worker_id":"9d22cc6d-a165-42b7-b767-1e3741a98bc6-124580148278400","trial_id":50,"param_name":"REG_W","param_value_internal":403.3800832600389,"distribution":"{\"name\": \"FloatDistribution\", \"attributes\": {\"step\": null, \"low\": 1e-05, \"high\": 1000.0, \"log\": true}}"}
{"op_code":5,"worker_id":"9d22cc6d-a165-42b7-b767-1e3741a98bc6-124580148278400","trial_id":50,"param_name":"USE_RMS_SCALING","param_value_internal":0,"distribution":"{\"name\": \"CategoricalDistribution\", \"attributes\": {\"choices\": [true, false]}}"}
{"op_code":0,"worker_id":"83003c37-b739-4cd5-baa8-4bbb909b0667-135056784450688","study_name":"cp_pred_levels_L4","directions":[2]}
{"op_code":4,"worker_id":"83003c37-b739-4cd5-baa8-4bbb909b0667-135056784450688","study_id":0,"datetime_start":"2026-04-30T10:59:40.536565"}
{"op_code":5,"worker_id":"83003c37-b739-4cd5-baa8-4bbb909b0667-135056784450688","trial_id":51,"param_name":"RANK_REGRESS","param_value_internal":33.0,"distribution":"{\"name\": \"IntDistribution\", \"attributes\": {\"log\": false, \"step\": 1, \"low\": 5, \"high\": 80}}"}
{"op_code":5,"worker_id":"83003c37-b739-4cd5-baa8-4bbb909b0667-135056784450688","trial_id":51,"param_name":"REG_W","param_value_internal":403.3800832600389,"distribution":"{\"name\": \"FloatDistribution\", \"attributes\": {\"step\": null, \"low\": 1e-05, \"high\": 1000.0, \"log\": true}}"}
{"op_code":5,"worker_id":"83003c37-b739-4cd5-baa8-4bbb909b0667-135056784450688","trial_id":51,"param_name":"USE_RMS_SCALING","param_value_internal":0,"distribution":"{\"name\": \"CategoricalDistribution\", \"attributes\": {\"choices\": [true, false]}}"}
{"op_code":0,"worker_id":"d9bd7afa-72e3-48c8-8ba9-bb9e99d4432b-130479083496576","study_name":"cp_pred_levels_L4","directions":[2]}
{"op_code":4,"worker_id":"d9bd7afa-72e3-48c8-8ba9-bb9e99d4432b-130479083496576","study_id":0,"datetime_start":"2026-04-30T10:59:41.051593"}
{"op_code":5,"worker_id":"d9bd7afa-72e3-48c8-8ba9-bb9e99d4432b-130479083496576","trial_id":52,"param_name":"RANK_REGRESS","param_value_internal":33.0,"distribution":"{\"name\": \"IntDistribution\", \"attributes\": {\"log\": false, \"step\": 1, \"low\": 5, \"high\": 80}}"}
{"op_code":5,"worker_id":"d9bd7afa-72e3-48c8-8ba9-bb9e99d4432b-130479083496576","trial_id":52,"param_name":"REG_W","param_value_internal":403.3800832600389,"distribution":"{\"name\": \"FloatDistribution\", \"attributes\": {\"step\": null, \"low\": 1e-05, \"high\": 1000.0, \"log\": true}}"}
{"op_code":5,"worker_id":"d9bd7afa-72e3-48c8-8ba9-bb9e99d4432b-130479083496576","trial_id":52,"param_name":"USE_RMS_SCALING","param_value_internal":0,"distribution":"{\"name\": \"CategoricalDistribution\", \"attributes\": {\"choices\": [true, false]}}"}
{"op_code":0,"worker_id":"261d4b6d-0a53-46da-83d5-7728a9c886fc-126514181080192","study_name":"cp_pred_levels_L4","directions":[2]}
{"op_code":4,"worker_id":"261d4b6d-0a53-46da-83d5-7728a9c886fc-126514181080192","study_id":0,"datetime_start":"2026-04-30T10:59:42.058613"}
{"op_code":5,"worker_id":"261d4b6d-0a53-46da-83d5-7728a9c886fc-126514181080192","trial_id":53,"param_name":"RANK_REGRESS","param_value_internal":33.0,"distribution":"{\"name\": \"IntDistribution\", \"attributes\": {\"log\": false, \"step\": 1, \"low\": 5, \"high\": 80}}"}
{"op_code":5,"worker_id":"261d4b6d-0a53-46da-83d5-7728a9c886fc-126514181080192","trial_id":53,"param_name":"REG_W","param_value_internal":403.3800832600389,"distribution":"{\"name\": \"FloatDistribution\", \"attributes\": {\"step\": null, \"low\": 1e-05, \"high\": 1000.0, \"log\": true}}"}
{"op_code":5,"worker_id":"261d4b6d-0a53-46da-83d5-7728a9c886fc-126514181080192","trial_id":53,"param_name":"USE_RMS_SCALING","param_value_internal":0,"distribution":"{\"name\": \"CategoricalDistribution\", \"attributes\": {\"choices\": [true, false]}}"}
{"op_code":0,"worker_id":"12803f35-843f-401d-a6d5-28aaefed1730-132632741229696","study_name":"cp_pred_levels_L4","directions":[2]}
{"op_code":0,"worker_id":"191c00ef-9b3d-4b0d-84da-5ae67808313a-135063227716736","study_name":"cp_pred_levels_L4","directions":[2]}
{"op_code":4,"worker_id":"12803f35-843f-401d-a6d5-28aaefed1730-132632741229696","study_id":0,"datetime_start":"2026-04-30T10:59:44.847231"}
{"op_code":4,"worker_id":"191c00ef-9b3d-4b0d-84da-5ae67808313a-135063227716736","study_id":0,"datetime_start":"2026-04-30T10:59:44.856468"}
{"op_code":5,"worker_id":"12803f35-843f-401d-a6d5-28aaefed1730-132632741229696","trial_id":54,"param_name":"RANK_REGRESS","param_value_internal":33.0,"distribution":"{\"name\": \"IntDistribution\", \"attributes\": {\"log\": false, \"step\": 1, \"low\": 5, \"high\": 80}}"}
{"op_code":5,"worker_id":"191c00ef-9b3d-4b0d-84da-5ae67808313a-135063227716736","trial_id":55,"param_name":"RANK_REGRESS","param_value_internal":33.0,"distribution":"{\"name\": \"IntDistribution\", \"attributes\": {\"log\": false, \"step\": 1, \"low\": 5, \"high\": 80}}"}
{"op_code":5,"worker_id":"12803f35-843f-401d-a6d5-28aaefed1730-132632741229696","trial_id":54,"param_name":"REG_W","param_value_internal":403.3800832600389,"distribution":"{\"name\": \"FloatDistribution\", \"attributes\": {\"step\": null, \"low\": 1e-05, \"high\": 1000.0, \"log\": true}}"}
{"op_code":5,"worker_id":"191c00ef-9b3d-4b0d-84da-5ae67808313a-135063227716736","trial_id":55,"param_name":"REG_W","param_value_internal":403.3800832600389,"distribution":"{\"name\": \"FloatDistribution\", \"attributes\": {\"step\": null, \"low\": 1e-05, \"high\": 1000.0, \"log\": true}}"}
{"op_code":5,"worker_id":"12803f35-843f-401d-a6d5-28aaefed1730-132632741229696","trial_id":54,"param_name":"USE_RMS_SCALING","param_value_internal":0,"distribution":"{\"name\": \"CategoricalDistribution\", \"attributes\": {\"choices\": [true, false]}}"}
{"op_code":5,"worker_id":"191c00ef-9b3d-4b0d-84da-5ae67808313a-135063227716736","trial_id":55,"param_name":"USE_RMS_SCALING","param_value_internal":0,"distribution":"{\"name\": \"CategoricalDistribution\", \"attributes\": {\"choices\": [true, false]}}"}
{"op_code":0,"worker_id":"856e78ab-68d1-44e4-ad91-8af0c21cd7da-137706530768000","study_name":"cp_pred_levels_L4","directions":[2]}
{"op_code":4,"worker_id":"856e78ab-68d1-44e4-ad91-8af0c21cd7da-137706530768000","study_id":0,"datetime_start":"2026-04-30T10:59:45.240245"}
{"op_code":5,"worker_id":"856e78ab-68d1-44e4-ad91-8af0c21cd7da-137706530768000","trial_id":56,"param_name":"RANK_REGRESS","param_value_internal":33.0,"distribution":"{\"name\": \"IntDistribution\", \"attributes\": {\"log\": false, \"step\": 1, \"low\": 5, \"high\": 80}}"}
{"op_code":5,"worker_id":"856e78ab-68d1-44e4-ad91-8af0c21cd7da-137706530768000","trial_id":56,"param_name":"REG_W","param_value_internal":403.3800832600389,"distribution":"{\"name\": \"FloatDistribution\", \"attributes\": {\"step\": null, \"low\": 1e-05, \"high\": 1000.0, \"log\": true}}"}
{"op_code":5,"worker_id":"856e78ab-68d1-44e4-ad91-8af0c21cd7da-137706530768000","trial_id":56,"param_name":"USE_RMS_SCALING","param_value_internal":0,"distribution":"{\"name\": \"CategoricalDistribution\", \"attributes\": {\"choices\": [true, false]}}"}
{"op_code":0,"worker_id":"e5efd14e-acfe-4587-bb26-e0af6dae0350-132673413072000","study_name":"cp_pred_levels_L4","directions":[2]}
{"op_code":4,"worker_id":"e5efd14e-acfe-4587-bb26-e0af6dae0350-132673413072000","study_id":0,"datetime_start":"2026-04-30T10:59:45.752265"}
{"op_code":5,"worker_id":"e5efd14e-acfe-4587-bb26-e0af6dae0350-132673413072000","trial_id":57,"param_name":"RANK_REGRESS","param_value_internal":33.0,"distribution":"{\"name\": \"IntDistribution\", \"attributes\": {\"log\": false, \"step\": 1, \"low\": 5, \"high\": 80}}"}
{"op_code":5,"worker_id":"e5efd14e-acfe-4587-bb26-e0af6dae0350-132673413072000","trial_id":57,"param_name":"REG_W","param_value_internal":403.3800832600389,"distribution":"{\"name\": \"FloatDistribution\", \"attributes\": {\"step\": null, \"low\": 1e-05, \"high\": 1000.0, \"log\": true}}"}
{"op_code":5,"worker_id":"e5efd14e-acfe-4587-bb26-e0af6dae0350-132673413072000","trial_id":57,"param_name":"USE_RMS_SCALING","param_value_internal":0,"distribution":"{\"name\": \"CategoricalDistribution\", \"attributes\": {\"choices\": [true, false]}}"}
{"op_code":0,"worker_id":"d65b1dfa-7af3-4102-b345-f183bf2d629d-135568062030976","study_name":"cp_pred_levels_L4","directions":[2]}
{"op_code":0,"worker_id":"59b639bf-c42a-4481-bc91-ae4b3f44d3bd-135831086118016","study_name":"cp_pred_levels_L4","directions":[2]}
{"op_code":0,"worker_id":"91a5d028-83a8-4d5f-bde7-a4b0987f7a4c-126717346575488","study_name":"cp_pred_levels_L4","directions":[2]}
{"op_code":4,"worker_id":"d65b1dfa-7af3-4102-b345-f183bf2d629d-135568062030976","study_id":0,"datetime_start":"2026-04-30T10:59:46.229735"}
{"op_code":4,"worker_id":"59b639bf-c42a-4481-bc91-ae4b3f44d3bd-135831086118016","study_id":0,"datetime_start":"2026-04-30T10:59:46.234014"}
{"op_code":5,"worker_id":"d65b1dfa-7af3-4102-b345-f183bf2d629d-135568062030976","trial_id":58,"param_name":"RANK_REGRESS","param_value_internal":33.0,"distribution":"{\"name\": \"IntDistribution\", \"attributes\": {\"log\": false, \"step\": 1, \"low\": 5, \"high\": 80}}"}
{"op_code":5,"worker_id":"59b639bf-c42a-4481-bc91-ae4b3f44d3bd-135831086118016","trial_id":59,"param_name":"RANK_REGRESS","param_value_internal":33.0,"distribution":"{\"name\": \"IntDistribution\", \"attributes\": {\"log\": false, \"step\": 1, \"low\": 5, \"high\": 80}}"}
{"op_code":5,"worker_id":"d65b1dfa-7af3-4102-b345-f183bf2d629d-135568062030976","trial_id":58,"param_name":"REG_W","param_value_internal":403.3800832600389,"distribution":"{\"name\": \"FloatDistribution\", \"attributes\": {\"step\": null, \"low\": 1e-05, \"high\": 1000.0, \"log\": true}}"}
{"op_code":5,"worker_id":"59b639bf-c42a-4481-bc91-ae4b3f44d3bd-135831086118016","trial_id":59,"param_name":"REG_W","param_value_internal":403.3800832600389,"distribution":"{\"name\": \"FloatDistribution\", \"attributes\": {\"step\": null, \"low\": 1e-05, \"high\": 1000.0, \"log\": true}}"}
{"op_code":5,"worker_id":"d65b1dfa-7af3-4102-b345-f183bf2d629d-135568062030976","trial_id":58,"param_name":"USE_RMS_SCALING","param_value_internal":0,"distribution":"{\"name\": \"CategoricalDistribution\", \"attributes\": {\"choices\": [true, false]}}"}
{"op_code":5,"worker_id":"59b639bf-c42a-4481-bc91-ae4b3f44d3bd-135831086118016","trial_id":59,"param_name":"USE_RMS_SCALING","param_value_internal":0,"distribution":"{\"name\": \"CategoricalDistribution\", \"attributes\": {\"choices\": [true, false]}}"}
{"op_code":4,"worker_id":"91a5d028-83a8-4d5f-bde7-a4b0987f7a4c-126717346575488","study_id":0,"datetime_start":"2026-04-30T10:59:46.251762"}
{"op_code":5,"worker_id":"91a5d028-83a8-4d5f-bde7-a4b0987f7a4c-126717346575488","trial_id":60,"param_name":"RANK_REGRESS","param_value_internal":33.0,"distribution":"{\"name\": \"IntDistribution\", \"attributes\": {\"log\": false, \"step\": 1, \"low\": 5, \"high\": 80}}"}
{"op_code":0,"worker_id":"8fdccf3b-5196-4a03-8de2-362a14c69662-130524487242880","study_name":"cp_pred_levels_L4","directions":[2]}
{"op_code":5,"worker_id":"91a5d028-83a8-4d5f-bde7-a4b0987f7a4c-126717346575488","trial_id":60,"param_name":"REG_W","param_value_internal":403.3800832600389,"distribution":"{\"name\": \"FloatDistribution\", \"attributes\": {\"step\": null, \"low\": 1e-05, \"high\": 1000.0, \"log\": true}}"}
{"op_code":4,"worker_id":"8fdccf3b-5196-4a03-8de2-362a14c69662-130524487242880","study_id":0,"datetime_start":"2026-04-30T10:59:46.499339"}
{"op_code":5,"worker_id":"91a5d028-83a8-4d5f-bde7-a4b0987f7a4c-126717346575488","trial_id":60,"param_name":"USE_RMS_SCALING","param_value_internal":0,"distribution":"{\"name\": \"CategoricalDistribution\", \"attributes\": {\"choices\": [true, false]}}"}
{"op_code":5,"worker_id":"8fdccf3b-5196-4a03-8de2-362a14c69662-130524487242880","trial_id":61,"param_name":"RANK_REGRESS","param_value_internal":33.0,"distribution":"{\"name\": \"IntDistribution\", \"attributes\": {\"log\": false, \"step\": 1, \"low\": 5, \"high\": 80}}"}
{"op_code":5,"worker_id":"8fdccf3b-5196-4a03-8de2-362a14c69662-130524487242880","trial_id":61,"param_name":"REG_W","param_value_internal":403.3800832600389,"distribution":"{\"name\": \"FloatDistribution\", \"attributes\": {\"step\": null, \"low\": 1e-05, \"high\": 1000.0, \"log\": true}}"}
{"op_code":5,"worker_id":"8fdccf3b-5196-4a03-8de2-362a14c69662-130524487242880","trial_id":61,"param_name":"USE_RMS_SCALING","param_value_internal":0,"distribution":"{\"name\": \"CategoricalDistribution\", \"attributes\": {\"choices\": [true, false]}}"}
{"op_code":0,"worker_id":"93543582-fe40-43e0-b5ac-027ec3b9c8d5-136713277531264","study_name":"cp_pred_levels_L4","directions":[2]}
{"op_code":0,"worker_id":"31574e42-45ff-41a8-a994-723b4c1ea2a1-134757479187584","study_name":"cp_pred_levels_L4","directions":[2]}
{"op_code":4,"worker_id":"93543582-fe40-43e0-b5ac-027ec3b9c8d5-136713277531264","study_id":0,"datetime_start":"2026-04-30T10:59:46.747749"}
{"op_code":4,"worker_id":"31574e42-45ff-41a8-a994-723b4c1ea2a1-134757479187584","study_id":0,"datetime_start":"2026-04-30T10:59:46.759977"}
{"op_code":5,"worker_id":"93543582-fe40-43e0-b5ac-027ec3b9c8d5-136713277531264","trial_id":62,"param_name":"RANK_REGRESS","param_value_internal":33.0,"distribution":"{\"name\": \"IntDistribution\", \"attributes\": {\"log\": false, \"step\": 1, \"low\": 5, \"high\": 80}}"}
{"op_code":5,"worker_id":"31574e42-45ff-41a8-a994-723b4c1ea2a1-134757479187584","trial_id":63,"param_name":"RANK_REGRESS","param_value_internal":33.0,"distribution":"{\"name\": \"IntDistribution\", \"attributes\": {\"log\": false, \"step\": 1, \"low\": 5, \"high\": 80}}"}
{"op_code":5,"worker_id":"93543582-fe40-43e0-b5ac-027ec3b9c8d5-136713277531264","trial_id":62,"param_name":"REG_W","param_value_internal":403.3800832600389,"distribution":"{\"name\": \"FloatDistribution\", \"attributes\": {\"step\": null, \"low\": 1e-05, \"high\": 1000.0, \"log\": true}}"}
{"op_code":5,"worker_id":"31574e42-45ff-41a8-a994-723b4c1ea2a1-134757479187584","trial_id":63,"param_name":"REG_W","param_value_internal":403.3800832600389,"distribution":"{\"name\": \"FloatDistribution\", \"attributes\": {\"step\": null, \"low\": 1e-05, \"high\": 1000.0, \"log\": true}}"}
{"op_code":5,"worker_id":"93543582-fe40-43e0-b5ac-027ec3b9c8d5-136713277531264","trial_id":62,"param_name":"USE_RMS_SCALING","param_value_internal":0,"distribution":"{\"name\": \"CategoricalDistribution\", \"attributes\": {\"choices\": [true, false]}}"}
{"op_code":5,"worker_id":"31574e42-45ff-41a8-a994-723b4c1ea2a1-134757479187584","trial_id":63,"param_name":"USE_RMS_SCALING","param_value_internal":0,"distribution":"{\"name\": \"CategoricalDistribution\", \"attributes\": {\"choices\": [true, false]}}"}
{"op_code":0,"worker_id":"be6a63be-242f-405c-800a-5677b6a03b5f-130398268769408","study_name":"cp_pred_levels_L4","directions":[2]}
{"op_code":4,"worker_id":"be6a63be-242f-405c-800a-5677b6a03b5f-130398268769408","study_id":0,"datetime_start":"2026-04-30T10:59:47.260508"}
{"op_code":5,"worker_id":"be6a63be-242f-405c-800a-5677b6a03b5f-130398268769408","trial_id":64,"param_name":"RANK_REGRESS","param_value_internal":33.0,"distribution":"{\"name\": \"IntDistribution\", \"attributes\": {\"log\": false, \"step\": 1, \"low\": 5, \"high\": 80}}"}
{"op_code":5,"worker_id":"be6a63be-242f-405c-800a-5677b6a03b5f-130398268769408","trial_id":64,"param_name":"REG_W","param_value_internal":403.3800832600389,"distribution":"{\"name\": \"FloatDistribution\", \"attributes\": {\"step\": null, \"low\": 1e-05, \"high\": 1000.0, \"log\": true}}"}
{"op_code":5,"worker_id":"be6a63be-242f-405c-800a-5677b6a03b5f-130398268769408","trial_id":64,"param_name":"USE_RMS_SCALING","param_value_internal":0,"distribution":"{\"name\": \"CategoricalDistribution\", \"attributes\": {\"choices\": [true, false]}}"}
{"op_code":0,"worker_id":"e65f3605-a767-484d-856f-e0e673e8ebe8-127333284574336","study_name":"cp_pred_levels_L4","directions":[2]}
{"op_code":0,"worker_id":"c92fc666-5d43-4fed-8089-a9621eb95057-124871615202432","study_name":"cp_pred_levels_L4","directions":[2]}
{"op_code":0,"worker_id":"a9bb8c71-bb90-4a6a-9847-c4d413e49142-140440711218304","study_name":"cp_pred_levels_L4","directions":[2]}
{"op_code":0,"worker_id":"2377c18a-b32e-442b-b71d-a44a40c63344-140502719349888","study_name":"cp_pred_levels_L4","directions":[2]}
{"op_code":4,"worker_id":"c92fc666-5d43-4fed-8089-a9621eb95057-124871615202432","study_id":0,"datetime_start":"2026-04-30T10:59:47.564435"}
{"op_code":4,"worker_id":"a9bb8c71-bb90-4a6a-9847-c4d413e49142-140440711218304","study_id":0,"datetime_start":"2026-04-30T10:59:47.576705"}
{"op_code":4,"worker_id":"2377c18a-b32e-442b-b71d-a44a40c63344-140502719349888","study_id":0,"datetime_start":"2026-04-30T10:59:47.596107"}
{"op_code":5,"worker_id":"a9bb8c71-bb90-4a6a-9847-c4d413e49142-140440711218304","trial_id":66,"param_name":"RANK_REGRESS","param_value_internal":33.0,"distribution":"{\"name\": \"IntDistribution\", \"attributes\": {\"log\": false, \"step\": 1, \"low\": 5, \"high\": 80}}"}
{"op_code":5,"worker_id":"c92fc666-5d43-4fed-8089-a9621eb95057-124871615202432","trial_id":65,"param_name":"RANK_REGRESS","param_value_internal":33.0,"distribution":"{\"name\": \"IntDistribution\", \"attributes\": {\"log\": false, \"step\": 1, \"low\": 5, \"high\": 80}}"}
{"op_code":5,"worker_id":"2377c18a-b32e-442b-b71d-a44a40c63344-140502719349888","trial_id":67,"param_name":"RANK_REGRESS","param_value_internal":33.0,"distribution":"{\"name\": \"IntDistribution\", \"attributes\": {\"log\": false, \"step\": 1, \"low\": 5, \"high\": 80}}"}
{"op_code":5,"worker_id":"c92fc666-5d43-4fed-8089-a9621eb95057-124871615202432","trial_id":65,"param_name":"REG_W","param_value_internal":403.3800832600389,"distribution":"{\"name\": \"FloatDistribution\", \"attributes\": {\"step\": null, \"low\": 1e-05, \"high\": 1000.0, \"log\": true}}"}
{"op_code":5,"worker_id":"2377c18a-b32e-442b-b71d-a44a40c63344-140502719349888","trial_id":67,"param_name":"REG_W","param_value_internal":403.3800832600389,"distribution":"{\"name\": \"FloatDistribution\", \"attributes\": {\"step\": null, \"low\": 1e-05, \"high\": 1000.0, \"log\": true}}"}
{"op_code":5,"worker_id":"c92fc666-5d43-4fed-8089-a9621eb95057-124871615202432","trial_id":65,"param_name":"USE_RMS_SCALING","param_value_internal":0,"distribution":"{\"name\": \"CategoricalDistribution\", \"attributes\": {\"choices\": [true, false]}}"}
{"op_code":5,"worker_id":"2377c18a-b32e-442b-b71d-a44a40c63344-140502719349888","trial_id":67,"param_name":"USE_RMS_SCALING","param_value_internal":0,"distribution":"{\"name\": \"CategoricalDistribution\", \"attributes\": {\"choices\": [true, false]}}"}
{"op_code":5,"worker_id":"a9bb8c71-bb90-4a6a-9847-c4d413e49142-140440711218304","trial_id":66,"param_name":"REG_W","param_value_internal":403.3800832600389,"distribution":"{\"name\": \"FloatDistribution\", \"attributes\": {\"step\": null, \"low\": 1e-05, \"high\": 1000.0, \"log\": true}}"}
{"op_code":5,"worker_id":"a9bb8c71-bb90-4a6a-9847-c4d413e49142-140440711218304","trial_id":66,"param_name":"USE_RMS_SCALING","param_value_internal":0,"distribution":"{\"name\": \"CategoricalDistribution\", \"attributes\": {\"choices\": [true, false]}}"}
{"op_code":0,"worker_id":"59087d52-0ac5-49bc-9dc5-9667455cc407-136447453779072","study_name":"cp_pred_levels_L4","directions":[2]}
{"op_code":4,"worker_id":"59087d52-0ac5-49bc-9dc5-9667455cc407-136447453779072","study_id":0,"datetime_start":"2026-04-30T10:59:47.843836"}
{"op_code":5,"worker_id":"59087d52-0ac5-49bc-9dc5-9667455cc407-136447453779072","trial_id":68,"param_name":"RANK_REGRESS","param_value_internal":33.0,"distribution":"{\"name\": \"IntDistribution\", \"attributes\": {\"log\": false, \"step\": 1, \"low\": 5, \"high\": 80}}"}
{"op_code":5,"worker_id":"59087d52-0ac5-49bc-9dc5-9667455cc407-136447453779072","trial_id":68,"param_name":"REG_W","param_value_internal":403.3800832600389,"distribution":"{\"name\": \"FloatDistribution\", \"attributes\": {\"step\": null, \"low\": 1e-05, \"high\": 1000.0, \"log\": true}}"}
{"op_code":4,"worker_id":"e65f3605-a767-484d-856f-e0e673e8ebe8-127333284574336","study_id":0,"datetime_start":"2026-04-30T10:59:47.563845"}
{"op_code":5,"worker_id":"59087d52-0ac5-49bc-9dc5-9667455cc407-136447453779072","trial_id":68,"param_name":"USE_RMS_SCALING","param_value_internal":0,"distribution":"{\"name\": \"CategoricalDistribution\", \"attributes\": {\"choices\": [true, false]}}"}
{"op_code":5,"worker_id":"e65f3605-a767-484d-856f-e0e673e8ebe8-127333284574336","trial_id":69,"param_name":"RANK_REGRESS","param_value_internal":33.0,"distribution":"{\"name\": \"IntDistribution\", \"attributes\": {\"log\": false, \"step\": 1, \"low\": 5, \"high\": 80}}"}
{"op_code":5,"worker_id":"e65f3605-a767-484d-856f-e0e673e8ebe8-127333284574336","trial_id":69,"param_name":"REG_W","param_value_internal":403.3800832600389,"distribution":"{\"name\": \"FloatDistribution\", \"attributes\": {\"step\": null, \"low\": 1e-05, \"high\": 1000.0, \"log\": true}}"}
{"op_code":5,"worker_id":"e65f3605-a767-484d-856f-e0e673e8ebe8-127333284574336","trial_id":69,"param_name":"USE_RMS_SCALING","param_value_internal":0,"distribution":"{\"name\": \"CategoricalDistribution\", \"attributes\": {\"choices\": [true, false]}}"}
{"op_code":0,"worker_id":"a11eba43-e054-4236-9652-ea0a2a57f9fd-140273752208512","study_name":"cp_pred_levels_L4","directions":[2]}
{"op_code":4,"worker_id":"a11eba43-e054-4236-9652-ea0a2a57f9fd-140273752208512","study_id":0,"datetime_start":"2026-04-30T10:59:48.096541"}
{"op_code":5,"worker_id":"a11eba43-e054-4236-9652-ea0a2a57f9fd-140273752208512","trial_id":70,"param_name":"RANK_REGRESS","param_value_internal":33.0,"distribution":"{\"name\": \"IntDistribution\", \"attributes\": {\"log\": false, \"step\": 1, \"low\": 5, \"high\": 80}}"}
{"op_code":5,"worker_id":"a11eba43-e054-4236-9652-ea0a2a57f9fd-140273752208512","trial_id":70,"param_name":"REG_W","param_value_internal":403.3800832600389,"distribution":"{\"name\": \"FloatDistribution\", \"attributes\": {\"step\": null, \"low\": 1e-05, \"high\": 1000.0, \"log\": true}}"}
{"op_code":5,"worker_id":"a11eba43-e054-4236-9652-ea0a2a57f9fd-140273752208512","trial_id":70,"param_name":"USE_RMS_SCALING","param_value_internal":0,"distribution":"{\"name\": \"CategoricalDistribution\", \"attributes\": {\"choices\": [true, false]}}"}
{"op_code":0,"worker_id":"86f301fa-1fcc-4913-8c45-a3112a899a68-140285951075456","study_name":"cp_pred_levels_L4","directions":[2]}
{"op_code":4,"worker_id":"86f301fa-1fcc-4913-8c45-a3112a899a68-140285951075456","study_id":0,"datetime_start":"2026-04-30T10:59:48.772714"}
{"op_code":5,"worker_id":"86f301fa-1fcc-4913-8c45-a3112a899a68-140285951075456","trial_id":71,"param_name":"RANK_REGRESS","param_value_internal":33.0,"distribution":"{\"name\": \"IntDistribution\", \"attributes\": {\"log\": false, \"step\": 1, \"low\": 5, \"high\": 80}}"}
{"op_code":5,"worker_id":"86f301fa-1fcc-4913-8c45-a3112a899a68-140285951075456","trial_id":71,"param_name":"REG_W","param_value_internal":403.3800832600389,"distribution":"{\"name\": \"FloatDistribution\", \"attributes\": {\"step\": null, \"low\": 1e-05, \"high\": 1000.0, \"log\": true}}"}
{"op_code":5,"worker_id":"86f301fa-1fcc-4913-8c45-a3112a899a68-140285951075456","trial_id":71,"param_name":"USE_RMS_SCALING","param_value_internal":0,"distribution":"{\"name\": \"CategoricalDistribution\", \"attributes\": {\"choices\": [true, false]}}"}
{"op_code":6,"worker_id":"5f6dad6c-e020-4377-a3e0-6e96a45932b3-133969912501376","trial_id":3,"state":1,"values":[0.7336781355701287],"datetime_complete":"2026-04-30T11:14:42.466381"}
{"op_code":6,"worker_id":"181bb665-47c6-41fb-b15e-02c0b06c4cea-139738095244416","trial_id":31,"state":1,"values":[0.7336781355701287],"datetime_complete":"2026-04-30T11:18:21.137563"}
{"op_code":6,"worker_id":"457fdd4b-042f-45e4-9841-f86d6c35caa1-128282302547072","trial_id":18,"state":1,"values":[0.7336781355701287],"datetime_complete":"2026-04-30T11:18:42.582313"}
{"op_code":6,"worker_id":"ac1aab38-5174-484b-ab07-970ed1c39410-134627180987520","trial_id":5,"state":1,"values":[0.7336781355701287],"datetime_complete":"2026-04-30T11:21:47.236605"}
{"op_code":6,"worker_id":"988c3489-94e9-43f9-8a32-772f6047a1dd-128689722504320","trial_id":25,"state":1,"values":[0.7336781355701287],"datetime_complete":"2026-04-30T11:23:49.112513"}
{"op_code":6,"worker_id":"9117be46-b10e-48f5-b393-bc5cb5eaf050-127828624667776","trial_id":11,"state":1,"values":[0.7336781355701287],"datetime_complete":"2026-04-30T11:29:17.148475"}
{"op_code":6,"worker_id":"f533f65a-0695-46b9-b253-b89bf4da855b-126124592428160","trial_id":20,"state":1,"values":[0.7336781355701287],"datetime_complete":"2026-04-30T11:45:29.421411"}
{"op_code":6,"worker_id":"24bea59d-7f92-42a1-9463-593da5b3d398-133251043632256","trial_id":22,"state":1,"values":[0.7336781355701287],"datetime_complete":"2026-04-30T11:51:37.377319"}
{"op_code":6,"worker_id":"adc92492-5d50-4a9a-bc01-8e62b35a077d-131673059120256","trial_id":9,"state":1,"values":[0.7336781355701287],"datetime_complete":"2026-04-30T11:58:54.683961"}
{"op_code":6,"worker_id":"af1af411-be74-43ae-b3b3-1e9c8a074f44-128254048564352","trial_id":7,"state":1,"values":[0.7336781355701287],"datetime_complete":"2026-04-30T12:00:08.822259"}
{"op_code":6,"worker_id":"fce79032-ffe7-4964-9fed-b71543efcf0b-125104192373888","trial_id":47,"state":1,"values":[0.7336781355701287],"datetime_complete":"2026-04-30T12:01:14.296624"}
{"op_code":6,"worker_id":"fef73264-9d75-4d61-85f2-6a7259fad2e0-140564678329472","trial_id":37,"state":1,"values":[0.7336781355701287],"datetime_complete":"2026-04-30T12:01:19.494811"}
{"op_code":6,"worker_id":"dfd74d95-c248-40f1-9ec1-4b688e01c1bb-133922386404480","trial_id":14,"state":1,"values":[0.7336781355701287],"datetime_complete":"2026-04-30T12:02:15.787335"}
{"op_code":6,"worker_id":"1450cdbe-6ded-487f-aeb5-f77f500a146c-136535019562112","trial_id":33,"state":1,"values":[0.7336781355701287],"datetime_complete":"2026-04-30T12:04:15.681793"}
{"op_code":6,"worker_id":"a52660b5-9589-431d-aec1-b4f291e2034d-127521352901760","trial_id":35,"state":1,"values":[0.7336781355701287],"datetime_complete":"2026-04-30T12:05:30.208035"}
{"op_code":6,"worker_id":"6e32d4a3-21c2-4729-9d30-f0bbd18e5c44-140504136565888","trial_id":8,"state":1,"values":[0.7336781355701287],"datetime_complete":"2026-04-30T12:09:26.218006"}
{"op_code":6,"worker_id":"3819a520-b4ab-4fad-b23f-c24190d64a21-125294761407616","trial_id":36,"state":1,"values":[0.7336781355701287],"datetime_complete":"2026-04-30T12:10:38.311634"}
{"op_code":6,"worker_id":"ba41cdc6-cc82-44a2-861a-d34f32e2d330-130217751692416","trial_id":32,"state":1,"values":[0.7336781355701287],"datetime_complete":"2026-04-30T12:13:31.516558"}
{"op_code":6,"worker_id":"1ae95c80-5326-4284-9176-609fb8c7e775-123481421587584","trial_id":13,"state":1,"values":[0.7336781355701287],"datetime_complete":"2026-04-30T12:16:27.862771"}
{"op_code":6,"worker_id":"4c088e51-37ce-4336-b664-9b0b40936dbb-140404083860608","trial_id":30,"state":1,"values":[0.7336781355701287],"datetime_complete":"2026-04-30T12:19:22.914384"}
{"op_code":6,"worker_id":"9eff5002-2c40-4433-bce9-934be8800049-124206524724352","trial_id":27,"state":1,"values":[0.7336781355701287],"datetime_complete":"2026-04-30T12:21:51.476534"}
{"op_code":6,"worker_id":"f681c610-1050-461a-ab97-8b3c3d0a487b-129462872171648","trial_id":17,"state":1,"values":[0.7336781355701287],"datetime_complete":"2026-04-30T12:24:34.450991"}
{"op_code":6,"worker_id":"65dd6b83-a475-4530-9489-4c6565ab019a-135217088050304","trial_id":34,"state":1,"values":[0.7336781355701287],"datetime_complete":"2026-04-30T12:29:55.284541"}
{"op_code":6,"worker_id":"ccb011cc-60d0-4641-8bd4-082887c60afa-123545107711104","trial_id":16,"state":1,"values":[0.7336781355701287],"datetime_complete":"2026-04-30T12:32:08.988101"}
{"op_code":6,"worker_id":"aaa4caa1-e115-4a2c-afdd-6df4fa71e0f2-130102213801088","trial_id":24,"state":1,"values":[0.7336781355701287],"datetime_complete":"2026-04-30T12:34:17.779276"}
{"op_code":6,"worker_id":"d9c7d85b-fc62-4afb-bd38-296ff993da1e-130972591096960","trial_id":26,"state":1,"values":[0.7336781355701287],"datetime_complete":"2026-04-30T12:35:21.390175"}
{"op_code":6,"worker_id":"b70ade9b-0409-4962-8bd4-d5e0a747f39d-129213375714432","trial_id":4,"state":1,"values":[0.7336781355701287],"datetime_complete":"2026-04-30T12:36:03.414838"}
{"op_code":6,"worker_id":"24d11490-d172-416a-a1c6-5e5dfc991468-136967680631936","trial_id":40,"state":1,"values":[0.7336781355701287],"datetime_complete":"2026-04-30T12:36:20.584135"}
{"op_code":6,"worker_id":"e98e8129-f368-4da0-8014-5c4848ddc6cf-139066294047872","trial_id":39,"state":1,"values":[0.7336781355701287],"datetime_complete":"2026-04-30T12:52:50.760999"}
{"op_code":6,"worker_id":"34f34870-010a-47b9-bd94-3d69df4adae0-132103619728512","trial_id":38,"state":1,"values":[0.7336781355701287],"datetime_complete":"2026-04-30T12:55:24.256058"}
{"op_code":6,"worker_id":"cf23028e-3da1-4c9e-8c9b-46721c38e48d-125384373998720","trial_id":44,"state":1,"values":[0.7336781355701287],"datetime_complete":"2026-04-30T13:09:57.505827"}
{"op_code":6,"worker_id":"2f993df8-4d4c-4aba-b9f9-f9dac1277f60-125388762678400","trial_id":45,"state":1,"values":[0.7336781355701287],"datetime_complete":"2026-04-30T13:26:18.341283"}
{"op_code":6,"worker_id":"93fb7f5d-e796-4d62-a12f-e6d91572114e-126706051761280","trial_id":46,"state":1,"values":[0.7336781355701287],"datetime_complete":"2026-04-30T13:27:11.084620"}
{"op_code":6,"worker_id":"c3c17941-ec8b-4e7d-a1c8-c13968e6762d-133897793488000","trial_id":42,"state":1,"values":[0.7336781355701287],"datetime_complete":"2026-04-30T13:28:44.925208"}
{"op_code":6,"worker_id":"41c36074-442f-4e4e-bb07-e298fe3d28fe-135512161129600","trial_id":41,"state":1,"values":[0.7336781355701287],"datetime_complete":"2026-04-30T13:42:50.605769"}
{"op_code":6,"worker_id":"ec23700a-3820-47bc-af34-a988c5f2f650-129642021676160","trial_id":43,"state":1,"values":[0.7336781355701287],"datetime_complete":"2026-04-30T14:02:43.525807"}
